Archive member included to satisfy reference by file (symbol)

/home/yul/toolchain/arm-gnu-toolchain-12.2.rel1-x86_64-arm-none-eabi/bin/../lib/gcc/arm-none-eabi/12.2.1/../../../../arm-none-eabi/lib/thumb/v8-m.main+fp/hard/libc_nano.a(libc_a-exit.o)
                              /home/yul/toolchain/arm-gnu-toolchain-12.2.rel1-x86_64-arm-none-eabi/bin/../lib/gcc/arm-none-eabi/12.2.1/../../../../arm-none-eabi/lib/thumb/v8-m.main+fp/hard/crt0.o (exit)
/home/yul/toolchain/arm-gnu-toolchain-12.2.rel1-x86_64-arm-none-eabi/bin/../lib/gcc/arm-none-eabi/12.2.1/../../../../arm-none-eabi/lib/thumb/v8-m.main+fp/hard/libc_nano.a(libc_a-init.o)
                              /home/yul/toolchain/arm-gnu-toolchain-12.2.rel1-x86_64-arm-none-eabi/bin/../lib/gcc/arm-none-eabi/12.2.1/../../../../arm-none-eabi/lib/thumb/v8-m.main+fp/hard/crt0.o (__libc_init_array)
/home/yul/toolchain/arm-gnu-toolchain-12.2.rel1-x86_64-arm-none-eabi/bin/../lib/gcc/arm-none-eabi/12.2.1/../../../../arm-none-eabi/lib/thumb/v8-m.main+fp/hard/libc_nano.a(libc_a-findfp.o)
                              /home/yul/toolchain/arm-gnu-toolchain-12.2.rel1-x86_64-arm-none-eabi/bin/../lib/gcc/arm-none-eabi/12.2.1/../../../../arm-none-eabi/lib/thumb/v8-m.main+fp/hard/libc_nano.a(libc_a-exit.o) (__stdio_exit_handler)
/home/yul/toolchain/arm-gnu-toolchain-12.2.rel1-x86_64-arm-none-eabi/bin/../lib/gcc/arm-none-eabi/12.2.1/../../../../arm-none-eabi/lib/thumb/v8-m.main+fp/hard/libc_nano.a(libc_a-stdio.o)
                              /home/yul/toolchain/arm-gnu-toolchain-12.2.rel1-x86_64-arm-none-eabi/bin/../lib/gcc/arm-none-eabi/12.2.1/../../../../arm-none-eabi/lib/thumb/v8-m.main+fp/hard/libc_nano.a(libc_a-findfp.o) (__sread)
/home/yul/toolchain/arm-gnu-toolchain-12.2.rel1-x86_64-arm-none-eabi/bin/../lib/gcc/arm-none-eabi/12.2.1/../../../../arm-none-eabi/lib/thumb/v8-m.main+fp/hard/libc_nano.a(libc_a-writer.o)
                              /home/yul/toolchain/arm-gnu-toolchain-12.2.rel1-x86_64-arm-none-eabi/bin/../lib/gcc/arm-none-eabi/12.2.1/../../../../arm-none-eabi/lib/thumb/v8-m.main+fp/hard/libc_nano.a(libc_a-stdio.o) (_write_r)
/home/yul/toolchain/arm-gnu-toolchain-12.2.rel1-x86_64-arm-none-eabi/bin/../lib/gcc/arm-none-eabi/12.2.1/../../../../arm-none-eabi/lib/thumb/v8-m.main+fp/hard/libc_nano.a(libc_a-fwalk.o)
                              /home/yul/toolchain/arm-gnu-toolchain-12.2.rel1-x86_64-arm-none-eabi/bin/../lib/gcc/arm-none-eabi/12.2.1/../../../../arm-none-eabi/lib/thumb/v8-m.main+fp/hard/libc_nano.a(libc_a-findfp.o) (_fwalk_sglue)
/home/yul/toolchain/arm-gnu-toolchain-12.2.rel1-x86_64-arm-none-eabi/bin/../lib/gcc/arm-none-eabi/12.2.1/../../../../arm-none-eabi/lib/thumb/v8-m.main+fp/hard/libc_nano.a(libc_a-memset.o)
                              /home/yul/toolchain/arm-gnu-toolchain-12.2.rel1-x86_64-arm-none-eabi/bin/../lib/gcc/arm-none-eabi/12.2.1/../../../../arm-none-eabi/lib/thumb/v8-m.main+fp/hard/crt0.o (memset)
/home/yul/toolchain/arm-gnu-toolchain-12.2.rel1-x86_64-arm-none-eabi/bin/../lib/gcc/arm-none-eabi/12.2.1/../../../../arm-none-eabi/lib/thumb/v8-m.main+fp/hard/libc_nano.a(libc_a-lock.o)
                              /home/yul/toolchain/arm-gnu-toolchain-12.2.rel1-x86_64-arm-none-eabi/bin/../lib/gcc/arm-none-eabi/12.2.1/../../../../arm-none-eabi/lib/thumb/v8-m.main+fp/hard/libc_nano.a(libc_a-findfp.o) (__retarget_lock_init_recursive)
/home/yul/toolchain/arm-gnu-toolchain-12.2.rel1-x86_64-arm-none-eabi/bin/../lib/gcc/arm-none-eabi/12.2.1/../../../../arm-none-eabi/lib/thumb/v8-m.main+fp/hard/libc_nano.a(libc_a-closer.o)
                              /home/yul/toolchain/arm-gnu-toolchain-12.2.rel1-x86_64-arm-none-eabi/bin/../lib/gcc/arm-none-eabi/12.2.1/../../../../arm-none-eabi/lib/thumb/v8-m.main+fp/hard/libc_nano.a(libc_a-stdio.o) (_close_r)
/home/yul/toolchain/arm-gnu-toolchain-12.2.rel1-x86_64-arm-none-eabi/bin/../lib/gcc/arm-none-eabi/12.2.1/../../../../arm-none-eabi/lib/thumb/v8-m.main+fp/hard/libc_nano.a(libc_a-reent.o)
                              /home/yul/toolchain/arm-gnu-toolchain-12.2.rel1-x86_64-arm-none-eabi/bin/../lib/gcc/arm-none-eabi/12.2.1/../../../../arm-none-eabi/lib/thumb/v8-m.main+fp/hard/libc_nano.a(libc_a-writer.o) (errno)
/home/yul/toolchain/arm-gnu-toolchain-12.2.rel1-x86_64-arm-none-eabi/bin/../lib/gcc/arm-none-eabi/12.2.1/../../../../arm-none-eabi/lib/thumb/v8-m.main+fp/hard/libc_nano.a(libc_a-impure.o)
                              /home/yul/toolchain/arm-gnu-toolchain-12.2.rel1-x86_64-arm-none-eabi/bin/../lib/gcc/arm-none-eabi/12.2.1/../../../../arm-none-eabi/lib/thumb/v8-m.main+fp/hard/libc_nano.a(libc_a-reent.o) (_impure_ptr)
/home/yul/toolchain/arm-gnu-toolchain-12.2.rel1-x86_64-arm-none-eabi/bin/../lib/gcc/arm-none-eabi/12.2.1/../../../../arm-none-eabi/lib/thumb/v8-m.main+fp/hard/libc_nano.a(libc_a-fflush.o)
[...]
Memory Configuration

Name             Origin             Length             Attributes
RAM              0x0000000020000000 0x0000000000030000 xrw
RAM2             0x0000000020030000 0x0000000000010000 xrw
ROM              0x0000000008000000 0x0000000000080000 xr
*default*        0x0000000000000000 0xffffffffffffffff

Linker script and memory map

LOAD /home/yul/toolchain/arm-gnu-toolchain-12.2.rel1-x86_64-arm-none-eabi/bin/../lib/gcc/arm-none-eabi/12.2.1/thumb/v8-m.main+fp/hard/crti.o
LOAD /home/yul/toolchain/arm-gnu-toolchain-12.2.rel1-x86_64-arm-none-eabi/bin/../lib/gcc/arm-none-eabi/12.2.1/thumb/v8-m.main+fp/hard/crtbegin.o
LOAD /home/yul/toolchain/arm-gnu-toolchain-12.2.rel1-x86_64-arm-none-eabi/bin/../lib/gcc/arm-none-eabi/12.2.1/../../../../arm-none-eabi/lib/thumb/v8-m.main+fp/hard/crt0.o
LOAD build/main.o
LOAD build/stm32l5xx_it.o
LOAD build/stm32l5xx_hal_msp.o
LOAD build/usbd_conf.o
LOAD build/usb_device.o
LOAD build/usbd_desc.o
LOAD build/stm32l5xx_hal_pcd.o
LOAD build/stm32l5xx_hal_pcd_ex.o
LOAD build/stm32l5xx_ll_usb.o
LOAD build/stm32l5xx_hal.o
LOAD build/stm32l5xx_hal_i2c.o
LOAD build/stm32l5xx_hal_i2c_ex.o
LOAD build/stm32l5xx_hal_rcc.o
LOAD build/stm32l5xx_hal_rcc_ex.o
LOAD build/stm32l5xx_hal_flash.o
LOAD build/stm32l5xx_hal_flash_ex.o
LOAD build/stm32l5xx_hal_flash_ramfunc.o
LOAD build/stm32l5xx_hal_gpio.o
LOAD build/stm32l5xx_hal_dma.o
LOAD build/stm32l5xx_hal_dma_ex.o
LOAD build/stm32l5xx_hal_exti.o
LOAD build/stm32l5xx_hal_pwr.o
LOAD build/stm32l5xx_hal_pwr_ex.o
LOAD build/stm32l5xx_hal_cortex.o
LOAD build/stm32l5xx_hal_icache.o
LOAD build/stm32l5xx_hal_tim.o
LOAD build/stm32l5xx_hal_tim_ex.o
LOAD build/stm32l5xx_hal_uart.o
LOAD build/stm32l5xx_hal_uart_ex.o
LOAD build/system_stm32l5xx.o
LOAD build/usbd_core.o
LOAD build/usbd_ctlreq.o
LOAD build/usbd_ioreq.o
LOAD build/usbd_hid.o
LOAD build/startup_stm32l562xx.o
LOAD /home/yul/toolchain/arm-gnu-toolchain-12.2.rel1-x86_64-arm-none-eabi/bin/../lib/gcc/arm-none-eabi/12.2.1/../../../../arm-none-eabi/lib/thumb/v8-m.main+fp/hard/libc_nano.a
LOAD /home/yul/toolchain/arm-gnu-toolchain-12.2.rel1-x86_64-arm-none-eabi/bin/../lib/gcc/arm-none-eabi/12.2.1/../../../../arm-none-eabi/lib/thumb/v8-m.main+fp/hard/libm.a
LOAD /home/yul/toolchain/arm-gnu-toolchain-12.2.rel1-x86_64-arm-none-eabi/bin/../lib/gcc/arm-none-eabi/12.2.1/../../../../arm-none-eabi/lib/thumb/v8-m.main+fp/hard/libnosys.a
START GROUP
LOAD /home/yul/toolchain/arm-gnu-toolchain-12.2.rel1-x86_64-arm-none-eabi/bin/../lib/gcc/arm-none-eabi/12.2.1/thumb/v8-m.main+fp/hard/libgcc.a
LOAD /home/yul/toolchain/arm-gnu-toolchain-12.2.rel1-x86_64-arm-none-eabi/bin/../lib/gcc/arm-none-eabi/12.2.1/../../../../arm-none-eabi/lib/thumb/v8-m.main+fp/hard/libc_nano.a
END GROUP
START GROUP
LOAD /home/yul/toolchain/arm-gnu-toolchain-12.2.rel1-x86_64-arm-none-eabi/bin/../lib/gcc/arm-none-eabi/12.2.1/thumb/v8-m.main+fp/hard/libgcc.a
LOAD /home/yul/toolchain/arm-gnu-toolchain-12.2.rel1-x86_64-arm-none-eabi/bin/../lib/gcc/arm-none-eabi/12.2.1/../../../../arm-none-eabi/lib/thumb/v8-m.main+fp/hard/libc_nano.a
END GROUP
LOAD /home/yul/toolchain/arm-gnu-toolchain-12.2.rel1-x86_64-arm-none-eabi/bin/../lib/gcc/arm-none-eabi/12.2.1/thumb/v8-m.main+fp/hard/crtend.o
LOAD /home/yul/toolchain/arm-gnu-toolchain-12.2.rel1-x86_64-arm-none-eabi/bin/../lib/gcc/arm-none-eabi/12.2.1/thumb/v8-m.main+fp/hard/crtn.o
                0x0000000020030000                _estack = (ORIGIN (RAM) + LENGTH (RAM))
                0x0000000000000200                _Min_Heap_Size = 0x200
                0x0000000000004000                _Min_Stack_Size = 0x4000

.isr_vector     0x0000000008000000      0x1f8
                0x0000000008000000                . = ALIGN (0x8)
 *(.isr_vector)
 .isr_vector    0x0000000008000000      0x1f4 build/startup_stm32l562xx.o
                0x0000000008000000                g_pfnVectors
                0x00000000080001f8                . = ALIGN (0x8)
 *fill*         0x00000000080001f4        0x4 

.text           0x00000000080001f8     0x5c58
                0x00000000080001f8                . = ALIGN (0x8)
 *(.text)
 .text          0x00000000080001f8       0x30 /home/yul/toolchain/arm-gnu-toolchain-12.2.rel1-x86_64-arm-none-eabi/bin/../lib/gcc/arm-none-eabi/12.2.1/thumb/v8-m.main+fp/hard/libgcc.a(_aeabi_uldivmod.o)
                0x00000000080001f8                __aeabi_uldivmod
 .text          0x0000000008000228        0x4 /home/yul/toolchain/arm-gnu-toolchain-12.2.rel1-x86_64-arm-none-eabi/bin/../lib/gcc/arm-none-eabi/12.2.1/thumb/v8-m.main+fp/hard/libgcc.a(_dvmd_tls.o)
                0x0000000008000228                __aeabi_ldiv0
                0x0000000008000228                __aeabi_idiv0
 *(.text*)
 .text.deregister_tm_clones
                0x000000000800022c       0x1c /home/yul/toolchain/arm-gnu-toolchain-12.2.rel1-x86_64-arm-none-eabi/bin/../lib/gcc/arm-none-eabi/12.2.1/thumb/v8-m.main+fp/hard/crtbegin.o
 .text.register_tm_clones
                0x0000000008000248       0x28 /home/yul/toolchain/arm-gnu-toolchain-12.2.rel1-x86_64-arm-none-eabi/bin/../lib/gcc/arm-none-eabi/12.2.1/thumb/v8-m.main+fp/hard/crtbegin.o
 .text.__do_global_dtors_aux
                0x0000000008000270       0x28 /home/yul/toolchain/arm-gnu-toolchain-12.2.rel1-x86_64-arm-none-eabi/bin/../lib/gcc/arm-none-eabi/12.2.1/thumb/v8-m.main+fp/hard/crtbegin.o
 .text.frame_dummy
                0x0000000008000298       0x24 /home/yul/toolchain/arm-gnu-toolchain-12.2.rel1-x86_64-arm-none-eabi/bin/../lib/gcc/arm-none-eabi/12.2.1/thumb/v8-m.main+fp/hard/crtbegin.o
 .text.MX_GPIO_Init
                0x00000000080002bc       0xec build/main.o
 .text.Error_Handler
                0x00000000080003a8        0x4 build/main.o
                0x00000000080003a8                Error_Handler
 .text.MX_I2C1_Init
                0x00000000080003ac       0x58 build/main.o
 .text.MX_I2C2_Init
                0x0000000008000404       0x58 build/main.o
 .text.MX_USART3_UART_Init
                0x000000000800045c       0x60 build/main.o
 .text.MX_ICACHE_Init
                0x00000000080004bc       0x1a build/main.o
 .text.SystemClock_Config
                0x00000000080004d6       0x76 build/main.o
                0x00000000080004d6                SystemClock_Config
 .text.main     0x000000000800054c       0xa0 build/main.o
                0x000000000800054c                main
 .text.NMI_Handler
                0x00000000080005ec        0x2 build/stm32l5xx_it.o
                0x00000000080005ec                NMI_Handler
 .text.HardFault_Handler
                0x00000000080005ee        0x2 build/stm32l5xx_it.o
                0x00000000080005ee                HardFault_Handler
 .text.MemManage_Handler
                0x00000000080005f0        0x2 build/stm32l5xx_it.o
                0x00000000080005f0                MemManage_Handler
 .text.BusFault_Handler
                0x00000000080005f2        0x2 build/stm32l5xx_it.o
                0x00000000080005f2                BusFault_Handler
 .text.UsageFault_Handler
                0x00000000080005f4        0x2 build/stm32l5xx_it.o
                0x00000000080005f4                UsageFault_Handler
 .text.SVC_Handler
                0x00000000080005f6        0x2 build/stm32l5xx_it.o
                0x00000000080005f6                SVC_Handler
 .text.DebugMon_Handler
                0x00000000080005f8        0x2 build/stm32l5xx_it.o
                0x00000000080005f8                DebugMon_Handler
 .text.PendSV_Handler
                0x00000000080005fa        0x2 build/stm32l5xx_it.o
                0x00000000080005fa                PendSV_Handler
 .text.SysTick_Handler
                0x00000000080005fc        0x8 build/stm32l5xx_it.o
                0x00000000080005fc                SysTick_Handler
 .text.USB_FS_IRQHandler
                0x0000000008000604       0x10 build/stm32l5xx_it.o
                0x0000000008000604                USB_FS_IRQHandler
 .text.HAL_MspInit
                0x0000000008000614       0x38 build/stm32l5xx_hal_msp.o
                0x0000000008000614                HAL_MspInit
 .text.HAL_I2C_MspInit
                0x000000000800064c       0xe8 build/stm32l5xx_hal_msp.o
                0x000000000800064c                HAL_I2C_MspInit
 .text.HAL_UART_MspInit
                0x0000000008000734       0x88 build/stm32l5xx_hal_msp.o
                0x0000000008000734                HAL_UART_MspInit
 .text.USBD_Get_USB_Status
                0x00000000080007bc       0x14 build/usbd_conf.o
 .text.SystemClockConfig_Resume
                0x00000000080007d0        0x8 build/usbd_conf.o
 .text.HAL_PCD_MspInit
                0x00000000080007d8       0xbc build/usbd_conf.o
                0x00000000080007d8                HAL_PCD_MspInit
 .text.HAL_PCD_SetupStageCallback
                0x0000000008000894       0x10 build/usbd_conf.o
                0x0000000008000894                HAL_PCD_SetupStageCallback
 .text.HAL_PCD_DataOutStageCallback
                0x00000000080008a4       0x18 build/usbd_conf.o
                0x00000000080008a4                HAL_PCD_DataOutStageCallback
 .text.HAL_PCD_DataInStageCallback
                0x00000000080008bc       0x16 build/usbd_conf.o
                0x00000000080008bc                HAL_PCD_DataInStageCallback
 .text.HAL_PCD_SOFCallback
                0x00000000080008d2        0xc build/usbd_conf.o
                0x00000000080008d2                HAL_PCD_SOFCallback
 .text.HAL_PCD_ResetCallback
                0x00000000080008de       0x24 build/usbd_conf.o
                0x00000000080008de                HAL_PCD_ResetCallback
 *fill*         0x0000000008000902        0x2 
 .text.HAL_PCD_SuspendCallback
                0x0000000008000904       0x20 build/usbd_conf.o
                0x0000000008000904                HAL_PCD_SuspendCallback
 .text.HAL_PCD_ResumeCallback
                0x0000000008000924       0x28 build/usbd_conf.o
                0x0000000008000924                HAL_PCD_ResumeCallback
 .text.USBD_LL_Init
                0x000000000800094c       0x70 build/usbd_conf.o
                0x000000000800094c                USBD_LL_Init
 .text.USBD_LL_Start
                0x00000000080009bc       0x10 build/usbd_conf.o
                0x00000000080009bc                USBD_LL_Start
 .text.USBD_LL_OpenEP
                0x00000000080009cc       0x16 build/usbd_conf.o
                0x00000000080009cc                USBD_LL_OpenEP
 .text.USBD_LL_CloseEP
                0x00000000080009e2       0x10 build/usbd_conf.o
                0x00000000080009e2                USBD_LL_CloseEP
 .text.USBD_LL_StallEP
                0x00000000080009f2       0x10 build/usbd_conf.o
                0x00000000080009f2                USBD_LL_StallEP
 .text.USBD_LL_ClearStallEP
                0x0000000008000a02       0x10 build/usbd_conf.o
                0x0000000008000a02                USBD_LL_ClearStallEP
 .text.USBD_LL_IsStallEP
                0x0000000008000a12       0x2e build/usbd_conf.o
                0x0000000008000a12                USBD_LL_IsStallEP
 .text.USBD_LL_SetUSBAddress
                0x0000000008000a40       0x10 build/usbd_conf.o
                0x0000000008000a40                USBD_LL_SetUSBAddress
 .text.USBD_LL_Transmit
                0x0000000008000a50       0x10 build/usbd_conf.o
                0x0000000008000a50                USBD_LL_Transmit
 .text.USBD_LL_PrepareReceive
                0x0000000008000a60       0x10 build/usbd_conf.o
                0x0000000008000a60                USBD_LL_PrepareReceive
 .text.USBD_static_malloc
                0x0000000008000a70        0x8 build/usbd_conf.o
                0x0000000008000a70                USBD_static_malloc
 .text.USBD_static_free
                0x0000000008000a78        0x2 build/usbd_conf.o
                0x0000000008000a78                USBD_static_free
 *fill*         0x0000000008000a7a        0x2 
 .text.MX_USB_Device_Init
                0x0000000008000a7c       0x40 build/usb_device.o
                0x0000000008000a7c                MX_USB_Device_Init
 .text.USBD_HID_DeviceDescriptor
                0x0000000008000abc        0xc build/usbd_desc.o
                0x0000000008000abc                USBD_HID_DeviceDescriptor
 .text.USBD_HID_LangIDStrDescriptor
                0x0000000008000ac8        0xc build/usbd_desc.o
                0x0000000008000ac8                USBD_HID_LangIDStrDescriptor
 .text.IntToUnicode
                0x0000000008000ad4       0x46 build/usbd_desc.o
 *fill*         0x0000000008000b1a        0x2 
 .text.Get_SerialNum
                0x0000000008000b1c       0x38 build/usbd_desc.o
 .text.USBD_HID_SerialStrDescriptor
                0x0000000008000b54       0x14 build/usbd_desc.o
                0x0000000008000b54                USBD_HID_SerialStrDescriptor
 .text.USBD_HID_ProductStrDescriptor
                0x0000000008000b68       0x24 build/usbd_desc.o
                0x0000000008000b68                USBD_HID_ProductStrDescriptor
 .text.USBD_HID_ManufacturerStrDescriptor
                0x0000000008000b8c       0x1c build/usbd_desc.o
                0x0000000008000b8c                USBD_HID_ManufacturerStrDescriptor
 .text.USBD_HID_ConfigStrDescriptor
                0x0000000008000ba8       0x24 build/usbd_desc.o
                0x0000000008000ba8                USBD_HID_ConfigStrDescriptor
 .text.USBD_HID_InterfaceStrDescriptor
                0x0000000008000bcc       0x24 build/usbd_desc.o
                0x0000000008000bcc                USBD_HID_InterfaceStrDescriptor
 .text.HAL_PCD_EP_DB_Receive
                0x0000000008000bf0      0x118 build/stm32l5xx_hal_pcd.o
 .text.HAL_PCD_Init
                0x0000000008000d08       0xdc build/stm32l5xx_hal_pcd.o
                0x0000000008000d08                HAL_PCD_Init
 .text.HAL_PCD_Start
                0x0000000008000de4       0x2a build/stm32l5xx_hal_pcd.o
                0x0000000008000de4                HAL_PCD_Start
 .text.HAL_PCD_EP_DB_Transmit
                0x0000000008000e0e      0x414 build/stm32l5xx_hal_pcd.o
 .text.PCD_EP_ISR_Handler
                0x0000000008001222      0x520 build/stm32l5xx_hal_pcd.o
 .text.HAL_PCD_SetAddress
                0x0000000008001742       0x28 build/stm32l5xx_hal_pcd.o
                0x0000000008001742                HAL_PCD_SetAddress
 .text.HAL_PCD_IRQHandler
                0x000000000800176a      0x1b2 build/stm32l5xx_hal_pcd.o
                0x000000000800176a                HAL_PCD_IRQHandler
 .text.HAL_PCD_EP_Open
                0x000000000800191c       0x7c build/stm32l5xx_hal_pcd.o
                0x000000000800191c                HAL_PCD_EP_Open
 .text.HAL_PCD_EP_Close
                0x0000000008001998       0x64 build/stm32l5xx_hal_pcd.o
                0x0000000008001998                HAL_PCD_EP_Close
 .text.HAL_PCD_EP_Receive
                0x00000000080019fc       0x3a build/stm32l5xx_hal_pcd.o
                0x00000000080019fc                HAL_PCD_EP_Receive
 .text.HAL_PCD_EP_Transmit
                0x0000000008001a36       0x44 build/stm32l5xx_hal_pcd.o
                0x0000000008001a36                HAL_PCD_EP_Transmit
 .text.HAL_PCD_EP_SetStall
                0x0000000008001a7a       0x6a build/stm32l5xx_hal_pcd.o
                0x0000000008001a7a                HAL_PCD_EP_SetStall
 .text.HAL_PCD_EP_ClrStall
                0x0000000008001ae4       0x76 build/stm32l5xx_hal_pcd.o
                0x0000000008001ae4                HAL_PCD_EP_ClrStall
 .text.HAL_PCDEx_PMAConfig
                0x0000000008001b5a       0x38 build/stm32l5xx_hal_pcd_ex.o
                0x0000000008001b5a                HAL_PCDEx_PMAConfig
 .text.HAL_PCDEx_ActivateLPM
                0x0000000008001b92       0x2c build/stm32l5xx_hal_pcd_ex.o
                0x0000000008001b92                HAL_PCDEx_ActivateLPM
 .text.HAL_PCDEx_LPM_Callback
                0x0000000008001bbe        0x2 build/stm32l5xx_hal_pcd_ex.o
                0x0000000008001bbe                HAL_PCDEx_LPM_Callback
 .text.USB_EnableGlobalInt
                0x0000000008001bc0       0x12 build/stm32l5xx_ll_usb.o
                0x0000000008001bc0                USB_EnableGlobalInt
 .text.USB_DisableGlobalInt
                0x0000000008001bd2       0x14 build/stm32l5xx_ll_usb.o
                0x0000000008001bd2                USB_DisableGlobalInt
 .text.USB_DevInit
                0x0000000008001be6       0x22 build/stm32l5xx_ll_usb.o
                0x0000000008001be6                USB_DevInit
 .text.USB_ActivateEndpoint
                0x0000000008001c08      0x3ca build/stm32l5xx_ll_usb.o
                0x0000000008001c08                USB_ActivateEndpoint
 .text.USB_DeactivateEndpoint
                0x0000000008001fd2      0x1d6 build/stm32l5xx_ll_usb.o
                0x0000000008001fd2                USB_DeactivateEndpoint
 .text.USB_EPSetStall
                0x00000000080021a8       0x4a build/stm32l5xx_ll_usb.o
                0x00000000080021a8                USB_EPSetStall
 .text.USB_EPClearStall
                0x00000000080021f2       0xa2 build/stm32l5xx_ll_usb.o
                0x00000000080021f2                USB_EPClearStall
 .text.USB_SetDevAddress
                0x0000000008002294        0xc build/stm32l5xx_ll_usb.o
                0x0000000008002294                USB_SetDevAddress
 .text.USB_DevConnect
                0x00000000080022a0       0x16 build/stm32l5xx_ll_usb.o
                0x00000000080022a0                USB_DevConnect
 .text.USB_ReadInterrupts
                0x00000000080022b6        0x8 build/stm32l5xx_ll_usb.o
                0x00000000080022b6                USB_ReadInterrupts
 .text.USB_WritePMA
                0x00000000080022be       0x24 build/stm32l5xx_ll_usb.o
                0x00000000080022be                USB_WritePMA
 .text.USB_EPStartXfer
                0x00000000080022e2      0x7ce build/stm32l5xx_ll_usb.o
                0x00000000080022e2                USB_EPStartXfer
 .text.USB_ReadPMA
                0x0000000008002ab0       0x30 build/stm32l5xx_ll_usb.o
                0x0000000008002ab0                USB_ReadPMA
 .text.HAL_InitTick
                0x0000000008002ae0       0x50 build/stm32l5xx_hal.o
                0x0000000008002ae0                HAL_InitTick
 .text.HAL_Init
                0x0000000008002b30       0x22 build/stm32l5xx_hal.o
                0x0000000008002b30                HAL_Init
 *fill*         0x0000000008002b52        0x2 
 .text.HAL_IncTick
                0x0000000008002b54       0x18 build/stm32l5xx_hal.o
                0x0000000008002b54                HAL_IncTick
 .text.HAL_GetTick
                0x0000000008002b6c        0xc build/stm32l5xx_hal.o
                0x0000000008002b6c                HAL_GetTick
 .text.HAL_Delay
                0x0000000008002b78       0x28 build/stm32l5xx_hal.o
                0x0000000008002b78                HAL_Delay
 .text.HAL_I2C_Init
                0x0000000008002ba0       0xbc build/stm32l5xx_hal_i2c.o
                0x0000000008002ba0                HAL_I2C_Init
 .text.HAL_I2CEx_ConfigAnalogFilter
                0x0000000008002c5c       0x5c build/stm32l5xx_hal_i2c_ex.o
                0x0000000008002c5c                HAL_I2CEx_ConfigAnalogFilter
 .text.HAL_I2CEx_ConfigDigitalFilter
                0x0000000008002cb8       0x58 build/stm32l5xx_hal_i2c_ex.o
                0x0000000008002cb8                HAL_I2CEx_ConfigDigitalFilter
 .text.RCC_GetSysClockFreqFromPLLSource
                0x0000000008002d10       0x90 build/stm32l5xx_hal_rcc.o
 .text.RCC_SetFlashLatencyFromMSIRange
                0x0000000008002da0       0x94 build/stm32l5xx_hal_rcc.o
 .text.HAL_RCC_GetSysClockFreq
                0x0000000008002e34       0xd8 build/stm32l5xx_hal_rcc.o
                0x0000000008002e34                HAL_RCC_GetSysClockFreq
 .text.HAL_RCC_GetHCLKFreq
                0x0000000008002f0c       0x20 build/stm32l5xx_hal_rcc.o
                0x0000000008002f0c                HAL_RCC_GetHCLKFreq
 .text.HAL_RCC_OscConfig
                0x0000000008002f2c      0x7b4 build/stm32l5xx_hal_rcc.o
                0x0000000008002f2c                HAL_RCC_OscConfig
 .text.HAL_RCC_ClockConfig
                0x00000000080036e0      0x1fc build/stm32l5xx_hal_rcc.o
                0x00000000080036e0                HAL_RCC_ClockConfig
 .text.HAL_RCC_GetPCLK1Freq
                0x00000000080038dc       0x20 build/stm32l5xx_hal_rcc.o
                0x00000000080038dc                HAL_RCC_GetPCLK1Freq
 .text.HAL_RCC_GetPCLK2Freq
                0x00000000080038fc       0x20 build/stm32l5xx_hal_rcc.o
                0x00000000080038fc                HAL_RCC_GetPCLK2Freq
 .text.RCCEx_PLLSAI2_Config
                0x000000000800391c       0xe0 build/stm32l5xx_hal_rcc_ex.o
 .text.RCCEx_PLLSAI1_Config
                0x00000000080039fc      0x140 build/stm32l5xx_hal_rcc_ex.o
 .text.HAL_RCCEx_PeriphCLKConfig
                0x0000000008003b3c      0x568 build/stm32l5xx_hal_rcc_ex.o
                0x0000000008003b3c                HAL_RCCEx_PeriphCLKConfig
 .text.HAL_GPIO_Init
                0x00000000080040a4      0x1c8 build/stm32l5xx_hal_gpio.o
                0x00000000080040a4                HAL_GPIO_Init
 .text.HAL_GPIO_WritePin
                0x000000000800426c        0xa build/stm32l5xx_hal_gpio.o
                0x000000000800426c                HAL_GPIO_WritePin
 *fill*         0x0000000008004276        0x2 
 .text.HAL_PWREx_GetVoltageRange
                0x0000000008004278       0x10 build/stm32l5xx_hal_pwr_ex.o
                0x0000000008004278                HAL_PWREx_GetVoltageRange
 .text.HAL_PWREx_EnableVddUSB
                0x0000000008004288       0x10 build/stm32l5xx_hal_pwr_ex.o
                0x0000000008004288                HAL_PWREx_EnableVddUSB
 .text.HAL_PWREx_DisableUCPDDeadBattery
                0x0000000008004298       0x10 build/stm32l5xx_hal_pwr_ex.o
                0x0000000008004298                HAL_PWREx_DisableUCPDDeadBattery
 .text.HAL_PWREx_SMPS_GetEffectiveMode
                0x00000000080042a8       0x24 build/stm32l5xx_hal_pwr_ex.o
                0x00000000080042a8                HAL_PWREx_SMPS_GetEffectiveMode
 .text.HAL_PWREx_ControlVoltageScaling
                0x00000000080042cc       0x90 build/stm32l5xx_hal_pwr_ex.o
                0x00000000080042cc                HAL_PWREx_ControlVoltageScaling
 .text.__NVIC_EnableIRQ
                0x000000000800435c       0x1c build/stm32l5xx_hal_cortex.o
 .text.__NVIC_SetPriority
                0x0000000008004378       0x28 build/stm32l5xx_hal_cortex.o
 .text.NVIC_EncodePriority
                0x00000000080043a0       0x3e build/stm32l5xx_hal_cortex.o
 *fill*         0x00000000080043de        0x2 
 .text.HAL_NVIC_SetPriorityGrouping
                0x00000000080043e0       0x24 build/stm32l5xx_hal_cortex.o
                0x00000000080043e0                HAL_NVIC_SetPriorityGrouping
 .text.HAL_NVIC_SetPriority
                0x0000000008004404       0x20 build/stm32l5xx_hal_cortex.o
                0x0000000008004404                HAL_NVIC_SetPriority
 .text.HAL_NVIC_EnableIRQ
                0x0000000008004424        0x8 build/stm32l5xx_hal_cortex.o
                0x0000000008004424                HAL_NVIC_EnableIRQ
 .text.HAL_SYSTICK_Config
                0x000000000800442c       0x28 build/stm32l5xx_hal_cortex.o
                0x000000000800442c                HAL_SYSTICK_Config
 .text.HAL_ICACHE_ConfigAssociativityMode
                0x0000000008004454       0x24 build/stm32l5xx_hal_icache.o
                0x0000000008004454                HAL_ICACHE_ConfigAssociativityMode
 .text.HAL_ICACHE_Enable
                0x0000000008004478       0x14 build/stm32l5xx_hal_icache.o
                0x0000000008004478                HAL_ICACHE_Enable
 .text.UART_EndRxTransfer
                0x000000000800448c       0x56 build/stm32l5xx_hal_uart.o
 *fill*         0x00000000080044e2        0x2 
 .text.UART_SetConfig
                0x00000000080044e4      0x38c build/stm32l5xx_hal_uart.o
                0x00000000080044e4                UART_SetConfig
 .text.UART_AdvFeatureConfig
                0x0000000008004870       0xca build/stm32l5xx_hal_uart.o
                0x0000000008004870                UART_AdvFeatureConfig
 .text.UART_WaitOnFlagUntilTimeout
                0x000000000800493a       0x96 build/stm32l5xx_hal_uart.o
                0x000000000800493a                UART_WaitOnFlagUntilTimeout
 .text.UART_CheckIdleState
                0x00000000080049d0       0xca build/stm32l5xx_hal_uart.o
                0x00000000080049d0                UART_CheckIdleState
 .text.HAL_UART_Init
                0x0000000008004a9a       0x66 build/stm32l5xx_hal_uart.o
                0x0000000008004a9a                HAL_UART_Init
 .text.UARTEx_SetNbDataToProcess
                0x0000000008004b00       0x4c build/stm32l5xx_hal_uart_ex.o
 .text.HAL_UARTEx_DisableFifoMode
                0x0000000008004b4c       0x3e build/stm32l5xx_hal_uart_ex.o
                0x0000000008004b4c                HAL_UARTEx_DisableFifoMode
 .text.HAL_UARTEx_SetTxFifoThreshold
                0x0000000008004b8a       0x4a build/stm32l5xx_hal_uart_ex.o
                0x0000000008004b8a                HAL_UARTEx_SetTxFifoThreshold
 .text.HAL_UARTEx_SetRxFifoThreshold
                0x0000000008004bd4       0x4a build/stm32l5xx_hal_uart_ex.o
                0x0000000008004bd4                HAL_UARTEx_SetRxFifoThreshold
 *fill*         0x0000000008004c1e        0x2 
 .text.SystemInit
                0x0000000008004c20       0x14 build/system_stm32l5xx.o
                0x0000000008004c20                SystemInit
 .text.SystemCoreClockUpdate
                0x0000000008004c34       0xd8 build/system_stm32l5xx.o
                0x0000000008004c34                SystemCoreClockUpdate
 .text.USBD_Init
                0x0000000008004d0c       0x2e build/usbd_core.o
                0x0000000008004d0c                USBD_Init
 .text.USBD_RegisterClass
                0x0000000008004d3a       0x34 build/usbd_core.o
                0x0000000008004d3a                USBD_RegisterClass
 .text.USBD_Start
                0x0000000008004d6e        0x8 build/usbd_core.o
                0x0000000008004d6e                USBD_Start
 .text.USBD_SetClassConfig
                0x0000000008004d76       0x12 build/usbd_core.o
                0x0000000008004d76                USBD_SetClassConfig
 .text.USBD_ClrClassConfig
                0x0000000008004d88       0x12 build/usbd_core.o
                0x0000000008004d88                USBD_ClrClassConfig
 .text.USBD_LL_SetupStage
                0x0000000008004d9a       0x58 build/usbd_core.o
                0x0000000008004d9a                USBD_LL_SetupStage
 .text.USBD_LL_Reset
                0x0000000008004df2       0x64 build/usbd_core.o
                0x0000000008004df2                USBD_LL_Reset
 .text.USBD_LL_SetSpeed
                0x0000000008004e56        0x6 build/usbd_core.o
                0x0000000008004e56                USBD_LL_SetSpeed
 .text.USBD_LL_Suspend
                0x0000000008004e5c       0x1e build/usbd_core.o
                0x0000000008004e5c                USBD_LL_Suspend
 .text.USBD_LL_Resume
                0x0000000008004e7a       0x1a build/usbd_core.o
                0x0000000008004e7a                USBD_LL_Resume
 .text.USBD_LL_SOF
                0x0000000008004e94       0x22 build/usbd_core.o
                0x0000000008004e94                USBD_LL_SOF
 .text.USBD_CoreFindIF
                0x0000000008004eb6        0x4 build/usbd_core.o
                0x0000000008004eb6                USBD_CoreFindIF
 .text.USBD_CoreFindEP
                0x0000000008004eba        0x4 build/usbd_core.o
                0x0000000008004eba                USBD_CoreFindEP
 .text.USBD_LL_DataOutStage
                0x0000000008004ebe       0xc6 build/usbd_core.o
                0x0000000008004ebe                USBD_LL_DataOutStage
 .text.USBD_LL_DataInStage
                0x0000000008004f84       0xd6 build/usbd_core.o
                0x0000000008004f84                USBD_LL_DataInStage
 .text.USBD_GetNextDesc
                0x000000000800505a        0xe build/usbd_core.o
                0x000000000800505a                USBD_GetNextDesc
 .text.USBD_GetEpDesc
                0x0000000008005068       0x3e build/usbd_core.o
                0x0000000008005068                USBD_GetEpDesc
 .text.USBD_GetLen
                0x00000000080050a6       0x14 build/usbd_ctlreq.o
 .text.USBD_ParseSetupRequest
                0x00000000080050ba       0x28 build/usbd_ctlreq.o
                0x00000000080050ba                USBD_ParseSetupRequest
 .text.USBD_CtlError
                0x00000000080050e2       0x14 build/usbd_ctlreq.o
                0x00000000080050e2                USBD_CtlError
 .text.USBD_GetDescriptor
                0x00000000080050f6      0x18a build/usbd_ctlreq.o
 .text.USBD_SetAddress
                0x0000000008005280       0x50 build/usbd_ctlreq.o
 .text.USBD_SetConfig
                0x00000000080052d0       0xcc build/usbd_ctlreq.o
 .text.USBD_GetConfig
                0x000000000800539c       0x40 build/usbd_ctlreq.o
 .text.USBD_GetStatus
                0x00000000080053dc       0x38 build/usbd_ctlreq.o
 .text.USBD_SetFeature
                0x0000000008005414       0x2a build/usbd_ctlreq.o
 .text.USBD_ClrFeature
                0x000000000800543e       0x26 build/usbd_ctlreq.o
 .text.USBD_StdDevReq
                0x0000000008005464       0x76 build/usbd_ctlreq.o
                0x0000000008005464                USBD_StdDevReq
 .text.USBD_StdItfReq
                0x00000000080054da       0x84 build/usbd_ctlreq.o
                0x00000000080054da                USBD_StdItfReq
 .text.USBD_StdEPReq
                0x000000000800555e      0x230 build/usbd_ctlreq.o
                0x000000000800555e                USBD_StdEPReq
 .text.USBD_GetString
                0x000000000800578e       0x3a build/usbd_ctlreq.o
                0x000000000800578e                USBD_GetString
 .text.USBD_CtlSendData
                0x00000000080057c8       0x1a build/usbd_ioreq.o
                0x00000000080057c8                USBD_CtlSendData
 .text.USBD_CtlContinueSendData
                0x00000000080057e2       0x10 build/usbd_ioreq.o
                0x00000000080057e2                USBD_CtlContinueSendData
 .text.USBD_CtlContinueRx
                0x00000000080057f2       0x10 build/usbd_ioreq.o
                0x00000000080057f2                USBD_CtlContinueRx
 .text.USBD_CtlSendStatus
                0x0000000008005802       0x16 build/usbd_ioreq.o
                0x0000000008005802                USBD_CtlSendStatus
 .text.USBD_CtlReceiveStatus
                0x0000000008005818       0x16 build/usbd_ioreq.o
                0x0000000008005818                USBD_CtlReceiveStatus
 .text.USBD_HID_DataIn
                0x000000000800582e       0x10 build/usbd_hid.o
 *fill*         0x000000000800583e        0x2 
 .text.USBD_HID_GetDeviceQualifierDesc
                0x0000000008005840        0xc build/usbd_hid.o
 .text.USBD_HID_GetOtherSpeedCfgDesc
                0x000000000800584c       0x20 build/usbd_hid.o
 .text.USBD_HID_GetFSCfgDesc
                0x000000000800586c       0x20 build/usbd_hid.o
 .text.USBD_HID_GetHSCfgDesc
                0x000000000800588c       0x20 build/usbd_hid.o
 .text.USBD_HID_Setup
                0x00000000080058ac      0x12c build/usbd_hid.o
 .text.USBD_HID_DeInit
                0x00000000080059d8       0x30 build/usbd_hid.o
 .text.USBD_HID_Init
                0x0000000008005a08       0x50 build/usbd_hid.o
 .text.USBD_HID_SendReport
                0x0000000008005a58       0x44 build/usbd_hid.o
                0x0000000008005a58                USBD_HID_SendReport
 .text.Reset_Handler
                0x0000000008005a9c       0x50 build/startup_stm32l562xx.o
                0x0000000008005a9c                Reset_Handler
 .text.Default_Handler
                0x0000000008005aec        0x2 build/startup_stm32l562xx.o
                0x0000000008005aec                EXTI2_IRQHandler
                0x0000000008005aec                TIM8_TRG_COM_IRQHandler
                0x0000000008005aec                TIM8_CC_IRQHandler
                0x0000000008005aec                EXTI5_IRQHandler
                0x0000000008005aec                FLASH_S_IRQHandler
                0x0000000008005aec                EXTI13_IRQHandler
                0x0000000008005aec                TIM1_CC_IRQHandler
                0x0000000008005aec                TSC_IRQHandler
                0x0000000008005aec                TAMP_IRQHandler
                0x0000000008005aec                TIM6_IRQHandler
                0x0000000008005aec                EXTI12_IRQHandler
                0x0000000008005aec                DMA2_Channel8_IRQHandler
                0x0000000008005aec                EXTI3_IRQHandler
                0x0000000008005aec                EXTI8_IRQHandler
                0x0000000008005aec                LPTIM2_IRQHandler
                0x0000000008005aec                DFSDM1_FLT1_IRQHandler
                0x0000000008005aec                I2C3_ER_IRQHandler
                0x0000000008005aec                DFSDM1_FLT2_IRQHandler
                0x0000000008005aec                DMAMUX1_IRQHandler
                0x0000000008005aec                LPTIM3_IRQHandler
                0x0000000008005aec                EXTI0_IRQHandler
                0x0000000008005aec                I2C2_EV_IRQHandler
                0x0000000008005aec                FPU_IRQHandler
                0x0000000008005aec                FDCAN1_IT1_IRQHandler
                0x0000000008005aec                ADC1_2_IRQHandler
                0x0000000008005aec                SPI1_IRQHandler
                0x0000000008005aec                OCTOSPI1_IRQHandler
                0x0000000008005aec                TIM8_UP_IRQHandler
                0x0000000008005aec                RCC_S_IRQHandler
                0x0000000008005aec                DMA2_Channel2_IRQHandler
                0x0000000008005aec                DMA1_Channel4_IRQHandler
                0x0000000008005aec                SAI2_IRQHandler
                0x0000000008005aec                DFSDM1_FLT3_IRQHandler
                0x0000000008005aec                PKA_IRQHandler
                0x0000000008005aec                EXTI15_IRQHandler
                0x0000000008005aec                TIM17_IRQHandler
                0x0000000008005aec                USART3_IRQHandler
                0x0000000008005aec                RTC_IRQHandler
                0x0000000008005aec                EXTI9_IRQHandler
                0x0000000008005aec                DMA1_Channel7_IRQHandler
                0x0000000008005aec                UART5_IRQHandler
                0x0000000008005aec                TIM4_IRQHandler
                0x0000000008005aec                DMA2_Channel1_IRQHandler
                0x0000000008005aec                I2C1_EV_IRQHandler
                0x0000000008005aec                DMA1_Channel6_IRQHandler
                0x0000000008005aec                TIM16_IRQHandler
                0x0000000008005aec                UART4_IRQHandler
                0x0000000008005aec                DMA2_Channel4_IRQHandler
                0x0000000008005aec                SecureFault_Handler
                0x0000000008005aec                TIM3_IRQHandler
                0x0000000008005aec                RCC_IRQHandler
                0x0000000008005aec                TIM1_TRG_COM_IRQHandler
                0x0000000008005aec                DMA1_Channel1_IRQHandler
                0x0000000008005aec                Default_Handler
                0x0000000008005aec                DMA2_Channel7_IRQHandler
                0x0000000008005aec                OTFDEC1_IRQHandler
                0x0000000008005aec                DMA1_Channel8_IRQHandler
                0x0000000008005aec                TIM7_IRQHandler
                0x0000000008005aec                SDMMC1_IRQHandler
                0x0000000008005aec                TIM5_IRQHandler
                0x0000000008005aec                UCPD1_IRQHandler
                0x0000000008005aec                TIM15_IRQHandler
                0x0000000008005aec                I2C3_EV_IRQHandler
                0x0000000008005aec                PVD_PVM_IRQHandler
                0x0000000008005aec                SPI2_IRQHandler
                0x0000000008005aec                EXTI14_IRQHandler
                0x0000000008005aec                EXTI11_IRQHandler
                0x0000000008005aec                DMA2_Channel5_IRQHandler
                0x0000000008005aec                CRS_IRQHandler
                0x0000000008005aec                DMA1_Channel5_IRQHandler
                0x0000000008005aec                EXTI4_IRQHandler
                0x0000000008005aec                RTC_S_IRQHandler
                0x0000000008005aec                RNG_IRQHandler
                0x0000000008005aec                DMAMUX1_S_IRQHandler
                0x0000000008005aec                DMA1_Channel3_IRQHandler
                0x0000000008005aec                COMP_IRQHandler
                0x0000000008005aec                TIM1_UP_IRQHandler
                0x0000000008005aec                WWDG_IRQHandler
                0x0000000008005aec                I2C4_EV_IRQHandler
                0x0000000008005aec                LPUART1_IRQHandler
                0x0000000008005aec                DMA2_Channel6_IRQHandler
                0x0000000008005aec                FDCAN1_IT0_IRQHandler
                0x0000000008005aec                TIM2_IRQHandler
                0x0000000008005aec                TAMP_S_IRQHandler
                0x0000000008005aec                EXTI7_IRQHandler
                0x0000000008005aec                TIM1_BRK_IRQHandler
                0x0000000008005aec                DAC_IRQHandler
                0x0000000008005aec                EXTI1_IRQHandler
                0x0000000008005aec                AES_IRQHandler
                0x0000000008005aec                GTZC_IRQHandler
                0x0000000008005aec                USART2_IRQHandler
                0x0000000008005aec                DFSDM1_FLT0_IRQHandler
                0x0000000008005aec                I2C2_ER_IRQHandler
                0x0000000008005aec                DMA1_Channel2_IRQHandler
                0x0000000008005aec                TIM8_BRK_IRQHandler
                0x0000000008005aec                FLASH_IRQHandler
                0x0000000008005aec                USART1_IRQHandler
                0x0000000008005aec                EXTI10_IRQHandler
                0x0000000008005aec                SPI3_IRQHandler
                0x0000000008005aec                I2C1_ER_IRQHandler
                0x0000000008005aec                FMC_IRQHandler
                0x0000000008005aec                EXTI6_IRQHandler
                0x0000000008005aec                LPTIM1_IRQHandler
                0x0000000008005aec                I2C4_ER_IRQHandler
                0x0000000008005aec                ICACHE_IRQHandler
                0x0000000008005aec                SAI1_IRQHandler
                0x0000000008005aec                HASH_IRQHandler
                0x0000000008005aec                DMA2_Channel3_IRQHandler
 *fill*         0x0000000008005aee        0x2 
 .text.__libc_init_array
                0x0000000008005af0       0x48 /home/yul/toolchain/arm-gnu-toolchain-12.2.rel1-x86_64-arm-none-eabi/bin/../lib/gcc/arm-none-eabi/12.2.1/../../../../arm-none-eabi/lib/thumb/v8-m.main+fp/hard/libc_nano.a(libc_a-init.o)
                0x0000000008005af0                __libc_init_array
 .text.memset   0x0000000008005b38       0x10 /home/yul/toolchain/arm-gnu-toolchain-12.2.rel1-x86_64-arm-none-eabi/bin/../lib/gcc/arm-none-eabi/12.2.1/../../../../arm-none-eabi/lib/thumb/v8-m.main+fp/hard/libc_nano.a(libc_a-memset.o)
                0x0000000008005b38                memset
 .text.__udivmoddi4
                0x0000000008005b48      0x2ec /home/yul/toolchain/arm-gnu-toolchain-12.2.rel1-x86_64-arm-none-eabi/bin/../lib/gcc/arm-none-eabi/12.2.1/thumb/v8-m.main+fp/hard/libgcc.a(_udivmoddi4.o)
                0x0000000008005b48                __udivmoddi4
 *(.glue_7)
 .glue_7        0x0000000008005e34        0x0 linker stubs
 *(.glue_7t)
 .glue_7t       0x0000000008005e34        0x0 linker stubs
 *(.eh_frame)
 .eh_frame      0x0000000008005e34        0x0 /home/yul/toolchain/arm-gnu-toolchain-12.2.rel1-x86_64-arm-none-eabi/bin/../lib/gcc/arm-none-eabi/12.2.1/thumb/v8-m.main+fp/hard/crtbegin.o
 *(.init)
 .init          0x0000000008005e34        0x4 /home/yul/toolchain/arm-gnu-toolchain-12.2.rel1-x86_64-arm-none-eabi/bin/../lib/gcc/arm-none-eabi/12.2.1/thumb/v8-m.main+fp/hard/crti.o
                0x0000000008005e34                _init
 .init          0x0000000008005e38        0x8 /home/yul/toolchain/arm-gnu-toolchain-12.2.rel1-x86_64-arm-none-eabi/bin/../lib/gcc/arm-none-eabi/12.2.1/thumb/v8-m.main+fp/hard/crtn.o
 *(.fini)
 .fini          0x0000000008005e40        0x4 /home/yul/toolchain/arm-gnu-toolchain-12.2.rel1-x86_64-arm-none-eabi/bin/../lib/gcc/arm-none-eabi/12.2.1/thumb/v8-m.main+fp/hard/crti.o
                0x0000000008005e40                _fini
 .fini          0x0000000008005e44        0x8 /home/yul/toolchain/arm-gnu-toolchain-12.2.rel1-x86_64-arm-none-eabi/bin/../lib/gcc/arm-none-eabi/12.2.1/thumb/v8-m.main+fp/hard/crtn.o
                0x0000000008005e50                . = ALIGN (0x8)
 *fill*         0x0000000008005e4c        0x4 
                0x0000000008005e50                _etext = .

.vfp11_veneer   0x0000000008005e50        0x0
 .vfp11_veneer  0x0000000008005e50        0x0 linker stubs

.v4_bx          0x0000000008005e50        0x0
 .v4_bx         0x0000000008005e50        0x0 linker stubs

.iplt           0x0000000008005e50        0x0
 .iplt          0x0000000008005e50        0x0 /home/yul/toolchain/arm-gnu-toolchain-12.2.rel1-x86_64-arm-none-eabi/bin/../lib/gcc/arm-none-eabi/12.2.1/thumb/v8-m.main+fp/hard/crtbegin.o

.rodata         0x0000000008005e50       0xc8
                0x0000000008005e50                . = ALIGN (0x8)
 *(.rodata)
 *(.rodata*)
 .rodata.USBD_HID_ProductStrDescriptor.str1.4
                0x0000000008005e50       0x16 build/usbd_desc.o
 *fill*         0x0000000008005e66        0x2 
 .rodata.USBD_HID_ManufacturerStrDescriptor.str1.4
                0x0000000008005e68       0x13 build/usbd_desc.o
 *fill*         0x0000000008005e7b        0x1 
 .rodata.USBD_HID_ConfigStrDescriptor.str1.4
                0x0000000008005e7c        0xb build/usbd_desc.o
 *fill*         0x0000000008005e87        0x1 
 .rodata.USBD_HID_InterfaceStrDescriptor.str1.4
                0x0000000008005e88        0xe build/usbd_desc.o
 *fill*         0x0000000008005e96        0x2 
 .rodata.UARTPrescTable
                0x0000000008005e98       0x18 build/stm32l5xx_hal_uart.o
                0x0000000008005e98                UARTPrescTable
 .rodata.denominator.0
                0x0000000008005eb0        0x8 build/stm32l5xx_hal_uart_ex.o
 .rodata.numerator.1
                0x0000000008005eb8        0x8 build/stm32l5xx_hal_uart_ex.o
 .rodata.MSIRangeTable
                0x0000000008005ec0       0x40 build/system_stm32l5xx.o
                0x0000000008005ec0                MSIRangeTable
 .rodata.APBPrescTable
                0x0000000008005f00        0x8 build/system_stm32l5xx.o
                0x0000000008005f00                APBPrescTable
 .rodata.AHBPrescTable
                0x0000000008005f08       0x10 build/system_stm32l5xx.o
                0x0000000008005f08                AHBPrescTable
                0x0000000008005f18                . = ALIGN (0x8)

.ARM.extab      0x0000000008005f18        0x0
                0x0000000008005f18                . = ALIGN (0x8)
 *(.ARM.extab* .gnu.linkonce.armextab.*)
                0x0000000008005f18                . = ALIGN (0x8)

.ARM            0x0000000008005f18        0x8
                0x0000000008005f18                . = ALIGN (0x8)
                0x0000000008005f18                __exidx_start = .
 *(.ARM.exidx*)
 .ARM.exidx.text.__udivmoddi4
                0x0000000008005f18        0x8 /home/yul/toolchain/arm-gnu-toolchain-12.2.rel1-x86_64-arm-none-eabi/bin/../lib/gcc/arm-none-eabi/12.2.1/thumb/v8-m.main+fp/hard/libgcc.a(_udivmoddi4.o)
                0x0000000008005f20                __exidx_end = .
                0x0000000008005f20                . = ALIGN (0x8)

.rel.dyn        0x0000000008005f20        0x0
 .rel.iplt      0x0000000008005f20        0x0 /home/yul/toolchain/arm-gnu-toolchain-12.2.rel1-x86_64-arm-none-eabi/bin/../lib/gcc/arm-none-eabi/12.2.1/thumb/v8-m.main+fp/hard/crtbegin.o

.preinit_array  0x0000000008005f20        0x0
                0x0000000008005f20                . = ALIGN (0x8)
                0x0000000008005f20                PROVIDE (__preinit_array_start = .)
 *(.preinit_array*)
                0x0000000008005f20                PROVIDE (__preinit_array_end = .)
                0x0000000008005f20                . = ALIGN (0x8)

.init_array     0x0000000008005f20        0x8
                0x0000000008005f20                . = ALIGN (0x8)
                0x0000000008005f20                PROVIDE (__init_array_start = .)
 *(SORT_BY_NAME(.init_array.*))
 *(.init_array*)
 .init_array    0x0000000008005f20        0x4 /home/yul/toolchain/arm-gnu-toolchain-12.2.rel1-x86_64-arm-none-eabi/bin/../lib/gcc/arm-none-eabi/12.2.1/thumb/v8-m.main+fp/hard/crtbegin.o
                0x0000000008005f24                PROVIDE (__init_array_end = .)
                0x0000000008005f28                . = ALIGN (0x8)
 *fill*         0x0000000008005f24        0x4 

.fini_array     0x0000000008005f28        0x8
                0x0000000008005f28                . = ALIGN (0x8)
                [!provide]                        PROVIDE (__fini_array_start = .)
 *(SORT_BY_NAME(.fini_array.*))
 *(.fini_array*)
 .fini_array    0x0000000008005f28        0x4 /home/yul/toolchain/arm-gnu-toolchain-12.2.rel1-x86_64-arm-none-eabi/bin/../lib/gcc/arm-none-eabi/12.2.1/thumb/v8-m.main+fp/hard/crtbegin.o
                [!provide]                        PROVIDE (__fini_array_end = .)
                0x0000000008005f30                . = ALIGN (0x8)
 *fill*         0x0000000008005f2c        0x4 
                0x0000000008005f30                _sidata = LOADADDR (.data)

.data           0x0000000020000000      0x120 load address 0x0000000008005f30
                0x0000000020000000                . = ALIGN (0x8)
                0x0000000020000000                _sdata = .
 *(.data)
 *(.data*)
 .data.USBD_StringSerial
                0x0000000020000000       0x1a build/usbd_desc.o
                0x0000000020000000                USBD_StringSerial
 *fill*         0x000000002000001a        0x2 
 .data.USBD_LangIDDesc
                0x000000002000001c        0x4 build/usbd_desc.o
                0x000000002000001c                USBD_LangIDDesc
 .data.USBD_HID_DeviceDesc
                0x0000000020000020       0x12 build/usbd_desc.o
                0x0000000020000020                USBD_HID_DeviceDesc
 *fill*         0x0000000020000032        0x2 
 .data.HID_Desc
                0x0000000020000034       0x1c build/usbd_desc.o
                0x0000000020000034                HID_Desc
 .data.uwTickFreq
                0x0000000020000050        0x1 build/stm32l5xx_hal.o
                0x0000000020000050                uwTickFreq
 *fill*         0x0000000020000051        0x3 
 .data.uwTickPrio
                0x0000000020000054        0x4 build/stm32l5xx_hal.o
                0x0000000020000054                uwTickPrio
 .data.SystemCoreClock
                0x0000000020000058        0x4 build/system_stm32l5xx.o
                0x0000000020000058                SystemCoreClock
 .data.HID_KEYBOARD_ReportDesc
                0x000000002000005c       0x4e build/usbd_hid.o
 *fill*         0x00000000200000aa        0x2 
 .data.USBD_HID_DeviceQualifierDesc
                0x00000000200000ac        0xa build/usbd_hid.o
 *fill*         0x00000000200000b6        0x2 
 .data.USBD_HID_Desc
                0x00000000200000b8        0x9 build/usbd_hid.o
 *fill*         0x00000000200000c1        0x3 
 .data.USBD_HID_CfgDesc
                0x00000000200000c4       0x22 build/usbd_hid.o
 *fill*         0x00000000200000e6        0x2 
 .data.USBD_HID
                0x00000000200000e8       0x38 build/usbd_hid.o
                0x00000000200000e8                USBD_HID
                0x0000000020000120                . = ALIGN (0x8)
                0x0000000020000120                _edata = .

.tm_clone_table
                0x0000000020000120        0x0 load address 0x0000000008006050
 .tm_clone_table
                0x0000000020000120        0x0 /home/yul/toolchain/arm-gnu-toolchain-12.2.rel1-x86_64-arm-none-eabi/bin/../lib/gcc/arm-none-eabi/12.2.1/thumb/v8-m.main+fp/hard/crtbegin.o
 .tm_clone_table
                0x0000000020000120        0x0 /home/yul/toolchain/arm-gnu-toolchain-12.2.rel1-x86_64-arm-none-eabi/bin/../lib/gcc/arm-none-eabi/12.2.1/thumb/v8-m.main+fp/hard/crtend.o

.igot.plt       0x0000000020000120        0x0 load address 0x0000000008006050
 .igot.plt      0x0000000020000120        0x0 /home/yul/toolchain/arm-gnu-toolchain-12.2.rel1-x86_64-arm-none-eabi/bin/../lib/gcc/arm-none-eabi/12.2.1/thumb/v8-m.main+fp/hard/crtbegin.o
                0x0000000020000120                . = ALIGN (0x8)

.bss            0x0000000020000120      0x948 load address 0x0000000008006050
                0x0000000020000120                _sbss = .
                0x0000000020000120                __bss_start__ = _sbss
 *(.bss)
 *(.bss*)
 .bss.completed.1
                0x0000000020000120        0x1 /home/yul/toolchain/arm-gnu-toolchain-12.2.rel1-x86_64-arm-none-eabi/bin/../lib/gcc/arm-none-eabi/12.2.1/thumb/v8-m.main+fp/hard/crtbegin.o
 *fill*         0x0000000020000121        0x3 
 .bss.object.0  0x0000000020000124       0x18 /home/yul/toolchain/arm-gnu-toolchain-12.2.rel1-x86_64-arm-none-eabi/bin/../lib/gcc/arm-none-eabi/12.2.1/thumb/v8-m.main+fp/hard/crtbegin.o
 .bss.huart3    0x000000002000013c       0x94 build/main.o
                0x000000002000013c                huart3
 .bss.hi2c2     0x00000000200001d0       0x54 build/main.o
                0x00000000200001d0                hi2c2
 .bss.hi2c1     0x0000000020000224       0x54 build/main.o
                0x0000000020000224                hi2c1
 .bss.mem.0     0x0000000020000278       0x14 build/usbd_conf.o
 .bss.hpcd_USB_FS
                0x000000002000028c      0x2f4 build/usbd_conf.o
                0x000000002000028c                hpcd_USB_FS
 .bss.hUsbDeviceFS
                0x0000000020000580      0x2dc build/usb_device.o
                0x0000000020000580                hUsbDeviceFS
 .bss.USBD_StrDesc
                0x000000002000085c      0x200 build/usbd_desc.o
                0x000000002000085c                USBD_StrDesc
 .bss.uwTick    0x0000000020000a5c        0x4 build/stm32l5xx_hal.o
                0x0000000020000a5c                uwTick
 .bss.cfgidx.0  0x0000000020000a60        0x1 build/usbd_ctlreq.o
 *(COMMON)
                0x0000000020000a68                . = ALIGN (0x8)
 *fill*         0x0000000020000a61        0x7 
                0x0000000020000a68                _ebss = .
                0x0000000020000a68                __bss_end__ = _ebss

._user_heap_stack
                0x0000000020000a68     0x4200 load address 0x0000000008006050
                0x0000000020000a68                . = ALIGN (0x8)
                0x0000000020000a68                PROVIDE (end = .)
                [!provide]                        PROVIDE (_end = .)
                0x0000000020000c68                . = (. + _Min_Heap_Size)
 *fill*         0x0000000020000a68      0x200 
                0x0000000020004c68                . = (. + _Min_Stack_Size)
 *fill*         0x0000000020000c68     0x4000 
                0x0000000020004c68                . = ALIGN (0x8)

/DISCARD/
 libc.a(*)
 libm.a(*)
 libgcc.a(*)

.ARM.attributes
                0x0000000000000000       0x36
 *(.ARM.attributes)
 .ARM.attributes
                0x0000000000000000       0x26 /home/yul/toolchain/arm-gnu-toolchain-12.2.rel1-x86_64-arm-none-eabi/bin/../lib/gcc/arm-none-eabi/12.2.1/thumb/v8-m.main+fp/hard/crti.o
 .ARM.attributes
                0x0000000000000026       0x38 /home/yul/toolchain/arm-gnu-toolchain-12.2.rel1-x86_64-arm-none-eabi/bin/../lib/gcc/arm-none-eabi/12.2.1/thumb/v8-m.main+fp/hard/crtbegin.o
 .ARM.attributes
                0x000000000000005e       0x3a build/main.o
 .ARM.attributes
                0x0000000000000098       0x3a build/stm32l5xx_it.o
 .ARM.attributes
                0x00000000000000d2       0x3a build/stm32l5xx_hal_msp.o
 .ARM.attributes
                0x000000000000010c       0x3a build/usbd_conf.o
 .ARM.attributes
                0x0000000000000146       0x3a build/usb_device.o
 .ARM.attributes
                0x0000000000000180       0x3a build/usbd_desc.o
 .ARM.attributes
                0x00000000000001ba       0x3a build/stm32l5xx_hal_pcd.o
 .ARM.attributes
                0x00000000000001f4       0x3a build/stm32l5xx_hal_pcd_ex.o
 .ARM.attributes
                0x000000000000022e       0x3a build/stm32l5xx_ll_usb.o
 .ARM.attributes
                0x0000000000000268       0x3a build/stm32l5xx_hal.o
 .ARM.attributes
                0x00000000000002a2       0x3a build/stm32l5xx_hal_i2c.o
 .ARM.attributes
                0x00000000000002dc       0x3a build/stm32l5xx_hal_i2c_ex.o
 .ARM.attributes
                0x0000000000000316       0x3a build/stm32l5xx_hal_rcc.o
 .ARM.attributes
                0x0000000000000350       0x3a build/stm32l5xx_hal_rcc_ex.o
 .ARM.attributes
                0x000000000000038a       0x3a build/stm32l5xx_hal_gpio.o
 .ARM.attributes
                0x00000000000003c4       0x3a build/stm32l5xx_hal_pwr_ex.o
 .ARM.attributes
                0x00000000000003fe       0x3a build/stm32l5xx_hal_cortex.o
 .ARM.attributes
                0x0000000000000438       0x3a build/stm32l5xx_hal_icache.o
 .ARM.attributes
                0x0000000000000472       0x3a build/stm32l5xx_hal_uart.o
 .ARM.attributes
                0x00000000000004ac       0x3a build/stm32l5xx_hal_uart_ex.o
 .ARM.attributes
                0x00000000000004e6       0x3a build/system_stm32l5xx.o
 .ARM.attributes
                0x0000000000000520       0x3a build/usbd_core.o
 .ARM.attributes
                0x000000000000055a       0x3a build/usbd_ctlreq.o
 .ARM.attributes
                0x0000000000000594       0x3a build/usbd_ioreq.o
 .ARM.attributes
                0x00000000000005ce       0x3a build/usbd_hid.o
 .ARM.attributes
                0x0000000000000608       0x24 build/startup_stm32l562xx.o
 .ARM.attributes
                0x000000000000062c       0x38 /home/yul/toolchain/arm-gnu-toolchain-12.2.rel1-x86_64-arm-none-eabi/bin/../lib/gcc/arm-none-eabi/12.2.1/../../../../arm-none-eabi/lib/thumb/v8-m.main+fp/hard/libc_nano.a(libc_a-init.o)
 .ARM.attributes
                0x0000000000000664       0x38 /home/yul/toolchain/arm-gnu-toolchain-12.2.rel1-x86_64-arm-none-eabi/bin/../lib/gcc/arm-none-eabi/12.2.1/../../../../arm-none-eabi/lib/thumb/v8-m.main+fp/hard/libc_nano.a(libc_a-memset.o)
 .ARM.attributes
                0x000000000000069c       0x26 /home/yul/toolchain/arm-gnu-toolchain-12.2.rel1-x86_64-arm-none-eabi/bin/../lib/gcc/arm-none-eabi/12.2.1/thumb/v8-m.main+fp/hard/libgcc.a(_aeabi_uldivmod.o)
 .ARM.attributes
                0x00000000000006c2       0x38 /home/yul/toolchain/arm-gnu-toolchain-12.2.rel1-x86_64-arm-none-eabi/bin/../lib/gcc/arm-none-eabi/12.2.1/thumb/v8-m.main+fp/hard/libgcc.a(_udivmoddi4.o)
 .ARM.attributes
                0x00000000000006fa       0x26 /home/yul/toolchain/arm-gnu-toolchain-12.2.rel1-x86_64-arm-none-eabi/bin/../lib/gcc/arm-none-eabi/12.2.1/thumb/v8-m.main+fp/hard/libgcc.a(_dvmd_tls.o)
 .ARM.attributes
                0x0000000000000720       0x38 /home/yul/toolchain/arm-gnu-toolchain-12.2.rel1-x86_64-arm-none-eabi/bin/../lib/gcc/arm-none-eabi/12.2.1/thumb/v8-m.main+fp/hard/crtend.o
 .ARM.attributes
                0x0000000000000758       0x26 /home/yul/toolchain/arm-gnu-toolchain-12.2.rel1-x86_64-arm-none-eabi/bin/../lib/gcc/arm-none-eabi/12.2.1/thumb/v8-m.main+fp/hard/crtn.o
OUTPUT(build/asus_falchion.elf elf32-littlearm)
LOAD linker stubs
LOAD /home/yul/toolchain/arm-gnu-toolchain-12.2.rel1-x86_64-arm-none-eabi/bin/../lib/gcc/arm-none-eabi/12.2.1/../../../../arm-none-eabi/lib/thumb/v8-m.main+fp/hard/libc.a
LOAD /home/yul/toolchain/arm-gnu-toolchain-12.2.rel1-x86_64-arm-none-eabi/bin/../lib/gcc/arm-none-eabi/12.2.1/../../../../arm-none-eabi/lib/thumb/v8-m.main+fp/hard/libm.a
LOAD /home/yul/toolchain/arm-gnu-toolchain-12.2.rel1-x86_64-arm-none-eabi/bin/../lib/gcc/arm-none-eabi/12.2.1/thumb/v8-m.main+fp/hard/libgcc.a

.debug_info     0x0000000000000000    0x247a6
 .debug_info    0x0000000000000000     0x2079 build/main.o
 .debug_info    0x0000000000002079      0x774 build/stm32l5xx_it.o
 .debug_info    0x00000000000027ed     0x1782 build/stm32l5xx_hal_msp.o
 .debug_info    0x0000000000003f6f     0x2b14 build/usbd_conf.o
 .debug_info    0x0000000000006a83      0x758 build/usb_device.o
 .debug_info    0x00000000000071db      0x647 build/usbd_desc.o
 .debug_info    0x0000000000007822     0x1dbd build/stm32l5xx_hal_pcd.o
 .debug_info    0x00000000000095df      0xa9d build/stm32l5xx_hal_pcd_ex.o
 .debug_info    0x000000000000a07c     0x1b43 build/stm32l5xx_ll_usb.o
 .debug_info    0x000000000000bbbf      0xf8b build/stm32l5xx_hal.o
 .debug_info    0x000000000000cb4a     0x45a2 build/stm32l5xx_hal_i2c.o
 .debug_info    0x00000000000110ec      0xdf7 build/stm32l5xx_hal_i2c_ex.o
 .debug_info    0x0000000000011ee3     0x154a build/stm32l5xx_hal_rcc.o
 .debug_info    0x000000000001342d     0x18fb build/stm32l5xx_hal_rcc_ex.o
 .debug_info    0x0000000000014d28      0x728 build/stm32l5xx_hal_gpio.o
 .debug_info    0x0000000000015450     0x109b build/stm32l5xx_hal_pwr_ex.o
 .debug_info    0x00000000000164eb     0x1563 build/stm32l5xx_hal_cortex.o
 .debug_info    0x0000000000017a4e      0x6bf build/stm32l5xx_hal_icache.o
 .debug_info    0x000000000001810d     0x67ce build/stm32l5xx_hal_uart.o
 .debug_info    0x000000000001e8db     0x144a build/stm32l5xx_hal_uart_ex.o
 .debug_info    0x000000000001fd25      0x8fb build/system_stm32l5xx.o
 .debug_info    0x0000000000020620     0x143a build/usbd_core.o
 .debug_info    0x0000000000021a5a     0x1565 build/usbd_ctlreq.o
 .debug_info    0x0000000000022fbf      0x9b2 build/usbd_ioreq.o
 .debug_info    0x0000000000023971      0xe05 build/usbd_hid.o
 .debug_info    0x0000000000024776       0x30 build/startup_stm32l562xx.o

.debug_abbrev   0x0000000000000000     0x4213
 .debug_abbrev  0x0000000000000000      0x31c build/main.o
 .debug_abbrev  0x000000000000031c      0x183 build/stm32l5xx_it.o
 .debug_abbrev  0x000000000000049f      0x242 build/stm32l5xx_hal_msp.o
 .debug_abbrev  0x00000000000006e1      0x389 build/usbd_conf.o
 .debug_abbrev  0x0000000000000a6a      0x193 build/usb_device.o
 .debug_abbrev  0x0000000000000bfd      0x24b build/usbd_desc.o
 .debug_abbrev  0x0000000000000e48      0x300 build/stm32l5xx_hal_pcd.o
 .debug_abbrev  0x0000000000001148      0x25a build/stm32l5xx_hal_pcd_ex.o
 .debug_abbrev  0x00000000000013a2      0x309 build/stm32l5xx_ll_usb.o
 .debug_abbrev  0x00000000000016ab      0x2e1 build/stm32l5xx_hal.o
 .debug_abbrev  0x000000000000198c      0x2dd build/stm32l5xx_hal_i2c.o
 .debug_abbrev  0x0000000000001c69      0x1c4 build/stm32l5xx_hal_i2c_ex.o
 .debug_abbrev  0x0000000000001e2d      0x301 build/stm32l5xx_hal_rcc.o
 .debug_abbrev  0x000000000000212e      0x2ed build/stm32l5xx_hal_rcc_ex.o
 .debug_abbrev  0x000000000000241b      0x221 build/stm32l5xx_hal_gpio.o
 .debug_abbrev  0x000000000000263c      0x2c7 build/stm32l5xx_hal_pwr_ex.o
 .debug_abbrev  0x0000000000002903      0x3da build/stm32l5xx_hal_cortex.o
 .debug_abbrev  0x0000000000002cdd      0x24d build/stm32l5xx_hal_icache.o
 .debug_abbrev  0x0000000000002f2a      0x36b build/stm32l5xx_hal_uart.o
 .debug_abbrev  0x0000000000003295      0x348 build/stm32l5xx_hal_uart_ex.o
 .debug_abbrev  0x00000000000035dd      0x11b build/system_stm32l5xx.o
 .debug_abbrev  0x00000000000036f8      0x2ec build/usbd_core.o
 .debug_abbrev  0x00000000000039e4      0x359 build/usbd_ctlreq.o
 .debug_abbrev  0x0000000000003d3d      0x195 build/usbd_ioreq.o
 .debug_abbrev  0x0000000000003ed2      0x324 build/usbd_hid.o
 .debug_abbrev  0x00000000000041f6       0x1d build/startup_stm32l562xx.o

.debug_loc      0x0000000000000000    0x1a34d
 .debug_loc     0x0000000000000000      0x12b build/main.o
 .debug_loc     0x000000000000012b       0x40 build/stm32l5xx_it.o
 .debug_loc     0x000000000000016b      0x240 build/stm32l5xx_hal_msp.o
 .debug_loc     0x00000000000003ab      0xf78 build/usbd_conf.o
 .debug_loc     0x0000000000001323       0x20 build/usb_device.o
 .debug_loc     0x0000000000001343      0x47b build/usbd_desc.o
 .debug_loc     0x00000000000017be     0x17e2 build/stm32l5xx_hal_pcd.o
 .debug_loc     0x0000000000002fa0      0x2b2 build/stm32l5xx_hal_pcd_ex.o
 .debug_loc     0x0000000000003252     0x1920 build/stm32l5xx_ll_usb.o
 .debug_loc     0x0000000000004b72      0x3af build/stm32l5xx_hal.o
 .debug_loc     0x0000000000004f21     0x5888 build/stm32l5xx_hal_i2c.o
 .debug_loc     0x000000000000a7a9      0x237 build/stm32l5xx_hal_i2c_ex.o
 .debug_loc     0x000000000000a9e0      0xcd8 build/stm32l5xx_hal_rcc.o
 .debug_loc     0x000000000000b6b8     0x278c build/stm32l5xx_hal_rcc_ex.o
 .debug_loc     0x000000000000de44      0x432 build/stm32l5xx_hal_gpio.o
 .debug_loc     0x000000000000e276      0x9fe build/stm32l5xx_hal_pwr_ex.o
 .debug_loc     0x000000000000ec74      0x913 build/stm32l5xx_hal_cortex.o
 .debug_loc     0x000000000000f587      0x522 build/stm32l5xx_hal_icache.o
 .debug_loc     0x000000000000faa9     0x620d build/stm32l5xx_hal_uart.o
 .debug_loc     0x0000000000015cb6      0xe1e build/stm32l5xx_hal_uart_ex.o
 .debug_loc     0x0000000000016ad4      0x127 build/system_stm32l5xx.o
 .debug_loc     0x0000000000016bfb     0x102a build/usbd_core.o
 .debug_loc     0x0000000000017c25     0x1a0d build/usbd_ctlreq.o
 .debug_loc     0x0000000000019632      0x398 build/usbd_ioreq.o
 .debug_loc     0x00000000000199ca      0x983 build/usbd_hid.o

.debug_aranges  0x0000000000000000     0x13c8
 .debug_aranges
                0x0000000000000000       0x58 build/main.o
 .debug_aranges
                0x0000000000000058       0x68 build/stm32l5xx_it.o
 .debug_aranges
                0x00000000000000c0       0x40 build/stm32l5xx_hal_msp.o
 .debug_aranges
                0x0000000000000100      0x118 build/usbd_conf.o
 .debug_aranges
                0x0000000000000218       0x20 build/usb_device.o
 .debug_aranges
                0x0000000000000238       0x60 build/usbd_desc.o
 .debug_aranges
                0x0000000000000298      0x138 build/stm32l5xx_hal_pcd.o
 .debug_aranges
                0x00000000000003d0       0x58 build/stm32l5xx_hal_pcd_ex.o
 .debug_aranges
                0x0000000000000428       0xb8 build/stm32l5xx_ll_usb.o
 .debug_aranges
                0x00000000000004e0      0x130 build/stm32l5xx_hal.o
 .debug_aranges
                0x0000000000000610      0x2a0 build/stm32l5xx_hal_i2c.o
 .debug_aranges
                0x00000000000008b0       0x48 build/stm32l5xx_hal_i2c_ex.o
 .debug_aranges
                0x00000000000008f8       0xa8 build/stm32l5xx_hal_rcc.o
 .debug_aranges
                0x00000000000009a0      0x118 build/stm32l5xx_hal_rcc_ex.o
 .debug_aranges
                0x0000000000000ab8       0x60 build/stm32l5xx_hal_gpio.o
 .debug_aranges
                0x0000000000000b18      0x1b8 build/stm32l5xx_hal_pwr_ex.o
 .debug_aranges
                0x0000000000000cd0       0xf8 build/stm32l5xx_hal_cortex.o
 .debug_aranges
                0x0000000000000dc8       0xa8 build/stm32l5xx_hal_icache.o
 .debug_aranges
                0x0000000000000e70      0x248 build/stm32l5xx_hal_uart.o
 .debug_aranges
                0x00000000000010b8       0xa8 build/stm32l5xx_hal_uart_ex.o
 .debug_aranges
                0x0000000000001160       0x28 build/system_stm32l5xx.o
 .debug_aranges
                0x0000000000001188       0xd8 build/usbd_core.o
 .debug_aranges
                0x0000000000001260       0x88 build/usbd_ctlreq.o
 .debug_aranges
                0x00000000000012e8       0x50 build/usbd_ioreq.o
 .debug_aranges
                0x0000000000001338       0x68 build/usbd_hid.o
 .debug_aranges
                0x00000000000013a0       0x28 build/startup_stm32l562xx.o

.debug_ranges   0x0000000000000000     0x1578
 .debug_ranges  0x0000000000000000       0x48 build/main.o
 .debug_ranges  0x0000000000000048       0x58 build/stm32l5xx_it.o
 .debug_ranges  0x00000000000000a0       0x30 build/stm32l5xx_hal_msp.o
 .debug_ranges  0x00000000000000d0      0x108 build/usbd_conf.o
 .debug_ranges  0x00000000000001d8       0x10 build/usb_device.o
 .debug_ranges  0x00000000000001e8       0x50 build/usbd_desc.o
 .debug_ranges  0x0000000000000238      0x208 build/stm32l5xx_hal_pcd.o
 .debug_ranges  0x0000000000000440       0x48 build/stm32l5xx_hal_pcd_ex.o
 .debug_ranges  0x0000000000000488      0x2e0 build/stm32l5xx_ll_usb.o
 .debug_ranges  0x0000000000000768      0x120 build/stm32l5xx_hal.o
 .debug_ranges  0x0000000000000888      0x290 build/stm32l5xx_hal_i2c.o
 .debug_ranges  0x0000000000000b18       0x38 build/stm32l5xx_hal_i2c_ex.o
 .debug_ranges  0x0000000000000b50       0xb0 build/stm32l5xx_hal_rcc.o
 .debug_ranges  0x0000000000000c00      0x120 build/stm32l5xx_hal_rcc_ex.o
 .debug_ranges  0x0000000000000d20       0x50 build/stm32l5xx_hal_gpio.o
 .debug_ranges  0x0000000000000d70      0x1a8 build/stm32l5xx_hal_pwr_ex.o
 .debug_ranges  0x0000000000000f18       0xe8 build/stm32l5xx_hal_cortex.o
 .debug_ranges  0x0000000000001000       0x98 build/stm32l5xx_hal_icache.o
 .debug_ranges  0x0000000000001098      0x238 build/stm32l5xx_hal_uart.o
 .debug_ranges  0x00000000000012d0       0x98 build/stm32l5xx_hal_uart_ex.o
 .debug_ranges  0x0000000000001368       0x18 build/system_stm32l5xx.o
 .debug_ranges  0x0000000000001380       0xc8 build/usbd_core.o
 .debug_ranges  0x0000000000001448       0x78 build/usbd_ctlreq.o
 .debug_ranges  0x00000000000014c0       0x40 build/usbd_ioreq.o
 .debug_ranges  0x0000000000001500       0x58 build/usbd_hid.o
 .debug_ranges  0x0000000000001558       0x20 build/startup_stm32l562xx.o

.debug_line     0x0000000000000000    0x197e9
 .debug_line    0x0000000000000000      0x7ae build/main.o
 .debug_line    0x00000000000007ae      0x2f2 build/stm32l5xx_it.o
 .debug_line    0x0000000000000aa0      0x45b build/stm32l5xx_hal_msp.o
 .debug_line    0x0000000000000efb      0x8f4 build/usbd_conf.o
 .debug_line    0x00000000000017ef      0x201 build/usb_device.o
 .debug_line    0x00000000000019f0      0x370 build/usbd_desc.o
 .debug_line    0x0000000000001d60     0x18cd build/stm32l5xx_hal_pcd.o
 .debug_line    0x000000000000362d      0x469 build/stm32l5xx_hal_pcd_ex.o
 .debug_line    0x0000000000003a96     0x18bf build/stm32l5xx_ll_usb.o
 .debug_line    0x0000000000005355      0x703 build/stm32l5xx_hal.o
 .debug_line    0x0000000000005a58     0x5033 build/stm32l5xx_hal_i2c.o
 .debug_line    0x000000000000aa8b      0x515 build/stm32l5xx_hal_i2c_ex.o
 .debug_line    0x000000000000afa0     0x1326 build/stm32l5xx_hal_rcc.o
 .debug_line    0x000000000000c2c6     0x1e81 build/stm32l5xx_hal_rcc_ex.o
 .debug_line    0x000000000000e147      0x6e3 build/stm32l5xx_hal_gpio.o
 .debug_line    0x000000000000e82a      0xcc4 build/stm32l5xx_hal_pwr_ex.o
 .debug_line    0x000000000000f4ee      0x8e1 build/stm32l5xx_hal_cortex.o
 .debug_line    0x000000000000fdcf      0x5b8 build/stm32l5xx_hal_icache.o
 .debug_line    0x0000000000010387     0x642f build/stm32l5xx_hal_uart.o
 .debug_line    0x00000000000167b6      0xcb9 build/stm32l5xx_hal_uart_ex.o
 .debug_line    0x000000000001746f      0x2b8 build/system_stm32l5xx.o
 .debug_line    0x0000000000017727      0x9f4 build/usbd_core.o
 .debug_line    0x000000000001811b      0xd6e build/usbd_ctlreq.o
 .debug_line    0x0000000000018e89      0x2ce build/usbd_ioreq.o
 .debug_line    0x0000000000019157      0x61d build/usbd_hid.o
 .debug_line    0x0000000000019774       0x75 build/startup_stm32l562xx.o

.debug_str      0x0000000000000000     0x645b
 .debug_str     0x0000000000000000     0x129a build/main.o
                                       0x1416 (size before relaxing)
 .debug_str     0x000000000000129a      0x397 build/stm32l5xx_it.o
                                        0x60c (size before relaxing)
 .debug_str     0x0000000000001631      0x394 build/stm32l5xx_hal_msp.o
                                       0x1008 (size before relaxing)
 .debug_str     0x00000000000019c5      0xc63 build/usbd_conf.o
                                       0x1ada (size before relaxing)
 .debug_str     0x0000000000002628       0x4d build/usb_device.o
                                        0x630 (size before relaxing)
 .debug_str     0x0000000000002675      0x184 build/usbd_desc.o
                                        0x452 (size before relaxing)
 .debug_str     0x00000000000027f9      0x2fc build/stm32l5xx_hal_pcd.o
                                        0xac4 (size before relaxing)
 .debug_str     0x0000000000002af5      0x185 build/stm32l5xx_hal_pcd_ex.o
                                        0x76e (size before relaxing)
 .debug_str     0x0000000000002c7a       0xd0 build/stm32l5xx_ll_usb.o
                                        0x64f (size before relaxing)
 .debug_str     0x0000000000002d4a      0x489 build/stm32l5xx_hal.o
                                        0xebe (size before relaxing)
 .debug_str     0x00000000000031d3      0x8c3 build/stm32l5xx_hal_i2c.o
                                       0x10f3 (size before relaxing)
 .debug_str     0x0000000000003a96       0xb5 build/stm32l5xx_hal_i2c_ex.o
                                        0xabf (size before relaxing)
 .debug_str     0x0000000000003b4b      0x41e build/stm32l5xx_hal_rcc.o
                                        0xa2d (size before relaxing)
 .debug_str     0x0000000000003f69      0x501 build/stm32l5xx_hal_rcc_ex.o
                                        0xd71 (size before relaxing)
 .debug_str     0x000000000000446a      0x17b build/stm32l5xx_hal_gpio.o
                                        0x449 (size before relaxing)
 .debug_str     0x00000000000045e5      0x65c build/stm32l5xx_hal_pwr_ex.o
                                        0xb08 (size before relaxing)
 .debug_str     0x0000000000004c41      0x48f build/stm32l5xx_hal_cortex.o
                                        0xe6f (size before relaxing)
 .debug_str     0x00000000000050d0      0x273 build/stm32l5xx_hal_icache.o
                                        0x4c3 (size before relaxing)
 .debug_str     0x0000000000005343      0x896 build/stm32l5xx_hal_uart.o
                                       0x12ba (size before relaxing)
 .debug_str     0x0000000000005bd9      0x246 build/stm32l5xx_hal_uart_ex.o
                                        0xb7e (size before relaxing)
 .debug_str     0x0000000000005e1f       0x27 build/system_stm32l5xx.o
                                        0x4d2 (size before relaxing)
 .debug_str     0x0000000000005e46      0x27c build/usbd_core.o
                                        0x9c2 (size before relaxing)
 .debug_str     0x00000000000060c2      0x109 build/usbd_ctlreq.o
                                        0x7ed (size before relaxing)
 .debug_str     0x00000000000061cb       0x60 build/usbd_ioreq.o
                                        0x6c2 (size before relaxing)
 .debug_str     0x000000000000622b      0x1fe build/usbd_hid.o
                                        0x8d7 (size before relaxing)
 .debug_str     0x0000000000006429       0x32 build/startup_stm32l562xx.o
                                         0x64 (size before relaxing)

.comment        0x0000000000000000       0x45
 .comment       0x0000000000000000       0x45 build/main.o
                                         0x46 (size before relaxing)
 .comment       0x0000000000000045       0x46 build/stm32l5xx_it.o
 .comment       0x0000000000000045       0x46 build/stm32l5xx_hal_msp.o
 .comment       0x0000000000000045       0x46 build/usbd_conf.o
 .comment       0x0000000000000045       0x46 build/usb_device.o
 .comment       0x0000000000000045       0x46 build/usbd_desc.o
 .comment       0x0000000000000045       0x46 build/stm32l5xx_hal_pcd.o
 .comment       0x0000000000000045       0x46 build/stm32l5xx_hal_pcd_ex.o
 .comment       0x0000000000000045       0x46 build/stm32l5xx_ll_usb.o
 .comment       0x0000000000000045       0x46 build/stm32l5xx_hal.o
 .comment       0x0000000000000045       0x46 build/stm32l5xx_hal_i2c.o
 .comment       0x0000000000000045       0x46 build/stm32l5xx_hal_i2c_ex.o
 .comment       0x0000000000000045       0x46 build/stm32l5xx_hal_rcc.o
 .comment       0x0000000000000045       0x46 build/stm32l5xx_hal_rcc_ex.o
 .comment       0x0000000000000045       0x46 build/stm32l5xx_hal_gpio.o
 .comment       0x0000000000000045       0x46 build/stm32l5xx_hal_pwr_ex.o
 .comment       0x0000000000000045       0x46 build/stm32l5xx_hal_cortex.o
 .comment       0x0000000000000045       0x46 build/stm32l5xx_hal_icache.o
 .comment       0x0000000000000045       0x46 build/stm32l5xx_hal_uart.o
 .comment       0x0000000000000045       0x46 build/stm32l5xx_hal_uart_ex.o
 .comment       0x0000000000000045       0x46 build/system_stm32l5xx.o
 .comment       0x0000000000000045       0x46 build/usbd_core.o
 .comment       0x0000000000000045       0x46 build/usbd_ctlreq.o
 .comment       0x0000000000000045       0x46 build/usbd_ioreq.o
 .comment       0x0000000000000045       0x46 build/usbd_hid.o

.debug_frame    0x0000000000000000     0x3388
 .debug_frame   0x0000000000000000       0xe0 build/main.o
 .debug_frame   0x00000000000000e0       0xc0 build/stm32l5xx_it.o
 .debug_frame   0x00000000000001a0       0xa4 build/stm32l5xx_hal_msp.o
 .debug_frame   0x0000000000000244      0x300 build/usbd_conf.o
 .debug_frame   0x0000000000000544       0x28 build/usb_device.o
 .debug_frame   0x000000000000056c       0xe0 build/usbd_desc.o
 .debug_frame   0x000000000000064c      0x348 build/stm32l5xx_hal_pcd.o
 .debug_frame   0x0000000000000994       0x9c build/stm32l5xx_hal_pcd_ex.o
 .debug_frame   0x0000000000000a30      0x180 build/stm32l5xx_ll_usb.o
 .debug_frame   0x0000000000000bb0      0x27c build/stm32l5xx_hal.o
 .debug_frame   0x0000000000000e2c      0x980 build/stm32l5xx_hal_i2c.o
 .debug_frame   0x00000000000017ac       0x80 build/stm32l5xx_hal_i2c_ex.o
 .debug_frame   0x000000000000182c      0x1e4 build/stm32l5xx_hal_rcc.o
 .debug_frame   0x0000000000001a10      0x2e4 build/stm32l5xx_hal_rcc_ex.o
 .debug_frame   0x0000000000001cf4       0xdc build/stm32l5xx_hal_gpio.o
 .debug_frame   0x0000000000001dd0      0x380 build/stm32l5xx_hal_pwr_ex.o
 .debug_frame   0x0000000000002150      0x224 build/stm32l5xx_hal_cortex.o
 .debug_frame   0x0000000000002374      0x170 build/stm32l5xx_hal_icache.o
 .debug_frame   0x00000000000024e4      0x67c build/stm32l5xx_hal_uart.o
 .debug_frame   0x0000000000002b60      0x1d8 build/stm32l5xx_hal_uart_ex.o
 .debug_frame   0x0000000000002d38       0x30 build/system_stm32l5xx.o
 .debug_frame   0x0000000000002d68      0x240 build/usbd_core.o
 .debug_frame   0x0000000000002fa8      0x180 build/usbd_ctlreq.o
 .debug_frame   0x0000000000003128       0xb8 build/usbd_ioreq.o
 .debug_frame   0x00000000000031e0       0xf8 build/usbd_hid.o
 .debug_frame   0x00000000000032d8       0x2c /home/yul/toolchain/arm-gnu-toolchain-12.2.rel1-x86_64-arm-none-eabi/bin/../lib/gcc/arm-none-eabi/12.2.1/../../../../arm-none-eabi/lib/thumb/v8-m.main+fp/hard/libc_nano.a(libc_a-init.o)
 .debug_frame   0x0000000000003304       0x20 /home/yul/toolchain/arm-gnu-toolchain-12.2.rel1-x86_64-arm-none-eabi/bin/../lib/gcc/arm-none-eabi/12.2.1/../../../../arm-none-eabi/lib/thumb/v8-m.main+fp/hard/libc_nano.a(libc_a-memset.o)
 .debug_frame   0x0000000000003324       0x2c /home/yul/toolchain/arm-gnu-toolchain-12.2.rel1-x86_64-arm-none-eabi/bin/../lib/gcc/arm-none-eabi/12.2.1/thumb/v8-m.main+fp/hard/libgcc.a(_aeabi_uldivmod.o)
 .debug_frame   0x0000000000003350       0x38 /home/yul/toolchain/arm-gnu-toolchain-12.2.rel1-x86_64-arm-none-eabi/bin/../lib/gcc/arm-none-eabi/12.2.1/thumb/v8-m.main+fp/hard/libgcc.a(_udivmoddi4.o)

.debug_line_str
                0x0000000000000000       0xd2
 .debug_line_str
                0x0000000000000000       0xc6 /home/yul/toolchain/arm-gnu-toolchain-12.2.rel1-x86_64-arm-none-eabi/bin/../lib/gcc/arm-none-eabi/12.2.1/thumb/v8-m.main+fp/hard/libgcc.a(_aeabi_uldivmod.o)
 .debug_line_str
                0x00000000000000c6        0xc /home/yul/toolchain/arm-gnu-toolchain-12.2.rel1-x86_64-arm-none-eabi/bin/../lib/gcc/arm-none-eabi/12.2.1/thumb/v8-m.main+fp/hard/libgcc.a(_dvmd_tls.o)
                                         0xca (size before relaxing)

Cross Reference Table

Symbol                                            File
ADC1_2_IRQHandler                                 build/startup_stm32l562xx.o
AES_IRQHandler                                    build/startup_stm32l562xx.o
AHBPrescTable                                     build/system_stm32l5xx.o
                                                  build/stm32l5xx_hal_rcc.o
APBPrescTable                                     build/system_stm32l5xx.o
                                                  build/stm32l5xx_hal_rcc.o
BusFault_Handler                                  build/stm32l5xx_it.o
COMP_IRQHandler                                   build/startup_stm32l562xx.o
CRS_IRQHandler                                    build/startup_stm32l562xx.o
DAC_IRQHandler                                    build/startup_stm32l562xx.o
DFSDM1_FLT0_IRQHandler                            build/startup_stm32l562xx.o
DFSDM1_FLT1_IRQHandler                            build/startup_stm32l562xx.o
DFSDM1_FLT2_IRQHandler                            build/startup_stm32l562xx.o
DFSDM1_FLT3_IRQHandler                            build/startup_stm32l562xx.o
DMA1_Channel1_IRQHandler                          build/startup_stm32l562xx.o
DMA1_Channel2_IRQHandler                          build/startup_stm32l562xx.o
DMA1_Channel3_IRQHandler                          build/startup_stm32l562xx.o
DMA1_Channel4_IRQHandler                          build/startup_stm32l562xx.o
DMA1_Channel5_IRQHandler                          build/startup_stm32l562xx.o
DMA1_Channel6_IRQHandler                          build/startup_stm32l562xx.o
DMA1_Channel7_IRQHandler                          build/startup_stm32l562xx.o
DMA1_Channel8_IRQHandler                          build/startup_stm32l562xx.o
DMA2_Channel1_IRQHandler                          build/startup_stm32l562xx.o
DMA2_Channel2_IRQHandler                          build/startup_stm32l562xx.o
DMA2_Channel3_IRQHandler                          build/startup_stm32l562xx.o
DMA2_Channel4_IRQHandler                          build/startup_stm32l562xx.o
DMA2_Channel5_IRQHandler                          build/startup_stm32l562xx.o
DMA2_Channel6_IRQHandler                          build/startup_stm32l562xx.o
DMA2_Channel7_IRQHandler                          build/startup_stm32l562xx.o
DMA2_Channel8_IRQHandler                          build/startup_stm32l562xx.o
DMAMUX1_IRQHandler                                build/startup_stm32l562xx.o
DMAMUX1_S_IRQHandler                              build/startup_stm32l562xx.o
DebugMon_Handler                                  build/stm32l5xx_it.o
Default_Handler                                   build/startup_stm32l562xx.o
EXTI0_IRQHandler                                  build/startup_stm32l562xx.o
EXTI10_IRQHandler                                 build/startup_stm32l562xx.o
EXTI11_IRQHandler                                 build/startup_stm32l562xx.o
EXTI12_IRQHandler                                 build/startup_stm32l562xx.o
EXTI13_IRQHandler                                 build/startup_stm32l562xx.o
EXTI14_IRQHandler                                 build/startup_stm32l562xx.o
EXTI15_IRQHandler                                 build/startup_stm32l562xx.o
EXTI1_IRQHandler                                  build/startup_stm32l562xx.o
EXTI2_IRQHandler                                  build/startup_stm32l562xx.o
EXTI3_IRQHandler                                  build/startup_stm32l562xx.o
EXTI4_IRQHandler                                  build/startup_stm32l562xx.o
EXTI5_IRQHandler                                  build/startup_stm32l562xx.o
EXTI6_IRQHandler                                  build/startup_stm32l562xx.o
EXTI7_IRQHandler                                  build/startup_stm32l562xx.o
EXTI8_IRQHandler                                  build/startup_stm32l562xx.o
EXTI9_IRQHandler                                  build/startup_stm32l562xx.o
Error_Handler                                     build/main.o
                                                  build/usb_device.o
                                                  build/usbd_conf.o
                                                  build/stm32l5xx_hal_msp.o
FDCAN1_IT0_IRQHandler                             build/startup_stm32l562xx.o
FDCAN1_IT1_IRQHandler                             build/startup_stm32l562xx.o
FLASH_IRQHandler                                  build/startup_stm32l562xx.o
FLASH_PageErase                                   build/stm32l5xx_hal_flash_ex.o
                                                  build/stm32l5xx_hal_flash.o
FLASH_S_IRQHandler                                build/startup_stm32l562xx.o
FLASH_WaitForLastOperation                        build/stm32l5xx_hal_flash.o
                                                  build/stm32l5xx_hal_flash_ex.o
FMC_IRQHandler                                    build/startup_stm32l562xx.o
FPU_IRQHandler                                    build/startup_stm32l562xx.o
GTZC_IRQHandler                                   build/startup_stm32l562xx.o
HAL_DBGMCU_DisableDBGStandbyMode                  build/stm32l5xx_hal.o
HAL_DBGMCU_DisableDBGStopMode                     build/stm32l5xx_hal.o
HAL_DBGMCU_EnableDBGStandbyMode                   build/stm32l5xx_hal.o
HAL_DBGMCU_EnableDBGStopMode                      build/stm32l5xx_hal.o
HAL_DMAEx_ChangeMemory                            build/stm32l5xx_hal_dma_ex.o
HAL_DMAEx_ConfigMuxRequestGenerator               build/stm32l5xx_hal_dma_ex.o
HAL_DMAEx_ConfigMuxSync                           build/stm32l5xx_hal_dma_ex.o
HAL_DMAEx_DisableMuxRequestGenerator              build/stm32l5xx_hal_dma_ex.o
HAL_DMAEx_EnableMuxRequestGenerator               build/stm32l5xx_hal_dma_ex.o
HAL_DMAEx_MUX_IRQHandler                          build/stm32l5xx_hal_dma_ex.o
HAL_DMAEx_MultiBufferStart                        build/stm32l5xx_hal_dma_ex.o
HAL_DMAEx_MultiBufferStart_IT                     build/stm32l5xx_hal_dma_ex.o
HAL_DMA_Abort                                     build/stm32l5xx_hal_dma.o
                                                  build/stm32l5xx_hal_uart.o
HAL_DMA_Abort_IT                                  build/stm32l5xx_hal_dma.o
                                                  build/stm32l5xx_hal_uart.o
                                                  build/stm32l5xx_hal_i2c.o
HAL_DMA_ConfigChannelAttributes                   build/stm32l5xx_hal_dma.o
HAL_DMA_DeInit                                    build/stm32l5xx_hal_dma.o
HAL_DMA_GetConfigChannelAttributes                build/stm32l5xx_hal_dma.o
HAL_DMA_GetError                                  build/stm32l5xx_hal_dma.o
                                                  build/stm32l5xx_hal_uart.o
HAL_DMA_GetState                                  build/stm32l5xx_hal_dma.o
                                                  build/stm32l5xx_hal_i2c.o
HAL_DMA_IRQHandler                                build/stm32l5xx_hal_dma.o
HAL_DMA_Init                                      build/stm32l5xx_hal_dma.o
HAL_DMA_PollForTransfer                           build/stm32l5xx_hal_dma.o
HAL_DMA_RegisterCallback                          build/stm32l5xx_hal_dma.o
HAL_DMA_Start                                     build/stm32l5xx_hal_dma.o
HAL_DMA_Start_IT                                  build/stm32l5xx_hal_dma.o
                                                  build/stm32l5xx_hal_uart.o
                                                  build/stm32l5xx_hal_i2c.o
HAL_DMA_UnRegisterCallback                        build/stm32l5xx_hal_dma.o
HAL_DeInit                                        build/stm32l5xx_hal.o
HAL_Delay                                         build/stm32l5xx_hal.o
                                                  build/stm32l5xx_hal_pcd_ex.o
                                                  build/usbd_conf.o
                                                  build/main.o
HAL_EXTI_ClearConfigLine                          build/stm32l5xx_hal_exti.o
HAL_EXTI_ClearPending                             build/stm32l5xx_hal_exti.o
HAL_EXTI_ConfigLineAttributes                     build/stm32l5xx_hal_exti.o
HAL_EXTI_GenerateSWI                              build/stm32l5xx_hal_exti.o
HAL_EXTI_GetConfigLine                            build/stm32l5xx_hal_exti.o
HAL_EXTI_GetConfigLineAttributes                  build/stm32l5xx_hal_exti.o
HAL_EXTI_GetHandle                                build/stm32l5xx_hal_exti.o
HAL_EXTI_GetPending                               build/stm32l5xx_hal_exti.o
HAL_EXTI_IRQHandler                               build/stm32l5xx_hal_exti.o
HAL_EXTI_RegisterCallback                         build/stm32l5xx_hal_exti.o
HAL_EXTI_SetConfigLine                            build/stm32l5xx_hal_exti.o
HAL_FLASHEx_ConfigLVEPin                          build/stm32l5xx_hal_flash_ex.o
HAL_FLASHEx_ConfigPrivMode                        build/stm32l5xx_hal_flash_ex.o
HAL_FLASHEx_DisableRunPowerDown                   build/stm32l5xx_hal_flash_ramfunc.o
HAL_FLASHEx_EnableRunPowerDown                    build/stm32l5xx_hal_flash_ramfunc.o
HAL_FLASHEx_Erase                                 build/stm32l5xx_hal_flash_ex.o
HAL_FLASHEx_Erase_IT                              build/stm32l5xx_hal_flash_ex.o
HAL_FLASHEx_GetLVEPin                             build/stm32l5xx_hal_flash_ex.o
HAL_FLASHEx_GetPrivMode                           build/stm32l5xx_hal_flash_ex.o
HAL_FLASHEx_OBGetConfig                           build/stm32l5xx_hal_flash_ex.o
HAL_FLASHEx_OBProgram                             build/stm32l5xx_hal_flash_ex.o
HAL_FLASHEx_OB_DBankConfig                        build/stm32l5xx_hal_flash_ramfunc.o
HAL_FLASH_EndOfOperationCallback                  build/stm32l5xx_hal_flash.o
HAL_FLASH_GetError                                build/stm32l5xx_hal_flash.o
HAL_FLASH_IRQHandler                              build/stm32l5xx_hal_flash.o
HAL_FLASH_Lock                                    build/stm32l5xx_hal_flash.o
HAL_FLASH_OB_Launch                               build/stm32l5xx_hal_flash.o
HAL_FLASH_OB_Lock                                 build/stm32l5xx_hal_flash.o
HAL_FLASH_OB_Unlock                               build/stm32l5xx_hal_flash.o
HAL_FLASH_OperationErrorCallback                  build/stm32l5xx_hal_flash.o
HAL_FLASH_Program                                 build/stm32l5xx_hal_flash.o
HAL_FLASH_Program_IT                              build/stm32l5xx_hal_flash.o
HAL_FLASH_Unlock                                  build/stm32l5xx_hal_flash.o
HAL_GPIO_DeInit                                   build/stm32l5xx_hal_gpio.o
                                                  build/usbd_conf.o
                                                  build/stm32l5xx_hal_msp.o
HAL_GPIO_EXTI_Falling_Callback                    build/stm32l5xx_hal_gpio.o
HAL_GPIO_EXTI_IRQHandler                          build/stm32l5xx_hal_gpio.o
HAL_GPIO_EXTI_Rising_Callback                     build/stm32l5xx_hal_gpio.o
HAL_GPIO_Init                                     build/stm32l5xx_hal_gpio.o
                                                  build/stm32l5xx_hal_rcc_ex.o
                                                  build/stm32l5xx_hal_rcc.o
                                                  build/usbd_conf.o
                                                  build/stm32l5xx_hal_msp.o
                                                  build/main.o
HAL_GPIO_LockPin                                  build/stm32l5xx_hal_gpio.o
HAL_GPIO_ReadPin                                  build/stm32l5xx_hal_gpio.o
HAL_GPIO_TogglePin                                build/stm32l5xx_hal_gpio.o
HAL_GPIO_WritePin                                 build/stm32l5xx_hal_gpio.o
                                                  build/main.o
HAL_GetDEVID                                      build/stm32l5xx_hal.o
HAL_GetHalVersion                                 build/stm32l5xx_hal.o
HAL_GetREVID                                      build/stm32l5xx_hal.o
HAL_GetTick                                       build/stm32l5xx_hal.o
                                                  build/stm32l5xx_hal_uart_ex.o
                                                  build/stm32l5xx_hal_uart.o
                                                  build/stm32l5xx_hal_icache.o
                                                  build/stm32l5xx_hal_dma.o
                                                  build/stm32l5xx_hal_flash.o
                                                  build/stm32l5xx_hal_rcc_ex.o
                                                  build/stm32l5xx_hal_rcc.o
                                                  build/stm32l5xx_hal_i2c.o
                                                  build/stm32l5xx_hal_pcd_ex.o
HAL_GetTickFreq                                   build/stm32l5xx_hal.o
HAL_GetTickPrio                                   build/stm32l5xx_hal.o
HAL_GetUIDw0                                      build/stm32l5xx_hal.o
HAL_GetUIDw1                                      build/stm32l5xx_hal.o
HAL_GetUIDw2                                      build/stm32l5xx_hal.o
HAL_HalfDuplex_EnableReceiver                     build/stm32l5xx_hal_uart.o
HAL_HalfDuplex_EnableTransmitter                  build/stm32l5xx_hal_uart.o
HAL_HalfDuplex_Init                               build/stm32l5xx_hal_uart.o
HAL_I2CEx_ConfigAnalogFilter                      build/stm32l5xx_hal_i2c_ex.o
                                                  build/main.o
HAL_I2CEx_ConfigDigitalFilter                     build/stm32l5xx_hal_i2c_ex.o
                                                  build/main.o
HAL_I2CEx_DisableFastModePlus                     build/stm32l5xx_hal_i2c_ex.o
HAL_I2CEx_DisableWakeUp                           build/stm32l5xx_hal_i2c_ex.o
HAL_I2CEx_EnableFastModePlus                      build/stm32l5xx_hal_i2c_ex.o
HAL_I2CEx_EnableWakeUp                            build/stm32l5xx_hal_i2c_ex.o
HAL_I2C_AbortCpltCallback                         build/stm32l5xx_hal_i2c.o
HAL_I2C_AddrCallback                              build/stm32l5xx_hal_i2c.o
HAL_I2C_DeInit                                    build/stm32l5xx_hal_i2c.o
HAL_I2C_DisableListen_IT                          build/stm32l5xx_hal_i2c.o
HAL_I2C_ER_IRQHandler                             build/stm32l5xx_hal_i2c.o
HAL_I2C_EV_IRQHandler                             build/stm32l5xx_hal_i2c.o
HAL_I2C_EnableListen_IT                           build/stm32l5xx_hal_i2c.o
HAL_I2C_ErrorCallback                             build/stm32l5xx_hal_i2c.o
HAL_I2C_GetError                                  build/stm32l5xx_hal_i2c.o
HAL_I2C_GetMode                                   build/stm32l5xx_hal_i2c.o
HAL_I2C_GetState                                  build/stm32l5xx_hal_i2c.o
HAL_I2C_Init                                      build/stm32l5xx_hal_i2c.o
                                                  build/main.o
HAL_I2C_IsDeviceReady                             build/stm32l5xx_hal_i2c.o
HAL_I2C_ListenCpltCallback                        build/stm32l5xx_hal_i2c.o
HAL_I2C_MasterRxCpltCallback                      build/stm32l5xx_hal_i2c.o
HAL_I2C_MasterTxCpltCallback                      build/stm32l5xx_hal_i2c.o
HAL_I2C_Master_Abort_IT                           build/stm32l5xx_hal_i2c.o
HAL_I2C_Master_Receive                            build/stm32l5xx_hal_i2c.o
HAL_I2C_Master_Receive_DMA                        build/stm32l5xx_hal_i2c.o
HAL_I2C_Master_Receive_IT                         build/stm32l5xx_hal_i2c.o
HAL_I2C_Master_Seq_Receive_DMA                    build/stm32l5xx_hal_i2c.o
HAL_I2C_Master_Seq_Receive_IT                     build/stm32l5xx_hal_i2c.o
HAL_I2C_Master_Seq_Transmit_DMA                   build/stm32l5xx_hal_i2c.o
HAL_I2C_Master_Seq_Transmit_IT                    build/stm32l5xx_hal_i2c.o
HAL_I2C_Master_Transmit                           build/stm32l5xx_hal_i2c.o
HAL_I2C_Master_Transmit_DMA                       build/stm32l5xx_hal_i2c.o
HAL_I2C_Master_Transmit_IT                        build/stm32l5xx_hal_i2c.o
HAL_I2C_MemRxCpltCallback                         build/stm32l5xx_hal_i2c.o
HAL_I2C_MemTxCpltCallback                         build/stm32l5xx_hal_i2c.o
HAL_I2C_Mem_Read                                  build/stm32l5xx_hal_i2c.o
HAL_I2C_Mem_Read_DMA                              build/stm32l5xx_hal_i2c.o
HAL_I2C_Mem_Read_IT                               build/stm32l5xx_hal_i2c.o
HAL_I2C_Mem_Write                                 build/stm32l5xx_hal_i2c.o
HAL_I2C_Mem_Write_DMA                             build/stm32l5xx_hal_i2c.o
HAL_I2C_Mem_Write_IT                              build/stm32l5xx_hal_i2c.o
HAL_I2C_MspDeInit                                 build/stm32l5xx_hal_msp.o
HAL_I2C_MspInit                                   build/stm32l5xx_hal_msp.o
HAL_I2C_SlaveRxCpltCallback                       build/stm32l5xx_hal_i2c.o
HAL_I2C_SlaveTxCpltCallback                       build/stm32l5xx_hal_i2c.o
HAL_I2C_Slave_Receive                             build/stm32l5xx_hal_i2c.o
HAL_I2C_Slave_Receive_DMA                         build/stm32l5xx_hal_i2c.o
HAL_I2C_Slave_Receive_IT                          build/stm32l5xx_hal_i2c.o
HAL_I2C_Slave_Seq_Receive_DMA                     build/stm32l5xx_hal_i2c.o
HAL_I2C_Slave_Seq_Receive_IT                      build/stm32l5xx_hal_i2c.o