Archive member included to satisfy reference by file (symbol)

/home/yul/toolchain/arm-gnu-toolchain-12.2.rel1-x86_64-arm-none-eabi/bin/../lib/gcc/arm-none-eabi/12.2.1/../../../../arm-none-eabi/lib/thumb/v8-m.main+fp/hard/libc_nano.a(libc_a-exit.o)
                              /home/yul/toolchain/arm-gnu-toolchain-12.2.rel1-x86_64-arm-none-eabi/bin/../lib/gcc/arm-none-eabi/12.2.1/../../../../arm-none-eabi/lib/thumb/v8-m.main+fp/hard/crt0.o (exit)
/home/yul/toolchain/arm-gnu-toolchain-12.2.rel1-x86_64-arm-none-eabi/bin/../lib/gcc/arm-none-eabi/12.2.1/../../../../arm-none-eabi/lib/thumb/v8-m.main+fp/hard/libc_nano.a(libc_a-init.o)
                              /home/yul/toolchain/arm-gnu-toolchain-12.2.rel1-x86_64-arm-none-eabi/bin/../lib/gcc/arm-none-eabi/12.2.1/../../../../arm-none-eabi/lib/thumb/v8-m.main+fp/hard/crt0.o (__libc_init_array)
/home/yul/toolchain/arm-gnu-toolchain-12.2.rel1-x86_64-arm-none-eabi/bin/../lib/gcc/arm-none-eabi/12.2.1/../../../../arm-none-eabi/lib/thumb/v8-m.main+fp/hard/libc_nano.a(libc_a-printf.o)
                              build/is31fl3737.o (printf)
/home/yul/toolchain/arm-gnu-toolchain-12.2.rel1-x86_64-arm-none-eabi/bin/../lib/gcc/arm-none-eabi/12.2.1/../../../../arm-none-eabi/lib/thumb/v8-m.main+fp/hard/libc_nano.a(libc_a-nano-vfprintf.o)
                              /home/yul/toolchain/arm-gnu-toolchain-12.2.rel1-x86_64-arm-none-eabi/bin/../lib/gcc/arm-none-eabi/12.2.1/../../../../arm-none-eabi/lib/thumb/v8-m.main+fp/hard/libc_nano.a(libc_a-printf.o) (_vfprintf_r)
/home/yul/toolchain/arm-gnu-toolchain-12.2.rel1-x86_64-arm-none-eabi/bin/../lib/gcc/arm-none-eabi/12.2.1/../../../../arm-none-eabi/lib/thumb/v8-m.main+fp/hard/libc_nano.a(libc_a-wbuf.o)
                              /home/yul/toolchain/arm-gnu-toolchain-12.2.rel1-x86_64-arm-none-eabi/bin/../lib/gcc/arm-none-eabi/12.2.1/../../../../arm-none-eabi/lib/thumb/v8-m.main+fp/hard/libc_nano.a(libc_a-nano-vfprintf.o) (__swbuf_r)
/home/yul/toolchain/arm-gnu-toolchain-12.2.rel1-x86_64-arm-none-eabi/bin/../lib/gcc/arm-none-eabi/12.2.1/../../../../arm-none-eabi/lib/thumb/v8-m.main+fp/hard/libc_nano.a(libc_a-wsetup.o)
                              /home/yul/toolchain/arm-gnu-toolchain-12.2.rel1-x86_64-arm-none-eabi/bin/../lib/gcc/arm-none-eabi/12.2.1/../../../../arm-none-eabi/lib/thumb/v8-m.main+fp/hard/libc_nano.a(libc_a-nano-vfprintf.o) (__swsetup_r)
/home/yul/toolchain/arm-gnu-toolchain-12.2.rel1-x86_64-arm-none-eabi/bin/../lib/gcc/arm-none-eabi/12.2.1/../../../../arm-none-eabi/lib/thumb/v8-m.main+fp/hard/libc_nano.a(libc_a-nano-vfprintf_i.o)
                              /home/yul/toolchain/arm-gnu-toolchain-12.2.rel1-x86_64-arm-none-eabi/bin/../lib/gcc/arm-none-eabi/12.2.1/../../../../arm-none-eabi/lib/thumb/v8-m.main+fp/hard/libc_nano.a(libc_a-nano-vfprintf.o) (_printf_i)
/home/yul/toolchain/arm-gnu-toolchain-12.2.rel1-x86_64-arm-none-eabi/bin/../lib/gcc/arm-none-eabi/12.2.1/../../../../arm-none-eabi/lib/thumb/v8-m.main+fp/hard/libc_nano.a(libc_a-puts.o)
                              build/is31fl3737.o (puts)
/home/yul/toolchain/arm-gnu-toolchain-12.2.rel1-x86_64-arm-none-eabi/bin/../lib/gcc/arm-none-eabi/12.2.1/../../../../arm-none-eabi/lib/thumb/v8-m.main+fp/hard/libc_nano.a(libc_a-impure.o)
                              /home/yul/toolchain/arm-gnu-toolchain-12.2.rel1-x86_64-arm-none-eabi/bin/../lib/gcc/arm-none-eabi/12.2.1/../../../../arm-none-eabi/lib/thumb/v8-m.main+fp/hard/libc_nano.a(libc_a-printf.o) (_impure_ptr)
/home/yul/toolchain/arm-gnu-toolchain-12.2.rel1-x86_64-arm-none-eabi/bin/../lib/gcc/arm-none-eabi/12.2.1/../../../../arm-none-eabi/lib/thumb/v8-m.main+fp/hard/libc_nano.a(libc_a-fflush.o)
                              /home/yul/toolchain/arm-gnu-toolchain-12.2.rel1-x86_64-arm-none-eabi/bin/../lib/gcc/arm-none-eabi/12.2.1/../../../../arm-none-eabi/lib/thumb/v8-m.main+fp/hard/libc_nano.a(libc_a-wbuf.o) (_fflush_r)
/home/yul/toolchain/arm-gnu-toolchain-12.2.rel1-x86_64-arm-none-eabi/bin/../lib/gcc/arm-none-eabi/12.2.1/../../../../arm-none-eabi/lib/thumb/v8-m.main+fp/hard/libc_nano.a(libc_a-memchr-stub.o)
                              /home/yul/toolchain/arm-gnu-toolchain-12.2.rel1-x86_64-arm-none-eabi/bin/../lib/gcc/arm-none-eabi/12.2.1/../../../../arm-none-eabi/lib/thumb/v8-m.main+fp/hard/libc_nano.a(libc_a-nano-vfprintf.o) (memchr)
/home/yul/toolchain/arm-gnu-toolchain-12.2.rel1-x86_64-arm-none-eabi/bin/../lib/gcc/arm-none-eabi/12.2.1/../../../../arm-none-eabi/lib/thumb/v8-m.main+fp/hard/libc_nano.a(libc_a-findfp.o)
                              /home/yul/toolchain/arm-gnu-toolchain-12.2.rel1-x86_64-arm-none-eabi/bin/../lib/gcc/arm-none-eabi/12.2.1/../../../../arm-none-eabi/lib/thumb/v8-m.main+fp/hard/libc_nano.a(libc_a-fflush.o) (__sglue)
/home/yul/toolchain/arm-gnu-toolchain-12.2.rel1-x86_64-arm-none-eabi/bin/../lib/gcc/arm-none-eabi/12.2.1/../../../../arm-none-eabi/lib/thumb/v8-m.main+fp/hard/libc_nano.a(libc_a-stdio.o)
[...]
Memory Configuration

Name             Origin             Length             Attributes
RAM              0x0000000020000000 0x0000000000030000 xrw
RAM2             0x0000000020030000 0x0000000000010000 xrw
ROM              0x0000000008000000 0x0000000000080000 xr
*default*        0x0000000000000000 0xffffffffffffffff

Linker script and memory map

LOAD /home/yul/toolchain/arm-gnu-toolchain-12.2.rel1-x86_64-arm-none-eabi/bin/../lib/gcc/arm-none-eabi/12.2.1/thumb/v8-m.main+fp/hard/crti.o
LOAD /home/yul/toolchain/arm-gnu-toolchain-12.2.rel1-x86_64-arm-none-eabi/bin/../lib/gcc/arm-none-eabi/12.2.1/thumb/v8-m.main+fp/hard/crtbegin.o
LOAD /home/yul/toolchain/arm-gnu-toolchain-12.2.rel1-x86_64-arm-none-eabi/bin/../lib/gcc/arm-none-eabi/12.2.1/../../../../arm-none-eabi/lib/thumb/v8-m.main+fp/hard/crt0.o
LOAD build/main.o
LOAD build/stm32l5xx_it.o
LOAD build/stm32l5xx_hal_msp.o
LOAD build/keyboard.o
LOAD build/is31fl3737.o
LOAD build/rgb.o
LOAD build/usbd_conf.o
LOAD build/usb_device.o
LOAD build/usbd_desc.o
LOAD build/stm32l5xx_hal_pcd.o
LOAD build/stm32l5xx_hal_pcd_ex.o
LOAD build/stm32l5xx_ll_usb.o
LOAD build/stm32l5xx_hal.o
LOAD build/stm32l5xx_hal_i2c.o
LOAD build/stm32l5xx_hal_i2c_ex.o
LOAD build/stm32l5xx_hal_rcc.o
LOAD build/stm32l5xx_hal_rcc_ex.o
LOAD build/stm32l5xx_hal_flash.o
LOAD build/stm32l5xx_hal_flash_ex.o
LOAD build/stm32l5xx_hal_flash_ramfunc.o
LOAD build/stm32l5xx_hal_gpio.o
LOAD build/stm32l5xx_hal_dma.o
LOAD build/stm32l5xx_hal_dma_ex.o
LOAD build/stm32l5xx_hal_exti.o
LOAD build/stm32l5xx_hal_pwr.o
LOAD build/stm32l5xx_hal_pwr_ex.o
LOAD build/stm32l5xx_hal_cortex.o
LOAD build/stm32l5xx_hal_icache.o
LOAD build/stm32l5xx_hal_tim.o
LOAD build/stm32l5xx_hal_tim_ex.o
LOAD build/stm32l5xx_hal_uart.o
LOAD build/stm32l5xx_hal_uart_ex.o
LOAD build/system_stm32l5xx.o
LOAD build/usbd_core.o
LOAD build/usbd_ctlreq.o
LOAD build/usbd_ioreq.o
LOAD build/usbd_hid.o
LOAD build/startup_stm32l562xx.o
LOAD /home/yul/toolchain/arm-gnu-toolchain-12.2.rel1-x86_64-arm-none-eabi/bin/../lib/gcc/arm-none-eabi/12.2.1/../../../../arm-none-eabi/lib/thumb/v8-m.main+fp/hard/libc_nano.a
LOAD /home/yul/toolchain/arm-gnu-toolchain-12.2.rel1-x86_64-arm-none-eabi/bin/../lib/gcc/arm-none-eabi/12.2.1/../../../../arm-none-eabi/lib/thumb/v8-m.main+fp/hard/libm.a
LOAD /home/yul/toolchain/arm-gnu-toolchain-12.2.rel1-x86_64-arm-none-eabi/bin/../lib/gcc/arm-none-eabi/12.2.1/../../../../arm-none-eabi/lib/thumb/v8-m.main+fp/hard/libnosys.a
START GROUP
LOAD /home/yul/toolchain/arm-gnu-toolchain-12.2.rel1-x86_64-arm-none-eabi/bin/../lib/gcc/arm-none-eabi/12.2.1/thumb/v8-m.main+fp/hard/libgcc.a
LOAD /home/yul/toolchain/arm-gnu-toolchain-12.2.rel1-x86_64-arm-none-eabi/bin/../lib/gcc/arm-none-eabi/12.2.1/../../../../arm-none-eabi/lib/thumb/v8-m.main+fp/hard/libc_nano.a
END GROUP
START GROUP
LOAD /home/yul/toolchain/arm-gnu-toolchain-12.2.rel1-x86_64-arm-none-eabi/bin/../lib/gcc/arm-none-eabi/12.2.1/thumb/v8-m.main+fp/hard/libgcc.a
LOAD /home/yul/toolchain/arm-gnu-toolchain-12.2.rel1-x86_64-arm-none-eabi/bin/../lib/gcc/arm-none-eabi/12.2.1/../../../../arm-none-eabi/lib/thumb/v8-m.main+fp/hard/libc_nano.a
END GROUP
LOAD /home/yul/toolchain/arm-gnu-toolchain-12.2.rel1-x86_64-arm-none-eabi/bin/../lib/gcc/arm-none-eabi/12.2.1/thumb/v8-m.main+fp/hard/crtend.o
LOAD /home/yul/toolchain/arm-gnu-toolchain-12.2.rel1-x86_64-arm-none-eabi/bin/../lib/gcc/arm-none-eabi/12.2.1/thumb/v8-m.main+fp/hard/crtn.o
                0x0000000020030000                _estack = (ORIGIN (RAM) + LENGTH (RAM))
                0x0000000000000200                _Min_Heap_Size = 0x200
                0x0000000000004000                _Min_Stack_Size = 0x4000

.isr_vector     0x0000000008000000      0x1f8
                0x0000000008000000                . = ALIGN (0x8)
 *(.isr_vector)
 .isr_vector    0x0000000008000000      0x1f4 build/startup_stm32l562xx.o
                0x0000000008000000                g_pfnVectors
                0x00000000080001f8                . = ALIGN (0x8)
 *fill*         0x00000000080001f4        0x4 

.text           0x00000000080001f8     0x7460
                0x00000000080001f8                . = ALIGN (0x8)
 *(.text)
 *(.text*)
 .text.deregister_tm_clones
                0x00000000080001f8       0x1c /home/yul/toolchain/arm-gnu-toolchain-12.2.rel1-x86_64-arm-none-eabi/bin/../lib/gcc/arm-none-eabi/12.2.1/thumb/v8-m.main+fp/hard/crtbegin.o
 .text.register_tm_clones
                0x0000000008000214       0x28 /home/yul/toolchain/arm-gnu-toolchain-12.2.rel1-x86_64-arm-none-eabi/bin/../lib/gcc/arm-none-eabi/12.2.1/thumb/v8-m.main+fp/hard/crtbegin.o
 .text.__do_global_dtors_aux
                0x000000000800023c       0x28 /home/yul/toolchain/arm-gnu-toolchain-12.2.rel1-x86_64-arm-none-eabi/bin/../lib/gcc/arm-none-eabi/12.2.1/thumb/v8-m.main+fp/hard/crtbegin.o
 .text.frame_dummy
                0x0000000008000264       0x24 /home/yul/toolchain/arm-gnu-toolchain-12.2.rel1-x86_64-arm-none-eabi/bin/../lib/gcc/arm-none-eabi/12.2.1/thumb/v8-m.main+fp/hard/crtbegin.o
 .text.MX_GPIO_Init
                0x0000000008000288       0xfc build/main.o
 .text.Error_Handler
                0x0000000008000384        0x4 build/main.o
                0x0000000008000384                Error_Handler
 .text.MX_ICACHE_Init
                0x0000000008000388       0x1a build/main.o
 *fill*         0x00000000080003a2        0x2 
 .text.MX_I2C2_Init
                0x00000000080003a4       0x5c build/main.o
 .text.SystemClock_Config
                0x0000000008000400       0x76 build/main.o
                0x0000000008000400                SystemClock_Config
 .text.main     0x0000000008000476       0x5a build/main.o
                0x0000000008000476                main
 .text.NMI_Handler
                0x00000000080004d0        0x2 build/stm32l5xx_it.o
                0x00000000080004d0                NMI_Handler
 .text.HardFault_Handler
                0x00000000080004d2        0x2 build/stm32l5xx_it.o
                0x00000000080004d2                HardFault_Handler
 .text.MemManage_Handler
                0x00000000080004d4        0x2 build/stm32l5xx_it.o
                0x00000000080004d4                MemManage_Handler
 .text.BusFault_Handler
                0x00000000080004d6        0x2 build/stm32l5xx_it.o
                0x00000000080004d6                BusFault_Handler
 .text.UsageFault_Handler
                0x00000000080004d8        0x2 build/stm32l5xx_it.o
                0x00000000080004d8                UsageFault_Handler
 .text.SVC_Handler
                0x00000000080004da        0x2 build/stm32l5xx_it.o
                0x00000000080004da                SVC_Handler
 .text.DebugMon_Handler
                0x00000000080004dc        0x2 build/stm32l5xx_it.o
                0x00000000080004dc                DebugMon_Handler
 .text.PendSV_Handler
                0x00000000080004de        0x2 build/stm32l5xx_it.o
                0x00000000080004de                PendSV_Handler
 .text.SysTick_Handler
                0x00000000080004e0        0x8 build/stm32l5xx_it.o
                0x00000000080004e0                SysTick_Handler
 .text.USB_FS_IRQHandler
                0x00000000080004e8       0x10 build/stm32l5xx_it.o
                0x00000000080004e8                USB_FS_IRQHandler
 .text.HAL_MspInit
                0x00000000080004f8       0x38 build/stm32l5xx_hal_msp.o
                0x00000000080004f8                HAL_MspInit
 .text.HAL_I2C_MspInit
                0x0000000008000530       0xe8 build/stm32l5xx_hal_msp.o
                0x0000000008000530                HAL_I2C_MspInit
 .text.send_matrix
                0x0000000008000618       0xa8 build/keyboard.o
 .text.current_base_layer
                0x00000000080006c0       0x10 build/keyboard.o
                0x00000000080006c0                current_base_layer
 .text.function_layer_is_enabled
                0x00000000080006d0       0x14 build/keyboard.o
                0x00000000080006d0                function_layer_is_enabled
 .text.macro_layer_is_enabled
                0x00000000080006e4       0x14 build/keyboard.o
                0x00000000080006e4                macro_layer_is_enabled
 .text.get_led_pattern
                0x00000000080006f8        0xc build/keyboard.o
                0x00000000080006f8                get_led_pattern
 .text.set_led_pattern
                0x0000000008000704        0xc build/keyboard.o
                0x0000000008000704                set_led_pattern
 .text.process_matrix_event
                0x0000000008000710      0x2b4 build/keyboard.o
                0x0000000008000710                process_matrix_event
 .text.scan_matrix
                0x00000000080009c4       0xc0 build/keyboard.o
                0x00000000080009c4                scan_matrix
 .text.IS31FL3737_write_register
                0x0000000008000a84       0x44 build/is31fl3737.o
                0x0000000008000a84                IS31FL3737_write_register
 .text.IS31FL3737_write_pwm_buffer
                0x0000000008000ac8       0x64 build/is31fl3737.o
                0x0000000008000ac8                IS31FL3737_write_pwm_buffer
 .text.IS31FL3737_init
                0x0000000008000b2c       0x82 build/is31fl3737.o
                0x0000000008000b2c                IS31FL3737_init
 *fill*         0x0000000008000bae        0x2 
 .text.IS31FL3737_set_color
                0x0000000008000bb0       0xac build/is31fl3737.o
                0x0000000008000bb0                IS31FL3737_set_color
 .text.IS31FL3737_update_pwm_buffers
                0x0000000008000c5c       0x60 build/is31fl3737.o
                0x0000000008000c5c                IS31FL3737_update_pwm_buffers
 .text.ledbar_animation_is_enabled
                0x0000000008000cbc        0xc build/rgb.o
                0x0000000008000cbc                ledbar_animation_is_enabled
 .text.ledbar_animation_enable
                0x0000000008000cc8        0xc build/rgb.o
                0x0000000008000cc8                ledbar_animation_enable
 .text.ledbar_animation_disable
                0x0000000008000cd4        0xc build/rgb.o
                0x0000000008000cd4                ledbar_animation_disable
 .text.set_gui_lock_led
                0x0000000008000ce0       0x14 build/rgb.o
                0x0000000008000ce0                set_gui_lock_led
 .text.enable_caps_lock_led
                0x0000000008000cf4       0x14 build/rgb.o
                0x0000000008000cf4                enable_caps_lock_led
 .text.disable_caps_lock_led
                0x0000000008000d08       0x14 build/rgb.o
                0x0000000008000d08                disable_caps_lock_led
 .text.ask_for_led_matrix_update
                0x0000000008000d1c        0xc build/rgb.o
                0x0000000008000d1c                ask_for_led_matrix_update
 .text.update_led_matrix
                0x0000000008000d28      0x19c build/rgb.o
                0x0000000008000d28                update_led_matrix
 .text.get_led_brightness
                0x0000000008000ec4       0x14 build/rgb.o
                0x0000000008000ec4                get_led_brightness
 .text.load_led_pattern
                0x0000000008000ed8       0x12 build/rgb.o
                0x0000000008000ed8                load_led_pattern
 *fill*         0x0000000008000eea        0x2 
 .text.brightness_decrease
                0x0000000008000eec       0x1c build/rgb.o
                0x0000000008000eec                brightness_decrease
 .text.brightness_increase
                0x0000000008000f08       0x1c build/rgb.o
                0x0000000008000f08                brightness_increase
 .text.ledbar_animate
                0x0000000008000f24      0x340 build/rgb.o
                0x0000000008000f24                ledbar_animate
 .text.USBD_Get_USB_Status
                0x0000000008001264       0x14 build/usbd_conf.o
 .text.PCD_ISOINIncompleteCallback
                0x0000000008001278        0xc build/usbd_conf.o
 .text.PCD_ISOOUTIncompleteCallback
                0x0000000008001284        0xc build/usbd_conf.o
 .text.PCD_DataInStageCallback
                0x0000000008001290       0x16 build/usbd_conf.o
 .text.PCD_DataOutStageCallback
                0x00000000080012a6       0x18 build/usbd_conf.o
 .text.PCD_DisconnectCallback
                0x00000000080012be        0xc build/usbd_conf.o
 .text.PCD_ConnectCallback
                0x00000000080012ca        0xc build/usbd_conf.o
 .text.SystemClockConfig_Resume
                0x00000000080012d6        0x8 build/usbd_conf.o
 *fill*         0x00000000080012de        0x2 
 .text.PCD_ResumeCallback
                0x00000000080012e0       0x28 build/usbd_conf.o
 .text.PCD_SuspendCallback
                0x0000000008001308       0x20 build/usbd_conf.o
 .text.PCD_ResetCallback
                0x0000000008001328       0x24 build/usbd_conf.o
 .text.PCD_SetupStageCallback
                0x000000000800134c       0x10 build/usbd_conf.o
 .text.PCD_SOFCallback
                0x000000000800135c        0xc build/usbd_conf.o
 .text.HAL_PCD_MspInit
                0x0000000008001368       0xbc build/usbd_conf.o
                0x0000000008001368                HAL_PCD_MspInit
 .text.USBD_LL_Init
                0x0000000008001424      0x108 build/usbd_conf.o
                0x0000000008001424                USBD_LL_Init
 .text.USBD_LL_Start
                0x000000000800152c       0x10 build/usbd_conf.o
                0x000000000800152c                USBD_LL_Start
 .text.USBD_LL_OpenEP
                0x000000000800153c       0x16 build/usbd_conf.o
                0x000000000800153c                USBD_LL_OpenEP
 .text.USBD_LL_CloseEP
                0x0000000008001552       0x10 build/usbd_conf.o
                0x0000000008001552                USBD_LL_CloseEP
 .text.USBD_LL_StallEP
                0x0000000008001562       0x10 build/usbd_conf.o
                0x0000000008001562                USBD_LL_StallEP
 .text.USBD_LL_ClearStallEP
                0x0000000008001572       0x10 build/usbd_conf.o
                0x0000000008001572                USBD_LL_ClearStallEP
 .text.USBD_LL_IsStallEP
                0x0000000008001582       0x2e build/usbd_conf.o
                0x0000000008001582                USBD_LL_IsStallEP
 .text.USBD_LL_SetUSBAddress
                0x00000000080015b0       0x10 build/usbd_conf.o
                0x00000000080015b0                USBD_LL_SetUSBAddress
 .text.USBD_LL_Transmit
                0x00000000080015c0       0x10 build/usbd_conf.o
                0x00000000080015c0                USBD_LL_Transmit
 .text.USBD_LL_PrepareReceive
                0x00000000080015d0       0x10 build/usbd_conf.o
                0x00000000080015d0                USBD_LL_PrepareReceive
 .text.USBD_static_malloc
                0x00000000080015e0        0x8 build/usbd_conf.o
                0x00000000080015e0                USBD_static_malloc
 .text.USBD_static_free
                0x00000000080015e8        0x2 build/usbd_conf.o
                0x00000000080015e8                USBD_static_free
 *fill*         0x00000000080015ea        0x2 
 .text.MX_USB_Device_Init
                0x00000000080015ec       0x40 build/usb_device.o
                0x00000000080015ec                MX_USB_Device_Init
 .text.USBD_HID_DeviceDescriptor
                0x000000000800162c        0xc build/usbd_desc.o
                0x000000000800162c                USBD_HID_DeviceDescriptor
 .text.USBD_HID_LangIDStrDescriptor
                0x0000000008001638        0xc build/usbd_desc.o
                0x0000000008001638                USBD_HID_LangIDStrDescriptor
 .text.IntToUnicode
                0x0000000008001644       0x46 build/usbd_desc.o
 *fill*         0x000000000800168a        0x2 
 .text.Get_SerialNum
                0x000000000800168c       0x38 build/usbd_desc.o
 .text.USBD_HID_SerialStrDescriptor
                0x00000000080016c4       0x14 build/usbd_desc.o
                0x00000000080016c4                USBD_HID_SerialStrDescriptor
 .text.USBD_HID_ProductStrDescriptor
                0x00000000080016d8       0x24 build/usbd_desc.o
                0x00000000080016d8                USBD_HID_ProductStrDescriptor
 .text.USBD_HID_ManufacturerStrDescriptor
                0x00000000080016fc       0x1c build/usbd_desc.o
                0x00000000080016fc                USBD_HID_ManufacturerStrDescriptor
 .text.USBD_HID_ConfigStrDescriptor
                0x0000000008001718       0x24 build/usbd_desc.o
                0x0000000008001718                USBD_HID_ConfigStrDescriptor
 .text.USBD_HID_InterfaceStrDescriptor
                0x000000000800173c       0x24 build/usbd_desc.o
                0x000000000800173c                USBD_HID_InterfaceStrDescriptor
 .text.HAL_PCD_DataOutStageCallback
                0x0000000008001760        0x2 build/stm32l5xx_hal_pcd.o
                0x0000000008001760                HAL_PCD_DataOutStageCallback
 .text.HAL_PCD_DataInStageCallback
                0x0000000008001762        0x2 build/stm32l5xx_hal_pcd.o
                0x0000000008001762                HAL_PCD_DataInStageCallback
 .text.HAL_PCD_SetupStageCallback
                0x0000000008001764        0x2 build/stm32l5xx_hal_pcd.o
                0x0000000008001764                HAL_PCD_SetupStageCallback
 .text.HAL_PCD_SOFCallback
                0x0000000008001766        0x2 build/stm32l5xx_hal_pcd.o
                0x0000000008001766                HAL_PCD_SOFCallback
 .text.HAL_PCD_ResetCallback
                0x0000000008001768        0x2 build/stm32l5xx_hal_pcd.o
                0x0000000008001768                HAL_PCD_ResetCallback
 .text.HAL_PCD_SuspendCallback
                0x000000000800176a        0x2 build/stm32l5xx_hal_pcd.o
                0x000000000800176a                HAL_PCD_SuspendCallback
 .text.HAL_PCD_ResumeCallback
                0x000000000800176c        0x2 build/stm32l5xx_hal_pcd.o
                0x000000000800176c                HAL_PCD_ResumeCallback
 .text.HAL_PCD_ISOOUTIncompleteCallback
                0x000000000800176e        0x2 build/stm32l5xx_hal_pcd.o
                0x000000000800176e                HAL_PCD_ISOOUTIncompleteCallback
 .text.HAL_PCD_ISOINIncompleteCallback
                0x0000000008001770        0x2 build/stm32l5xx_hal_pcd.o
                0x0000000008001770                HAL_PCD_ISOINIncompleteCallback
 .text.HAL_PCD_ConnectCallback
                0x0000000008001772        0x2 build/stm32l5xx_hal_pcd.o
                0x0000000008001772                HAL_PCD_ConnectCallback
 .text.HAL_PCD_DisconnectCallback
                0x0000000008001774        0x2 build/stm32l5xx_hal_pcd.o
                0x0000000008001774                HAL_PCD_DisconnectCallback
 .text.HAL_PCD_EP_DB_Receive
                0x0000000008001776      0x118 build/stm32l5xx_hal_pcd.o
 .text.HAL_PCD_EP_DB_Transmit
                0x000000000800188e      0x418 build/stm32l5xx_hal_pcd.o
 .text.PCD_EP_ISR_Handler
                0x0000000008001ca6      0x528 build/stm32l5xx_hal_pcd.o
 *fill*         0x00000000080021ce        0x2 
 .text.HAL_PCD_Init
                0x00000000080021d0      0x174 build/stm32l5xx_hal_pcd.o
                0x00000000080021d0                HAL_PCD_Init
 .text.HAL_PCD_RegisterCallback
                0x0000000008002344       0xe8 build/stm32l5xx_hal_pcd.o
                0x0000000008002344                HAL_PCD_RegisterCallback
 .text.HAL_PCD_RegisterDataOutStageCallback
                0x000000000800242c       0x4e build/stm32l5xx_hal_pcd.o
                0x000000000800242c                HAL_PCD_RegisterDataOutStageCallback
 .text.HAL_PCD_RegisterDataInStageCallback
                0x000000000800247a       0x4e build/stm32l5xx_hal_pcd.o
                0x000000000800247a                HAL_PCD_RegisterDataInStageCallback
 .text.HAL_PCD_RegisterIsoOutIncpltCallback
                0x00000000080024c8       0x4e build/stm32l5xx_hal_pcd.o
                0x00000000080024c8                HAL_PCD_RegisterIsoOutIncpltCallback
 .text.HAL_PCD_RegisterIsoInIncpltCallback
                0x0000000008002516       0x4e build/stm32l5xx_hal_pcd.o
                0x0000000008002516                HAL_PCD_RegisterIsoInIncpltCallback
 .text.HAL_PCD_Start
                0x0000000008002564       0x2a build/stm32l5xx_hal_pcd.o
                0x0000000008002564                HAL_PCD_Start
 .text.HAL_PCD_SetAddress
                0x000000000800258e       0x28 build/stm32l5xx_hal_pcd.o
                0x000000000800258e                HAL_PCD_SetAddress
 .text.HAL_PCD_IRQHandler
                0x00000000080025b6      0x1c0 build/stm32l5xx_hal_pcd.o
                0x00000000080025b6                HAL_PCD_IRQHandler
 .text.HAL_PCD_EP_Open
                0x0000000008002776       0x7c build/stm32l5xx_hal_pcd.o
                0x0000000008002776                HAL_PCD_EP_Open
 .text.HAL_PCD_EP_Close
                0x00000000080027f2       0x64 build/stm32l5xx_hal_pcd.o
                0x00000000080027f2                HAL_PCD_EP_Close
 .text.HAL_PCD_EP_Receive
                0x0000000008002856       0x3a build/stm32l5xx_hal_pcd.o
                0x0000000008002856                HAL_PCD_EP_Receive
 .text.HAL_PCD_EP_Transmit
                0x0000000008002890       0x44 build/stm32l5xx_hal_pcd.o
                0x0000000008002890                HAL_PCD_EP_Transmit
 .text.HAL_PCD_EP_SetStall
                0x00000000080028d4       0x6a build/stm32l5xx_hal_pcd.o
                0x00000000080028d4                HAL_PCD_EP_SetStall
 .text.HAL_PCD_EP_ClrStall
                0x000000000800293e       0x76 build/stm32l5xx_hal_pcd.o
                0x000000000800293e                HAL_PCD_EP_ClrStall
 .text.HAL_PCDEx_PMAConfig
                0x00000000080029b4       0x38 build/stm32l5xx_hal_pcd_ex.o
                0x00000000080029b4                HAL_PCDEx_PMAConfig
 .text.HAL_PCDEx_ActivateLPM
                0x00000000080029ec       0x2c build/stm32l5xx_hal_pcd_ex.o
                0x00000000080029ec                HAL_PCDEx_ActivateLPM
 .text.HAL_PCDEx_LPM_Callback
                0x0000000008002a18        0x2 build/stm32l5xx_hal_pcd_ex.o
                0x0000000008002a18                HAL_PCDEx_LPM_Callback
 .text.HAL_PCDEx_BCD_Callback
                0x0000000008002a1a        0x2 build/stm32l5xx_hal_pcd_ex.o
                0x0000000008002a1a                HAL_PCDEx_BCD_Callback
 .text.USB_EnableGlobalInt
                0x0000000008002a1c       0x12 build/stm32l5xx_ll_usb.o
                0x0000000008002a1c                USB_EnableGlobalInt
 .text.USB_DisableGlobalInt
                0x0000000008002a2e       0x14 build/stm32l5xx_ll_usb.o
                0x0000000008002a2e                USB_DisableGlobalInt
 .text.USB_DevInit
                0x0000000008002a42       0x22 build/stm32l5xx_ll_usb.o
                0x0000000008002a42                USB_DevInit
 .text.USB_ActivateEndpoint
                0x0000000008002a64      0x3ca build/stm32l5xx_ll_usb.o
                0x0000000008002a64                USB_ActivateEndpoint
 .text.USB_DeactivateEndpoint
                0x0000000008002e2e      0x1d6 build/stm32l5xx_ll_usb.o
                0x0000000008002e2e                USB_DeactivateEndpoint
 .text.USB_EPSetStall
                0x0000000008003004       0x4a build/stm32l5xx_ll_usb.o
                0x0000000008003004                USB_EPSetStall
 .text.USB_EPClearStall
                0x000000000800304e       0xa2 build/stm32l5xx_ll_usb.o
                0x000000000800304e                USB_EPClearStall
 .text.USB_SetDevAddress
                0x00000000080030f0        0xc build/stm32l5xx_ll_usb.o
                0x00000000080030f0                USB_SetDevAddress
 .text.USB_DevConnect
                0x00000000080030fc       0x16 build/stm32l5xx_ll_usb.o
                0x00000000080030fc                USB_DevConnect
 .text.USB_ReadInterrupts
                0x0000000008003112        0x8 build/stm32l5xx_ll_usb.o
                0x0000000008003112                USB_ReadInterrupts
 .text.USB_WritePMA
                0x000000000800311a       0x24 build/stm32l5xx_ll_usb.o
                0x000000000800311a                USB_WritePMA
 .text.USB_EPStartXfer
                0x000000000800313e      0x7ce build/stm32l5xx_ll_usb.o
                0x000000000800313e                USB_EPStartXfer
 .text.USB_ReadPMA
                0x000000000800390c       0x30 build/stm32l5xx_ll_usb.o
                0x000000000800390c                USB_ReadPMA
 .text.HAL_InitTick
                0x000000000800393c       0x50 build/stm32l5xx_hal.o
                0x000000000800393c                HAL_InitTick
 .text.HAL_Init
                0x000000000800398c       0x22 build/stm32l5xx_hal.o
                0x000000000800398c                HAL_Init
 *fill*         0x00000000080039ae        0x2 
 .text.HAL_IncTick
                0x00000000080039b0       0x18 build/stm32l5xx_hal.o
                0x00000000080039b0                HAL_IncTick
 .text.HAL_GetTick
                0x00000000080039c8        0xc build/stm32l5xx_hal.o
                0x00000000080039c8                HAL_GetTick
 .text.HAL_Delay
                0x00000000080039d4       0x28 build/stm32l5xx_hal.o
                0x00000000080039d4                HAL_Delay
 .text.I2C_Flush_TXDR
                0x00000000080039fc       0x22 build/stm32l5xx_hal_i2c.o
 .text.I2C_TransferConfig
                0x0000000008003a1e       0x3c build/stm32l5xx_hal_i2c.o
 .text.I2C_IsErrorOccurred
                0x0000000008003a5a      0x114 build/stm32l5xx_hal_i2c.o
 .text.I2C_WaitOnTXISFlagUntilTimeout
                0x0000000008003b6e       0x60 build/stm32l5xx_hal_i2c.o
 .text.I2C_WaitOnFlagUntilTimeout
                0x0000000008003bce       0x6a build/stm32l5xx_hal_i2c.o
 .text.I2C_WaitOnSTOPFlagUntilTimeout
                0x0000000008003c38       0x5e build/stm32l5xx_hal_i2c.o
 .text.HAL_I2C_Init
                0x0000000008003c96       0xbc build/stm32l5xx_hal_i2c.o
                0x0000000008003c96                HAL_I2C_Init
 *fill*         0x0000000008003d52        0x2 
 .text.HAL_I2C_Master_Transmit
                0x0000000008003d54      0x17c build/stm32l5xx_hal_i2c.o
                0x0000000008003d54                HAL_I2C_Master_Transmit
 .text.HAL_I2CEx_ConfigAnalogFilter
                0x0000000008003ed0       0x5c build/stm32l5xx_hal_i2c_ex.o
                0x0000000008003ed0                HAL_I2CEx_ConfigAnalogFilter
 .text.HAL_I2CEx_ConfigDigitalFilter
                0x0000000008003f2c       0x58 build/stm32l5xx_hal_i2c_ex.o
                0x0000000008003f2c                HAL_I2CEx_ConfigDigitalFilter
 .text.HAL_I2CEx_EnableFastModePlus
                0x0000000008003f84       0x2c build/stm32l5xx_hal_i2c_ex.o
                0x0000000008003f84                HAL_I2CEx_EnableFastModePlus
 .text.RCC_GetSysClockFreqFromPLLSource
                0x0000000008003fb0       0x90 build/stm32l5xx_hal_rcc.o
 .text.RCC_SetFlashLatencyFromMSIRange
                0x0000000008004040       0x94 build/stm32l5xx_hal_rcc.o
 .text.HAL_RCC_GetSysClockFreq
                0x00000000080040d4       0xd8 build/stm32l5xx_hal_rcc.o
                0x00000000080040d4                HAL_RCC_GetSysClockFreq
 .text.HAL_RCC_GetHCLKFreq
                0x00000000080041ac       0x20 build/stm32l5xx_hal_rcc.o
                0x00000000080041ac                HAL_RCC_GetHCLKFreq
 .text.HAL_RCC_OscConfig
                0x00000000080041cc      0x7b4 build/stm32l5xx_hal_rcc.o
                0x00000000080041cc                HAL_RCC_OscConfig
 .text.HAL_RCC_ClockConfig
                0x0000000008004980      0x1fc build/stm32l5xx_hal_rcc.o
                0x0000000008004980                HAL_RCC_ClockConfig
 .text.RCCEx_PLLSAI2_Config
                0x0000000008004b7c       0xe0 build/stm32l5xx_hal_rcc_ex.o
 .text.RCCEx_PLLSAI1_Config
                0x0000000008004c5c      0x140 build/stm32l5xx_hal_rcc_ex.o
 .text.HAL_RCCEx_PeriphCLKConfig
                0x0000000008004d9c      0x568 build/stm32l5xx_hal_rcc_ex.o
                0x0000000008004d9c                HAL_RCCEx_PeriphCLKConfig
 .text.HAL_GPIO_Init
                0x0000000008005304      0x1c8 build/stm32l5xx_hal_gpio.o
                0x0000000008005304                HAL_GPIO_Init
 .text.HAL_GPIO_WritePin
                0x00000000080054cc        0xa build/stm32l5xx_hal_gpio.o
                0x00000000080054cc                HAL_GPIO_WritePin
 *fill*         0x00000000080054d6        0x2 
 .text.HAL_PWREx_GetVoltageRange
                0x00000000080054d8       0x10 build/stm32l5xx_hal_pwr_ex.o
                0x00000000080054d8                HAL_PWREx_GetVoltageRange
 .text.HAL_PWREx_EnableVddUSB
                0x00000000080054e8       0x10 build/stm32l5xx_hal_pwr_ex.o
                0x00000000080054e8                HAL_PWREx_EnableVddUSB
 .text.HAL_PWREx_DisableUCPDDeadBattery
                0x00000000080054f8       0x10 build/stm32l5xx_hal_pwr_ex.o
                0x00000000080054f8                HAL_PWREx_DisableUCPDDeadBattery
 .text.HAL_PWREx_SMPS_GetEffectiveMode
                0x0000000008005508       0x24 build/stm32l5xx_hal_pwr_ex.o
                0x0000000008005508                HAL_PWREx_SMPS_GetEffectiveMode
 .text.HAL_PWREx_ControlVoltageScaling
                0x000000000800552c       0x90 build/stm32l5xx_hal_pwr_ex.o
                0x000000000800552c                HAL_PWREx_ControlVoltageScaling
 .text.__NVIC_EnableIRQ
                0x00000000080055bc       0x1c build/stm32l5xx_hal_cortex.o
 .text.__NVIC_SetPriority
                0x00000000080055d8       0x28 build/stm32l5xx_hal_cortex.o
 .text.NVIC_EncodePriority
                0x0000000008005600       0x3e build/stm32l5xx_hal_cortex.o
 *fill*         0x000000000800563e        0x2 
 .text.HAL_NVIC_SetPriorityGrouping
                0x0000000008005640       0x24 build/stm32l5xx_hal_cortex.o
                0x0000000008005640                HAL_NVIC_SetPriorityGrouping
 .text.HAL_NVIC_SetPriority
                0x0000000008005664       0x20 build/stm32l5xx_hal_cortex.o
                0x0000000008005664                HAL_NVIC_SetPriority
 .text.HAL_NVIC_EnableIRQ
                0x0000000008005684        0x8 build/stm32l5xx_hal_cortex.o
                0x0000000008005684                HAL_NVIC_EnableIRQ
 .text.HAL_SYSTICK_Config
                0x000000000800568c       0x28 build/stm32l5xx_hal_cortex.o
                0x000000000800568c                HAL_SYSTICK_Config
 .text.HAL_ICACHE_ConfigAssociativityMode
                0x00000000080056b4       0x24 build/stm32l5xx_hal_icache.o
                0x00000000080056b4                HAL_ICACHE_ConfigAssociativityMode
 .text.HAL_ICACHE_Enable
                0x00000000080056d8       0x14 build/stm32l5xx_hal_icache.o
                0x00000000080056d8                HAL_ICACHE_Enable
 .text.SystemInit
                0x00000000080056ec       0x14 build/system_stm32l5xx.o
                0x00000000080056ec                SystemInit
 .text.SystemCoreClockUpdate
                0x0000000008005700       0xd8 build/system_stm32l5xx.o
                0x0000000008005700                SystemCoreClockUpdate
 .text.USBD_Init
                0x00000000080057d8       0x2e build/usbd_core.o
                0x00000000080057d8                USBD_Init
 .text.USBD_RegisterClass
                0x0000000008005806       0x34 build/usbd_core.o
                0x0000000008005806                USBD_RegisterClass
 .text.USBD_Start
                0x000000000800583a        0x8 build/usbd_core.o
                0x000000000800583a                USBD_Start
 .text.USBD_SetClassConfig
                0x0000000008005842       0x12 build/usbd_core.o
                0x0000000008005842                USBD_SetClassConfig
 .text.USBD_ClrClassConfig
                0x0000000008005854       0x12 build/usbd_core.o
                0x0000000008005854                USBD_ClrClassConfig
 .text.USBD_LL_SetupStage
                0x0000000008005866       0x58 build/usbd_core.o
                0x0000000008005866                USBD_LL_SetupStage
 .text.USBD_LL_Reset
                0x00000000080058be       0x64 build/usbd_core.o
                0x00000000080058be                USBD_LL_Reset
 .text.USBD_LL_SetSpeed
                0x0000000008005922        0x6 build/usbd_core.o
                0x0000000008005922                USBD_LL_SetSpeed
 .text.USBD_LL_Suspend
                0x0000000008005928       0x1e build/usbd_core.o
                0x0000000008005928                USBD_LL_Suspend
 .text.USBD_LL_Resume
                0x0000000008005946       0x1a build/usbd_core.o
                0x0000000008005946                USBD_LL_Resume
 .text.USBD_LL_SOF
                0x0000000008005960       0x22 build/usbd_core.o
                0x0000000008005960                USBD_LL_SOF
 .text.USBD_LL_IsoINIncomplete
                0x0000000008005982       0x2e build/usbd_core.o
                0x0000000008005982                USBD_LL_IsoINIncomplete
 .text.USBD_LL_IsoOUTIncomplete
                0x00000000080059b0       0x2e build/usbd_core.o
                0x00000000080059b0                USBD_LL_IsoOUTIncomplete
 .text.USBD_LL_DevConnected
                0x00000000080059de        0x4 build/usbd_core.o
                0x00000000080059de                USBD_LL_DevConnected
 .text.USBD_LL_DevDisconnected
                0x00000000080059e2       0x20 build/usbd_core.o
                0x00000000080059e2                USBD_LL_DevDisconnected
 .text.USBD_CoreFindIF
                0x0000000008005a02        0x4 build/usbd_core.o
                0x0000000008005a02                USBD_CoreFindIF
 .text.USBD_CoreFindEP
                0x0000000008005a06        0x4 build/usbd_core.o
                0x0000000008005a06                USBD_CoreFindEP
 .text.USBD_LL_DataOutStage
                0x0000000008005a0a       0xc6 build/usbd_core.o
                0x0000000008005a0a                USBD_LL_DataOutStage
 .text.USBD_LL_DataInStage
                0x0000000008005ad0       0xd6 build/usbd_core.o
                0x0000000008005ad0                USBD_LL_DataInStage
 .text.USBD_GetNextDesc
                0x0000000008005ba6        0xe build/usbd_core.o
                0x0000000008005ba6                USBD_GetNextDesc
 .text.USBD_GetEpDesc
                0x0000000008005bb4       0x3e build/usbd_core.o
                0x0000000008005bb4                USBD_GetEpDesc
 .text.USBD_GetLen
                0x0000000008005bf2       0x14 build/usbd_ctlreq.o
 .text.USBD_ParseSetupRequest
                0x0000000008005c06       0x28 build/usbd_ctlreq.o
                0x0000000008005c06                USBD_ParseSetupRequest
 .text.USBD_CtlError
                0x0000000008005c2e       0x14 build/usbd_ctlreq.o
                0x0000000008005c2e                USBD_CtlError
 .text.USBD_GetDescriptor
                0x0000000008005c42      0x18a build/usbd_ctlreq.o
 .text.USBD_SetAddress
                0x0000000008005dcc       0x50 build/usbd_ctlreq.o
 .text.USBD_SetConfig
                0x0000000008005e1c       0xcc build/usbd_ctlreq.o
 .text.USBD_GetConfig
                0x0000000008005ee8       0x40 build/usbd_ctlreq.o
 .text.USBD_GetStatus
                0x0000000008005f28       0x38 build/usbd_ctlreq.o
 .text.USBD_SetFeature
                0x0000000008005f60       0x2a build/usbd_ctlreq.o
 .text.USBD_ClrFeature
                0x0000000008005f8a       0x26 build/usbd_ctlreq.o
 .text.USBD_StdDevReq
                0x0000000008005fb0       0x76 build/usbd_ctlreq.o
                0x0000000008005fb0                USBD_StdDevReq
 .text.USBD_StdItfReq
                0x0000000008006026       0x84 build/usbd_ctlreq.o
                0x0000000008006026                USBD_StdItfReq
 .text.USBD_StdEPReq
                0x00000000080060aa      0x230 build/usbd_ctlreq.o
                0x00000000080060aa                USBD_StdEPReq
 .text.USBD_GetString
                0x00000000080062da       0x3a build/usbd_ctlreq.o
                0x00000000080062da                USBD_GetString
 .text.USBD_CtlSendData
                0x0000000008006314       0x1a build/usbd_ioreq.o
                0x0000000008006314                USBD_CtlSendData
 .text.USBD_CtlContinueSendData
                0x000000000800632e       0x10 build/usbd_ioreq.o
                0x000000000800632e                USBD_CtlContinueSendData
 .text.USBD_CtlContinueRx
                0x000000000800633e       0x10 build/usbd_ioreq.o
                0x000000000800633e                USBD_CtlContinueRx
 .text.USBD_CtlSendStatus
                0x000000000800634e       0x16 build/usbd_ioreq.o
                0x000000000800634e                USBD_CtlSendStatus
 .text.USBD_CtlReceiveStatus
                0x0000000008006364       0x16 build/usbd_ioreq.o
                0x0000000008006364                USBD_CtlReceiveStatus
 .text.USBD_HID_DataIn
                0x000000000800637a       0x10 build/usbd_hid.o
 *fill*         0x000000000800638a        0x2 
 .text.USBD_HID_GetDeviceQualifierDesc
                0x000000000800638c        0xc build/usbd_hid.o
 .text.USBD_HID_GetOtherSpeedCfgDesc
                0x0000000008006398       0x20 build/usbd_hid.o
 .text.USBD_HID_GetFSCfgDesc
                0x00000000080063b8       0x20 build/usbd_hid.o
 .text.USBD_HID_GetHSCfgDesc
                0x00000000080063d8       0x20 build/usbd_hid.o
 .text.USBD_HID_DataOut
                0x00000000080063f8       0x18 build/usbd_hid.o
 .text.USBD_HID_Setup
                0x0000000008006410      0x12c build/usbd_hid.o
 .text.USBD_HID_DeInit
                0x000000000800653c       0x30 build/usbd_hid.o
 .text.USBD_HID_Init
                0x000000000800656c       0x70 build/usbd_hid.o
 .text.USBD_HID_SendReport
                0x00000000080065dc       0x44 build/usbd_hid.o
                0x00000000080065dc                USBD_HID_SendReport
 .text.USBD_HID_ReceiveReport
                0x0000000008006620       0x10 build/usbd_hid.o
                0x0000000008006620                USBD_HID_ReceiveReport
 .text.Reset_Handler
                0x0000000008006630       0x50 build/startup_stm32l562xx.o
                0x0000000008006630                Reset_Handler
 .text.Default_Handler
                0x0000000008006680        0x2 build/startup_stm32l562xx.o
                0x0000000008006680                EXTI2_IRQHandler
                0x0000000008006680                TIM8_TRG_COM_IRQHandler
                0x0000000008006680                TIM8_CC_IRQHandler
                0x0000000008006680                EXTI5_IRQHandler
                0x0000000008006680                FLASH_S_IRQHandler
                0x0000000008006680                EXTI13_IRQHandler
                0x0000000008006680                TIM1_CC_IRQHandler
                0x0000000008006680                TSC_IRQHandler
                0x0000000008006680                TAMP_IRQHandler
                0x0000000008006680                TIM6_IRQHandler
                0x0000000008006680                EXTI12_IRQHandler
                0x0000000008006680                DMA2_Channel8_IRQHandler
                0x0000000008006680                EXTI3_IRQHandler
                0x0000000008006680                EXTI8_IRQHandler
                0x0000000008006680                LPTIM2_IRQHandler
                0x0000000008006680                DFSDM1_FLT1_IRQHandler
                0x0000000008006680                I2C3_ER_IRQHandler
                0x0000000008006680                DFSDM1_FLT2_IRQHandler
                0x0000000008006680                DMAMUX1_IRQHandler
                0x0000000008006680                LPTIM3_IRQHandler
                0x0000000008006680                EXTI0_IRQHandler
                0x0000000008006680                I2C2_EV_IRQHandler
                0x0000000008006680                FPU_IRQHandler
                0x0000000008006680                FDCAN1_IT1_IRQHandler
                0x0000000008006680                ADC1_2_IRQHandler
                0x0000000008006680                SPI1_IRQHandler
                0x0000000008006680                OCTOSPI1_IRQHandler
                0x0000000008006680                TIM8_UP_IRQHandler
                0x0000000008006680                RCC_S_IRQHandler
                0x0000000008006680                DMA2_Channel2_IRQHandler
                0x0000000008006680                DMA1_Channel4_IRQHandler
                0x0000000008006680                SAI2_IRQHandler
                0x0000000008006680                DFSDM1_FLT3_IRQHandler
                0x0000000008006680                PKA_IRQHandler
                0x0000000008006680                EXTI15_IRQHandler
                0x0000000008006680                TIM17_IRQHandler
                0x0000000008006680                USART3_IRQHandler
                0x0000000008006680                RTC_IRQHandler
                0x0000000008006680                EXTI9_IRQHandler
                0x0000000008006680                DMA1_Channel7_IRQHandler
                0x0000000008006680                UART5_IRQHandler
                0x0000000008006680                TIM4_IRQHandler
                0x0000000008006680                DMA2_Channel1_IRQHandler
                0x0000000008006680                I2C1_EV_IRQHandler
                0x0000000008006680                DMA1_Channel6_IRQHandler
                0x0000000008006680                TIM16_IRQHandler
                0x0000000008006680                UART4_IRQHandler
                0x0000000008006680                DMA2_Channel4_IRQHandler
                0x0000000008006680                SecureFault_Handler
                0x0000000008006680                TIM3_IRQHandler
                0x0000000008006680                RCC_IRQHandler
                0x0000000008006680                TIM1_TRG_COM_IRQHandler
                0x0000000008006680                DMA1_Channel1_IRQHandler
                0x0000000008006680                Default_Handler
                0x0000000008006680                DMA2_Channel7_IRQHandler
                0x0000000008006680                OTFDEC1_IRQHandler
                0x0000000008006680                DMA1_Channel8_IRQHandler
                0x0000000008006680                TIM7_IRQHandler
                0x0000000008006680                SDMMC1_IRQHandler
                0x0000000008006680                TIM5_IRQHandler
                0x0000000008006680                UCPD1_IRQHandler
                0x0000000008006680                TIM15_IRQHandler
                0x0000000008006680                I2C3_EV_IRQHandler
                0x0000000008006680                PVD_PVM_IRQHandler
                0x0000000008006680                SPI2_IRQHandler
                0x0000000008006680                EXTI14_IRQHandler
                0x0000000008006680                EXTI11_IRQHandler
                0x0000000008006680                DMA2_Channel5_IRQHandler
                0x0000000008006680                CRS_IRQHandler
                0x0000000008006680                DMA1_Channel5_IRQHandler
                0x0000000008006680                EXTI4_IRQHandler
                0x0000000008006680                RTC_S_IRQHandler
                0x0000000008006680                RNG_IRQHandler
                0x0000000008006680                DMAMUX1_S_IRQHandler
                0x0000000008006680                DMA1_Channel3_IRQHandler
                0x0000000008006680                COMP_IRQHandler
                0x0000000008006680                TIM1_UP_IRQHandler
                0x0000000008006680                WWDG_IRQHandler
                0x0000000008006680                I2C4_EV_IRQHandler
                0x0000000008006680                LPUART1_IRQHandler
                0x0000000008006680                DMA2_Channel6_IRQHandler
                0x0000000008006680                FDCAN1_IT0_IRQHandler
                0x0000000008006680                TIM2_IRQHandler
                0x0000000008006680                TAMP_S_IRQHandler
                0x0000000008006680                EXTI7_IRQHandler
                0x0000000008006680                TIM1_BRK_IRQHandler
                0x0000000008006680                DAC_IRQHandler
                0x0000000008006680                EXTI1_IRQHandler
                0x0000000008006680                AES_IRQHandler
                0x0000000008006680                GTZC_IRQHandler
                0x0000000008006680                USART2_IRQHandler
                0x0000000008006680                DFSDM1_FLT0_IRQHandler
                0x0000000008006680                I2C2_ER_IRQHandler
                0x0000000008006680                DMA1_Channel2_IRQHandler
                0x0000000008006680                TIM8_BRK_IRQHandler
                0x0000000008006680                FLASH_IRQHandler
                0x0000000008006680                USART1_IRQHandler
                0x0000000008006680                EXTI10_IRQHandler
                0x0000000008006680                SPI3_IRQHandler
                0x0000000008006680                I2C1_ER_IRQHandler
                0x0000000008006680                FMC_IRQHandler
                0x0000000008006680                EXTI6_IRQHandler
                0x0000000008006680                LPTIM1_IRQHandler
                0x0000000008006680                I2C4_ER_IRQHandler
                0x0000000008006680                ICACHE_IRQHandler
                0x0000000008006680                SAI1_IRQHandler
                0x0000000008006680                HASH_IRQHandler
                0x0000000008006680                DMA2_Channel3_IRQHandler
 *fill*         0x0000000008006682        0x2 
 .text.__libc_init_array
                0x0000000008006684       0x48 /home/yul/toolchain/arm-gnu-toolchain-12.2.rel1-x86_64-arm-none-eabi/bin/../lib/gcc/arm-none-eabi/12.2.1/../../../../arm-none-eabi/lib/thumb/v8-m.main+fp/hard/libc_nano.a(libc_a-init.o)
                0x0000000008006684                __libc_init_array
 .text.printf   0x00000000080066cc       0x24 /home/yul/toolchain/arm-gnu-toolchain-12.2.rel1-x86_64-arm-none-eabi/bin/../lib/gcc/arm-none-eabi/12.2.1/../../../../arm-none-eabi/lib/thumb/v8-m.main+fp/hard/libc_nano.a(libc_a-printf.o)
                0x00000000080066cc                printf
                0x00000000080066cc                iprintf
 .text.__sfputc_r
                0x00000000080066f0       0x2e /home/yul/toolchain/arm-gnu-toolchain-12.2.rel1-x86_64-arm-none-eabi/bin/../lib/gcc/arm-none-eabi/12.2.1/../../../../arm-none-eabi/lib/thumb/v8-m.main+fp/hard/libc_nano.a(libc_a-nano-vfprintf.o)
 .text.__sfputs_r
                0x000000000800671e       0x24 /home/yul/toolchain/arm-gnu-toolchain-12.2.rel1-x86_64-arm-none-eabi/bin/../lib/gcc/arm-none-eabi/12.2.1/../../../../arm-none-eabi/lib/thumb/v8-m.main+fp/hard/libc_nano.a(libc_a-nano-vfprintf.o)
                0x000000000800671e                __sfputs_r
 *fill*         0x0000000008006742        0x2 
 .text._vfprintf_r
                0x0000000008006744      0x230 /home/yul/toolchain/arm-gnu-toolchain-12.2.rel1-x86_64-arm-none-eabi/bin/../lib/gcc/arm-none-eabi/12.2.1/../../../../arm-none-eabi/lib/thumb/v8-m.main+fp/hard/libc_nano.a(libc_a-nano-vfprintf.o)
                0x0000000008006744                _vfiprintf_r
                0x0000000008006744                _vfprintf_r
 .text.__swbuf_r
                0x0000000008006974       0x7c /home/yul/toolchain/arm-gnu-toolchain-12.2.rel1-x86_64-arm-none-eabi/bin/../lib/gcc/arm-none-eabi/12.2.1/../../../../arm-none-eabi/lib/thumb/v8-m.main+fp/hard/libc_nano.a(libc_a-wbuf.o)
                0x0000000008006974                __swbuf_r
 .text.__swsetup_r
                0x00000000080069f0       0xac /home/yul/toolchain/arm-gnu-toolchain-12.2.rel1-x86_64-arm-none-eabi/bin/../lib/gcc/arm-none-eabi/12.2.1/../../../../arm-none-eabi/lib/thumb/v8-m.main+fp/hard/libc_nano.a(libc_a-wsetup.o)
                0x00000000080069f0                __swsetup_r
 .text._printf_common
                0x0000000008006a9c       0xe4 /home/yul/toolchain/arm-gnu-toolchain-12.2.rel1-x86_64-arm-none-eabi/bin/../lib/gcc/arm-none-eabi/12.2.1/../../../../arm-none-eabi/lib/thumb/v8-m.main+fp/hard/libc_nano.a(libc_a-nano-vfprintf_i.o)
                0x0000000008006a9c                _printf_common
 .text._printf_i
                0x0000000008006b80      0x258 /home/yul/toolchain/arm-gnu-toolchain-12.2.rel1-x86_64-arm-none-eabi/bin/../lib/gcc/arm-none-eabi/12.2.1/../../../../arm-none-eabi/lib/thumb/v8-m.main+fp/hard/libc_nano.a(libc_a-nano-vfprintf_i.o)
                0x0000000008006b80                _printf_i
 .text._puts_r  0x0000000008006dd8       0xaa /home/yul/toolchain/arm-gnu-toolchain-12.2.rel1-x86_64-arm-none-eabi/bin/../lib/gcc/arm-none-eabi/12.2.1/../../../../arm-none-eabi/lib/thumb/v8-m.main+fp/hard/libc_nano.a(libc_a-puts.o)
                0x0000000008006dd8                _puts_r
 *fill*         0x0000000008006e82        0x2 
 .text.puts     0x0000000008006e84       0x10 /home/yul/toolchain/arm-gnu-toolchain-12.2.rel1-x86_64-arm-none-eabi/bin/../lib/gcc/arm-none-eabi/12.2.1/../../../../arm-none-eabi/lib/thumb/v8-m.main+fp/hard/libc_nano.a(libc_a-puts.o)
                0x0000000008006e84                puts
 .text.__sflush_r
                0x0000000008006e94      0x106 /home/yul/toolchain/arm-gnu-toolchain-12.2.rel1-x86_64-arm-none-eabi/bin/../lib/gcc/arm-none-eabi/12.2.1/../../../../arm-none-eabi/lib/thumb/v8-m.main+fp/hard/libc_nano.a(libc_a-fflush.o)
                0x0000000008006e94                __sflush_r
 .text._fflush_r
                0x0000000008006f9a       0x50 /home/yul/toolchain/arm-gnu-toolchain-12.2.rel1-x86_64-arm-none-eabi/bin/../lib/gcc/arm-none-eabi/12.2.1/../../../../arm-none-eabi/lib/thumb/v8-m.main+fp/hard/libc_nano.a(libc_a-fflush.o)
                0x0000000008006f9a                _fflush_r
 .text.memchr   0x0000000008006fea       0x1c /home/yul/toolchain/arm-gnu-toolchain-12.2.rel1-x86_64-arm-none-eabi/bin/../lib/gcc/arm-none-eabi/12.2.1/../../../../arm-none-eabi/lib/thumb/v8-m.main+fp/hard/libc_nano.a(libc_a-memchr-stub.o)
                0x0000000008006fea                memchr
 *fill*         0x0000000008007006        0x2 
 .text.std      0x0000000008007008       0x6c /home/yul/toolchain/arm-gnu-toolchain-12.2.rel1-x86_64-arm-none-eabi/bin/../lib/gcc/arm-none-eabi/12.2.1/../../../../arm-none-eabi/lib/thumb/v8-m.main+fp/hard/libc_nano.a(libc_a-findfp.o)
 .text.stdio_exit_handler
                0x0000000008007074       0x18 /home/yul/toolchain/arm-gnu-toolchain-12.2.rel1-x86_64-arm-none-eabi/bin/../lib/gcc/arm-none-eabi/12.2.1/../../../../arm-none-eabi/lib/thumb/v8-m.main+fp/hard/libc_nano.a(libc_a-findfp.o)
 .text.cleanup_stdio
                0x000000000800708c       0x40 /home/yul/toolchain/arm-gnu-toolchain-12.2.rel1-x86_64-arm-none-eabi/bin/../lib/gcc/arm-none-eabi/12.2.1/../../../../arm-none-eabi/lib/thumb/v8-m.main+fp/hard/libc_nano.a(libc_a-findfp.o)
 .text.global_stdio_init.part.0
                0x00000000080070cc       0x3c /home/yul/toolchain/arm-gnu-toolchain-12.2.rel1-x86_64-arm-none-eabi/bin/../lib/gcc/arm-none-eabi/12.2.1/../../../../arm-none-eabi/lib/thumb/v8-m.main+fp/hard/libc_nano.a(libc_a-findfp.o)
 .text.__sfp_lock_acquire
                0x0000000008007108        0xc /home/yul/toolchain/arm-gnu-toolchain-12.2.rel1-x86_64-arm-none-eabi/bin/../lib/gcc/arm-none-eabi/12.2.1/../../../../arm-none-eabi/lib/thumb/v8-m.main+fp/hard/libc_nano.a(libc_a-findfp.o)
                0x0000000008007108                __sfp_lock_acquire
 .text.__sfp_lock_release
                0x0000000008007114        0xc /home/yul/toolchain/arm-gnu-toolchain-12.2.rel1-x86_64-arm-none-eabi/bin/../lib/gcc/arm-none-eabi/12.2.1/../../../../arm-none-eabi/lib/thumb/v8-m.main+fp/hard/libc_nano.a(libc_a-findfp.o)
                0x0000000008007114                __sfp_lock_release
 .text.__sinit  0x0000000008007120       0x30 /home/yul/toolchain/arm-gnu-toolchain-12.2.rel1-x86_64-arm-none-eabi/bin/../lib/gcc/arm-none-eabi/12.2.1/../../../../arm-none-eabi/lib/thumb/v8-m.main+fp/hard/libc_nano.a(libc_a-findfp.o)
                0x0000000008007120                __sinit
 .text.__sread  0x0000000008007150       0x22 /home/yul/toolchain/arm-gnu-toolchain-12.2.rel1-x86_64-arm-none-eabi/bin/../lib/gcc/arm-none-eabi/12.2.1/../../../../arm-none-eabi/lib/thumb/v8-m.main+fp/hard/libc_nano.a(libc_a-stdio.o)
                0x0000000008007150                __sread
 .text.__swrite
                0x0000000008007172       0x38 /home/yul/toolchain/arm-gnu-toolchain-12.2.rel1-x86_64-arm-none-eabi/bin/../lib/gcc/arm-none-eabi/12.2.1/../../../../arm-none-eabi/lib/thumb/v8-m.main+fp/hard/libc_nano.a(libc_a-stdio.o)
                0x0000000008007172                __swrite
 .text.__sseek  0x00000000080071aa       0x24 /home/yul/toolchain/arm-gnu-toolchain-12.2.rel1-x86_64-arm-none-eabi/bin/../lib/gcc/arm-none-eabi/12.2.1/../../../../arm-none-eabi/lib/thumb/v8-m.main+fp/hard/libc_nano.a(libc_a-stdio.o)
                0x00000000080071aa                __sseek
 .text.__sclose
                0x00000000080071ce        0x8 /home/yul/toolchain/arm-gnu-toolchain-12.2.rel1-x86_64-arm-none-eabi/bin/../lib/gcc/arm-none-eabi/12.2.1/../../../../arm-none-eabi/lib/thumb/v8-m.main+fp/hard/libc_nano.a(libc_a-stdio.o)
                0x00000000080071ce                __sclose
 *fill*         0x00000000080071d6        0x2 
 .text._write_r
                0x00000000080071d8       0x24 /home/yul/toolchain/arm-gnu-toolchain-12.2.rel1-x86_64-arm-none-eabi/bin/../lib/gcc/arm-none-eabi/12.2.1/../../../../arm-none-eabi/lib/thumb/v8-m.main+fp/hard/libc_nano.a(libc_a-writer.o)
                0x00000000080071d8                _write_r
 .text._fwalk_sglue
                0x00000000080071fc       0x3c /home/yul/toolchain/arm-gnu-toolchain-12.2.rel1-x86_64-arm-none-eabi/bin/../lib/gcc/arm-none-eabi/12.2.1/../../../../arm-none-eabi/lib/thumb/v8-m.main+fp/hard/libc_nano.a(libc_a-fwalk.o)
                0x00000000080071fc                _fwalk_sglue
 .text.memset   0x0000000008007238       0x10 /home/yul/toolchain/arm-gnu-toolchain-12.2.rel1-x86_64-arm-none-eabi/bin/../lib/gcc/arm-none-eabi/12.2.1/../../../../arm-none-eabi/lib/thumb/v8-m.main+fp/hard/libc_nano.a(libc_a-memset.o)
                0x0000000008007238                memset
 .text._free_r  0x0000000008007248       0x94 /home/yul/toolchain/arm-gnu-toolchain-12.2.rel1-x86_64-arm-none-eabi/bin/../lib/gcc/arm-none-eabi/12.2.1/../../../../arm-none-eabi/lib/thumb/v8-m.main+fp/hard/libc_nano.a(libc_a-freer.o)
                0x0000000008007248                _free_r
 .text.__retarget_lock_init_recursive
                0x00000000080072dc        0x2 /home/yul/toolchain/arm-gnu-toolchain-12.2.rel1-x86_64-arm-none-eabi/bin/../lib/gcc/arm-none-eabi/12.2.1/../../../../arm-none-eabi/lib/thumb/v8-m.main+fp/hard/libc_nano.a(libc_a-lock.o)
                0x00000000080072dc                __retarget_lock_init_recursive
 .text.__retarget_lock_acquire_recursive
                0x00000000080072de        0x2 /home/yul/toolchain/arm-gnu-toolchain-12.2.rel1-x86_64-arm-none-eabi/bin/../lib/gcc/arm-none-eabi/12.2.1/../../../../arm-none-eabi/lib/thumb/v8-m.main+fp/hard/libc_nano.a(libc_a-lock.o)
                0x00000000080072de                __retarget_lock_acquire_recursive
 .text.__retarget_lock_release_recursive
                0x00000000080072e0        0x2 /home/yul/toolchain/arm-gnu-toolchain-12.2.rel1-x86_64-arm-none-eabi/bin/../lib/gcc/arm-none-eabi/12.2.1/../../../../arm-none-eabi/lib/thumb/v8-m.main+fp/hard/libc_nano.a(libc_a-lock.o)
                0x00000000080072e0                __retarget_lock_release_recursive
 .text.__swhatbuf_r
                0x00000000080072e2       0x4a /home/yul/toolchain/arm-gnu-toolchain-12.2.rel1-x86_64-arm-none-eabi/bin/../lib/gcc/arm-none-eabi/12.2.1/../../../../arm-none-eabi/lib/thumb/v8-m.main+fp/hard/libc_nano.a(libc_a-makebuf.o)
                0x00000000080072e2                __swhatbuf_r
 .text.__smakebuf_r
                0x000000000800732c       0x78 /home/yul/toolchain/arm-gnu-toolchain-12.2.rel1-x86_64-arm-none-eabi/bin/../lib/gcc/arm-none-eabi/12.2.1/../../../../arm-none-eabi/lib/thumb/v8-m.main+fp/hard/libc_nano.a(libc_a-makebuf.o)
                0x000000000800732c                __smakebuf_r
 .text._close_r
                0x00000000080073a4       0x20 /home/yul/toolchain/arm-gnu-toolchain-12.2.rel1-x86_64-arm-none-eabi/bin/../lib/gcc/arm-none-eabi/12.2.1/../../../../arm-none-eabi/lib/thumb/v8-m.main+fp/hard/libc_nano.a(libc_a-closer.o)
                0x00000000080073a4                _close_r
 .text.sbrk_aligned
                0x00000000080073c4       0x44 /home/yul/toolchain/arm-gnu-toolchain-12.2.rel1-x86_64-arm-none-eabi/bin/../lib/gcc/arm-none-eabi/12.2.1/../../../../arm-none-eabi/lib/thumb/v8-m.main+fp/hard/libc_nano.a(libc_a-mallocr.o)
 .text._malloc_r
                0x0000000008007408       0xf0 /home/yul/toolchain/arm-gnu-toolchain-12.2.rel1-x86_64-arm-none-eabi/bin/../lib/gcc/arm-none-eabi/12.2.1/../../../../arm-none-eabi/lib/thumb/v8-m.main+fp/hard/libc_nano.a(libc_a-mallocr.o)
                0x0000000008007408                _malloc_r
 .text._fstat_r
                0x00000000080074f8       0x24 /home/yul/toolchain/arm-gnu-toolchain-12.2.rel1-x86_64-arm-none-eabi/bin/../lib/gcc/arm-none-eabi/12.2.1/../../../../arm-none-eabi/lib/thumb/v8-m.main+fp/hard/libc_nano.a(libc_a-fstatr.o)
                0x00000000080074f8                _fstat_r
 .text._isatty_r
                0x000000000800751c       0x20 /home/yul/toolchain/arm-gnu-toolchain-12.2.rel1-x86_64-arm-none-eabi/bin/../lib/gcc/arm-none-eabi/12.2.1/../../../../arm-none-eabi/lib/thumb/v8-m.main+fp/hard/libc_nano.a(libc_a-isattyr.o)
                0x000000000800751c                _isatty_r
 .text._lseek_r
                0x000000000800753c       0x24 /home/yul/toolchain/arm-gnu-toolchain-12.2.rel1-x86_64-arm-none-eabi/bin/../lib/gcc/arm-none-eabi/12.2.1/../../../../arm-none-eabi/lib/thumb/v8-m.main+fp/hard/libc_nano.a(libc_a-lseekr.o)
                0x000000000800753c                _lseek_r
 .text._read_r  0x0000000008007560       0x24 /home/yul/toolchain/arm-gnu-toolchain-12.2.rel1-x86_64-arm-none-eabi/bin/../lib/gcc/arm-none-eabi/12.2.1/../../../../arm-none-eabi/lib/thumb/v8-m.main+fp/hard/libc_nano.a(libc_a-readr.o)
                0x0000000008007560                _read_r
 .text.__malloc_lock
                0x0000000008007584        0xc /home/yul/toolchain/arm-gnu-toolchain-12.2.rel1-x86_64-arm-none-eabi/bin/../lib/gcc/arm-none-eabi/12.2.1/../../../../arm-none-eabi/lib/thumb/v8-m.main+fp/hard/libc_nano.a(libc_a-mlock.o)
                0x0000000008007584                __malloc_lock
 .text.__malloc_unlock
                0x0000000008007590        0xc /home/yul/toolchain/arm-gnu-toolchain-12.2.rel1-x86_64-arm-none-eabi/bin/../lib/gcc/arm-none-eabi/12.2.1/../../../../arm-none-eabi/lib/thumb/v8-m.main+fp/hard/libc_nano.a(libc_a-mlock.o)
                0x0000000008007590                __malloc_unlock
 .text._sbrk_r  0x000000000800759c       0x20 /home/yul/toolchain/arm-gnu-toolchain-12.2.rel1-x86_64-arm-none-eabi/bin/../lib/gcc/arm-none-eabi/12.2.1/../../../../arm-none-eabi/lib/thumb/v8-m.main+fp/hard/libc_nano.a(libc_a-sbrkr.o)
                0x000000000800759c                _sbrk_r
 .text._close   0x00000000080075bc       0x10 /home/yul/toolchain/arm-gnu-toolchain-12.2.rel1-x86_64-arm-none-eabi/bin/../lib/gcc/arm-none-eabi/12.2.1/../../../../arm-none-eabi/lib/thumb/v8-m.main+fp/hard/libnosys.a(close.o)
                0x00000000080075bc                _close
 .text._fstat   0x00000000080075cc       0x10 /home/yul/toolchain/arm-gnu-toolchain-12.2.rel1-x86_64-arm-none-eabi/bin/../lib/gcc/arm-none-eabi/12.2.1/../../../../arm-none-eabi/lib/thumb/v8-m.main+fp/hard/libnosys.a(fstat.o)
                0x00000000080075cc                _fstat
 .text._isatty  0x00000000080075dc       0x10 /home/yul/toolchain/arm-gnu-toolchain-12.2.rel1-x86_64-arm-none-eabi/bin/../lib/gcc/arm-none-eabi/12.2.1/../../../../arm-none-eabi/lib/thumb/v8-m.main+fp/hard/libnosys.a(isatty.o)
                0x00000000080075dc                _isatty
 .text._lseek   0x00000000080075ec       0x10 /home/yul/toolchain/arm-gnu-toolchain-12.2.rel1-x86_64-arm-none-eabi/bin/../lib/gcc/arm-none-eabi/12.2.1/../../../../arm-none-eabi/lib/thumb/v8-m.main+fp/hard/libnosys.a(lseek.o)
                0x00000000080075ec                _lseek
 .text._read    0x00000000080075fc       0x10 /home/yul/toolchain/arm-gnu-toolchain-12.2.rel1-x86_64-arm-none-eabi/bin/../lib/gcc/arm-none-eabi/12.2.1/../../../../arm-none-eabi/lib/thumb/v8-m.main+fp/hard/libnosys.a(read.o)
                0x00000000080075fc                _read
 .text._sbrk    0x000000000800760c       0x20 /home/yul/toolchain/arm-gnu-toolchain-12.2.rel1-x86_64-arm-none-eabi/bin/../lib/gcc/arm-none-eabi/12.2.1/../../../../arm-none-eabi/lib/thumb/v8-m.main+fp/hard/libnosys.a(sbrk.o)
                0x000000000800760c                _sbrk
 .text._write   0x000000000800762c       0x10 /home/yul/toolchain/arm-gnu-toolchain-12.2.rel1-x86_64-arm-none-eabi/bin/../lib/gcc/arm-none-eabi/12.2.1/../../../../arm-none-eabi/lib/thumb/v8-m.main+fp/hard/libnosys.a(write.o)
                0x000000000800762c                _write
 *(.glue_7)
 .glue_7        0x000000000800763c        0x0 linker stubs
 *(.glue_7t)
 .glue_7t       0x000000000800763c        0x0 linker stubs
 *(.eh_frame)
 .eh_frame      0x000000000800763c        0x0 /home/yul/toolchain/arm-gnu-toolchain-12.2.rel1-x86_64-arm-none-eabi/bin/../lib/gcc/arm-none-eabi/12.2.1/thumb/v8-m.main+fp/hard/crtbegin.o
 *(.init)
 .init          0x000000000800763c        0x4 /home/yul/toolchain/arm-gnu-toolchain-12.2.rel1-x86_64-arm-none-eabi/bin/../lib/gcc/arm-none-eabi/12.2.1/thumb/v8-m.main+fp/hard/crti.o
                0x000000000800763c                _init
 .init          0x0000000008007640        0x8 /home/yul/toolchain/arm-gnu-toolchain-12.2.rel1-x86_64-arm-none-eabi/bin/../lib/gcc/arm-none-eabi/12.2.1/thumb/v8-m.main+fp/hard/crtn.o
 *(.fini)
 .fini          0x0000000008007648        0x4 /home/yul/toolchain/arm-gnu-toolchain-12.2.rel1-x86_64-arm-none-eabi/bin/../lib/gcc/arm-none-eabi/12.2.1/thumb/v8-m.main+fp/hard/crti.o
                0x0000000008007648                _fini
 .fini          0x000000000800764c        0x8 /home/yul/toolchain/arm-gnu-toolchain-12.2.rel1-x86_64-arm-none-eabi/bin/../lib/gcc/arm-none-eabi/12.2.1/thumb/v8-m.main+fp/hard/crtn.o
                0x0000000008007658                . = ALIGN (0x8)
 *fill*         0x0000000008007654        0x4 
                0x0000000008007658                _etext = .

.vfp11_veneer   0x0000000008007658        0x0
 .vfp11_veneer  0x0000000008007658        0x0 linker stubs

.v4_bx          0x0000000008007658        0x0
 .v4_bx         0x0000000008007658        0x0 linker stubs

.iplt           0x0000000008007658        0x0
 .iplt          0x0000000008007658        0x0 /home/yul/toolchain/arm-gnu-toolchain-12.2.rel1-x86_64-arm-none-eabi/bin/../lib/gcc/arm-none-eabi/12.2.1/thumb/v8-m.main+fp/hard/crtbegin.o

.rodata         0x0000000008007658     0x1008
                0x0000000008007658                . = ALIGN (0x8)
 *(.rodata)
 *(.rodata*)
 .rodata.keymap
                0x0000000008007658      0x3f0 build/keyboard.o
                0x0000000008007658                keymap
 .rodata.IS31FL3737_write_register.str1.4
                0x0000000008007a48       0x22 build/is31fl3737.o
 *fill*         0x0000000008007a6a        0x2 
 .rodata.IS31FL3737_write_pwm_buffer.str1.4
                0x0000000008007a6c       0x22 build/is31fl3737.o
 *fill*         0x0000000008007a8e        0x2 
 .rodata.bar_animation_accent_color
                0x0000000008007a90        0xc build/rgb.o
                0x0000000008007a90                bar_animation_accent_color
 .rodata.bar_ledmaps
                0x0000000008007a9c       0x6c build/rgb.o
                0x0000000008007a9c                bar_ledmaps
 .rodata.macro_ledmaps
                0x0000000008007b08       0xc0 build/rgb.o
                0x0000000008007b08                macro_ledmaps
 .rodata.fn_ledmaps
                0x0000000008007bc8       0xc0 build/rgb.o
                0x0000000008007bc8                fn_ledmaps
 .rodata.ledmaps
                0x0000000008007c88      0x900 build/rgb.o
                0x0000000008007c88                ledmaps
 .rodata.brightness_levels
                0x0000000008008588        0xb build/rgb.o
 *fill*         0x0000000008008593        0x1 
 .rodata.USBD_HID_ProductStrDescriptor.str1.4
                0x0000000008008594       0x16 build/usbd_desc.o
 *fill*         0x00000000080085aa        0x2 
 .rodata.USBD_HID_ManufacturerStrDescriptor.str1.4
                0x00000000080085ac       0x13 build/usbd_desc.o
 *fill*         0x00000000080085bf        0x1 
 .rodata.USBD_HID_ConfigStrDescriptor.str1.4
                0x00000000080085c0        0xb build/usbd_desc.o
 *fill*         0x00000000080085cb        0x1 
 .rodata.USBD_HID_InterfaceStrDescriptor.str1.4
                0x00000000080085cc        0xe build/usbd_desc.o
 *fill*         0x00000000080085da        0x2 
 .rodata.MSIRangeTable
                0x00000000080085dc       0x40 build/system_stm32l5xx.o
                0x00000000080085dc                MSIRangeTable
 .rodata.AHBPrescTable
                0x000000000800861c       0x10 build/system_stm32l5xx.o
                0x000000000800861c                AHBPrescTable
 .rodata._vfprintf_r.str1.1
                0x000000000800862c       0x11 /home/yul/toolchain/arm-gnu-toolchain-12.2.rel1-x86_64-arm-none-eabi/bin/../lib/gcc/arm-none-eabi/12.2.1/../../../../arm-none-eabi/lib/thumb/v8-m.main+fp/hard/libc_nano.a(libc_a-nano-vfprintf.o)
 .rodata._printf_i.str1.1
                0x000000000800863d       0x22 /home/yul/toolchain/arm-gnu-toolchain-12.2.rel1-x86_64-arm-none-eabi/bin/../lib/gcc/arm-none-eabi/12.2.1/../../../../arm-none-eabi/lib/thumb/v8-m.main+fp/hard/libc_nano.a(libc_a-nano-vfprintf_i.o)
                0x0000000008008660                . = ALIGN (0x8)
 *fill*         0x000000000800865f        0x1 

.rel.dyn        0x0000000008008660        0x0
 .rel.iplt      0x0000000008008660        0x0 /home/yul/toolchain/arm-gnu-toolchain-12.2.rel1-x86_64-arm-none-eabi/bin/../lib/gcc/arm-none-eabi/12.2.1/thumb/v8-m.main+fp/hard/crtbegin.o

.ARM.extab      0x0000000008008660        0x0
                0x0000000008008660                . = ALIGN (0x8)
 *(.ARM.extab* .gnu.linkonce.armextab.*)
                0x0000000008008660                . = ALIGN (0x8)

.ARM            0x0000000008008660        0x0
                0x0000000008008660                . = ALIGN (0x8)
                0x0000000008008660                __exidx_start = .
 *(.ARM.exidx*)
                0x0000000008008660                __exidx_end = .
                0x0000000008008660                . = ALIGN (0x8)

.preinit_array  0x0000000008008660        0x0
                0x0000000008008660                . = ALIGN (0x8)
                0x0000000008008660                PROVIDE (__preinit_array_start = .)
 *(.preinit_array*)
                0x0000000008008660                PROVIDE (__preinit_array_end = .)
                0x0000000008008660                . = ALIGN (0x8)

.init_array     0x0000000008008660        0x8
                0x0000000008008660                . = ALIGN (0x8)
                0x0000000008008660                PROVIDE (__init_array_start = .)
 *(SORT_BY_NAME(.init_array.*))
 *(.init_array*)
 .init_array    0x0000000008008660        0x4 /home/yul/toolchain/arm-gnu-toolchain-12.2.rel1-x86_64-arm-none-eabi/bin/../lib/gcc/arm-none-eabi/12.2.1/thumb/v8-m.main+fp/hard/crtbegin.o
                0x0000000008008664                PROVIDE (__init_array_end = .)
                0x0000000008008668                . = ALIGN (0x8)
 *fill*         0x0000000008008664        0x4 

.fini_array     0x0000000008008668        0x8
                0x0000000008008668                . = ALIGN (0x8)
                [!provide]                        PROVIDE (__fini_array_start = .)
 *(SORT_BY_NAME(.fini_array.*))
 *(.fini_array*)
 .fini_array    0x0000000008008668        0x4 /home/yul/toolchain/arm-gnu-toolchain-12.2.rel1-x86_64-arm-none-eabi/bin/../lib/gcc/arm-none-eabi/12.2.1/thumb/v8-m.main+fp/hard/crtbegin.o
                [!provide]                        PROVIDE (__fini_array_end = .)
                0x0000000008008670                . = ALIGN (0x8)
 *fill*         0x000000000800866c        0x4 
                0x0000000008008670                _sidata = LOADADDR (.data)

.data           0x0000000020000000      0x320 load address 0x0000000008008670
                0x0000000020000000                . = ALIGN (0x8)
                0x0000000020000000                _sdata = .
 *(.data)
 *(.data*)
 .data.gui_active
                0x0000000020000000        0x1 build/keyboard.o
 *fill*         0x0000000020000001        0x3 
 .data.g_is31_leds
                0x0000000020000004      0x180 build/rgb.o
                0x0000000020000004                g_is31_leds
 .data.ledbar_animation_flag
                0x0000000020000184        0x1 build/rgb.o
 .data.current_brightness
                0x0000000020000185        0x1 build/rgb.o
 *fill*         0x0000000020000186        0x2 
 .data.USBD_StringSerial
                0x0000000020000188       0x1a build/usbd_desc.o
                0x0000000020000188                USBD_StringSerial
 *fill*         0x00000000200001a2        0x2 
 .data.USBD_LangIDDesc
                0x00000000200001a4        0x4 build/usbd_desc.o
                0x00000000200001a4                USBD_LangIDDesc
 .data.USBD_HID_DeviceDesc
                0x00000000200001a8       0x12 build/usbd_desc.o
                0x00000000200001a8                USBD_HID_DeviceDesc
 *fill*         0x00000000200001ba        0x2 
 .data.HID_Desc
                0x00000000200001bc       0x1c build/usbd_desc.o
                0x00000000200001bc                HID_Desc
 .data.uwTickFreq
                0x00000000200001d8        0x1 build/stm32l5xx_hal.o
                0x00000000200001d8                uwTickFreq
 *fill*         0x00000000200001d9        0x3 
 .data.uwTickPrio
                0x00000000200001dc        0x4 build/stm32l5xx_hal.o
                0x00000000200001dc                uwTickPrio
 .data.SystemCoreClock
                0x00000000200001e0        0x4 build/system_stm32l5xx.o
                0x00000000200001e0                SystemCoreClock
 .data.HID_KEYBOARD_ReportDesc
                0x00000000200001e4       0x60 build/usbd_hid.o
 .data.USBD_HID_DeviceQualifierDesc
                0x0000000020000244        0xa build/usbd_hid.o
 *fill*         0x000000002000024e        0x2 
 .data.USBD_HID_Desc
                0x0000000020000250        0x9 build/usbd_hid.o
 *fill*         0x0000000020000259        0x3 
 .data.USBD_HID_CfgDesc
                0x000000002000025c       0x29 build/usbd_hid.o
 *fill*         0x0000000020000285        0x3 
 .data.USBD_HID
                0x0000000020000288       0x38 build/usbd_hid.o
                0x0000000020000288                USBD_HID
 .data._impure_ptr
                0x00000000200002c0        0x4 /home/yul/toolchain/arm-gnu-toolchain-12.2.rel1-x86_64-arm-none-eabi/bin/../lib/gcc/arm-none-eabi/12.2.1/../../../../arm-none-eabi/lib/thumb/v8-m.main+fp/hard/libc_nano.a(libc_a-impure.o)
                0x00000000200002c0                _impure_ptr
 .data._impure_data
                0x00000000200002c4       0x4c /home/yul/toolchain/arm-gnu-toolchain-12.2.rel1-x86_64-arm-none-eabi/bin/../lib/gcc/arm-none-eabi/12.2.1/../../../../arm-none-eabi/lib/thumb/v8-m.main+fp/hard/libc_nano.a(libc_a-impure.o)
                0x00000000200002c4                _impure_data
 .data.__sglue  0x0000000020000310        0xc /home/yul/toolchain/arm-gnu-toolchain-12.2.rel1-x86_64-arm-none-eabi/bin/../lib/gcc/arm-none-eabi/12.2.1/../../../../arm-none-eabi/lib/thumb/v8-m.main+fp/hard/libc_nano.a(libc_a-findfp.o)
                0x0000000020000310                __sglue
                0x0000000020000320                . = ALIGN (0x8)
 *fill*         0x000000002000031c        0x4 
                0x0000000020000320                _edata = .

.tm_clone_table
                0x0000000020000320        0x0 load address 0x0000000008008990
 .tm_clone_table
                0x0000000020000320        0x0 /home/yul/toolchain/arm-gnu-toolchain-12.2.rel1-x86_64-arm-none-eabi/bin/../lib/gcc/arm-none-eabi/12.2.1/thumb/v8-m.main+fp/hard/crtbegin.o
 .tm_clone_table
                0x0000000020000320        0x0 /home/yul/toolchain/arm-gnu-toolchain-12.2.rel1-x86_64-arm-none-eabi/bin/../lib/gcc/arm-none-eabi/12.2.1/thumb/v8-m.main+fp/hard/crtend.o

.igot.plt       0x0000000020000320        0x0 load address 0x0000000008008990
 .igot.plt      0x0000000020000320        0x0 /home/yul/toolchain/arm-gnu-toolchain-12.2.rel1-x86_64-arm-none-eabi/bin/../lib/gcc/arm-none-eabi/12.2.1/thumb/v8-m.main+fp/hard/crtbegin.o
                0x0000000020000320                . = ALIGN (0x8)

.bss            0x0000000020000320      0xc18 load address 0x0000000008008990
                0x0000000020000320                _sbss = .
                0x0000000020000320                __bss_start__ = _sbss
 *(.bss)
 *(.bss*)
 .bss.completed.1
                0x0000000020000320        0x1 /home/yul/toolchain/arm-gnu-toolchain-12.2.rel1-x86_64-arm-none-eabi/bin/../lib/gcc/arm-none-eabi/12.2.1/thumb/v8-m.main+fp/hard/crtbegin.o
 *fill*         0x0000000020000321        0x3 
 .bss.object.0  0x0000000020000324       0x18 /home/yul/toolchain/arm-gnu-toolchain-12.2.rel1-x86_64-arm-none-eabi/bin/../lib/gcc/arm-none-eabi/12.2.1/thumb/v8-m.main+fp/hard/crtbegin.o
 .bss.hi2c2     0x000000002000033c       0x54 build/main.o
                0x000000002000033c                hi2c2
 .bss.mediaHID  0x0000000020000390        0x2 build/keyboard.o
                0x0000000020000390                mediaHID
 *fill*         0x0000000020000392        0x2 
 .bss.ledsHID   0x0000000020000394        0x1 build/keyboard.o
                0x0000000020000394                ledsHID
 *fill*         0x0000000020000395        0x3 
 .bss.keyboardHID
                0x0000000020000398        0x9 build/keyboard.o
                0x0000000020000398                keyboardHID
 .bss.keyboard_update_needed
                0x00000000200003a1        0x1 build/keyboard.o
 .bss.media_update_needed
                0x00000000200003a2        0x1 build/keyboard.o
 .bss.led_pattern
                0x00000000200003a3        0x1 build/keyboard.o
 .bss.macro_layer
                0x00000000200003a4        0x1 build/keyboard.o
 .bss.function_layer
                0x00000000200003a5        0x1 build/keyboard.o
 .bss.base_layer
                0x00000000200003a6        0x1 build/keyboard.o
 .bss.number_of_keys
                0x00000000200003a7        0x1 build/keyboard.o
 .bss.matrix_medias
                0x00000000200003a8        0x1 build/keyboard.o
 .bss.matrix_modifiers
                0x00000000200003a9        0x1 build/keyboard.o
 *fill*         0x00000000200003aa        0x2 
 .bss.matrix_keys
                0x00000000200003ac        0x6 build/keyboard.o
 *fill*         0x00000000200003b2        0x2 
 .bss.old_matrix
                0x00000000200003b4        0xc build/keyboard.o
                0x00000000200003b4                old_matrix
 .bss.current_matrix
                0x00000000200003c0        0xc build/keyboard.o
                0x00000000200003c0                current_matrix
 .bss.g_pwm_buffer_update_required
                0x00000000200003cc        0x1 build/is31fl3737.o
                0x00000000200003cc                g_pwm_buffer_update_required
 *fill*         0x00000000200003cd        0x3 
 .bss.g_pwm_buffer
                0x00000000200003d0      0x180 build/is31fl3737.o
                0x00000000200003d0                g_pwm_buffer
 .bss.g_twi_transfer_buffer
                0x0000000020000550       0x14 build/is31fl3737.o
                0x0000000020000550                g_twi_transfer_buffer
 .bss.b4.0      0x0000000020000564        0x2 build/rgb.o
 .bss.g4.1      0x0000000020000566        0x2 build/rgb.o
 .bss.r4.2      0x0000000020000568        0x2 build/rgb.o
 .bss.iterations.3
                0x000000002000056a        0x1 build/rgb.o
 *fill*         0x000000002000056b        0x1 
 .bss.b_diff.4  0x000000002000056c        0x2 build/rgb.o
 .bss.g_diff.5  0x000000002000056e        0x2 build/rgb.o
 .bss.r_diff.6  0x0000000020000570        0x2 build/rgb.o
 .bss.b3.8      0x0000000020000572        0x2 build/rgb.o
 .bss.g3.9      0x0000000020000574        0x2 build/rgb.o
 .bss.r3.10     0x0000000020000576        0x2 build/rgb.o
 .bss.b2.11     0x0000000020000578        0x2 build/rgb.o
 .bss.g2.12     0x000000002000057a        0x2 build/rgb.o
 .bss.r2.13     0x000000002000057c        0x2 build/rgb.o
 .bss.b1.14     0x000000002000057e        0x2 build/rgb.o
 .bss.g1.15     0x0000000020000580        0x2 build/rgb.o
 .bss.r1.16     0x0000000020000582        0x2 build/rgb.o
 .bss.start.18  0x0000000020000584        0x4 build/rgb.o
 .bss.bar_animation_short_buffer
                0x0000000020000588        0xc build/rgb.o
 .bss.bar_animation_circular_buffer
                0x0000000020000594       0x24 build/rgb.o
 .bss.led_matrix_update_is_needed
                0x00000000200005b8        0x1 build/rgb.o
 .bss.animation_accent_color_position
                0x00000000200005b9        0x1 build/rgb.o
 *fill*         0x00000000200005ba        0x2 
 .bss.mem.0     0x00000000200005bc       0x14 build/usbd_conf.o
 .bss.hpcd_USB_FS
                0x00000000200005d0      0x330 build/usbd_conf.o
                0x00000000200005d0                hpcd_USB_FS
 .bss.hUsbDeviceFS
                0x0000000020000900      0x2dc build/usb_device.o
                0x0000000020000900                hUsbDeviceFS
 .bss.USBD_StrDesc
                0x0000000020000bdc      0x200 build/usbd_desc.o
                0x0000000020000bdc                USBD_StrDesc
 .bss.uwTick    0x0000000020000ddc        0x4 build/stm32l5xx_hal.o
                0x0000000020000ddc                uwTick
 .bss.cfgidx.0  0x0000000020000de0        0x1 build/usbd_ctlreq.o
 .bss.rx_buf    0x0000000020000de1        0x1 build/usbd_hid.o
 *fill*         0x0000000020000de2        0x2 
 .bss.__sf      0x0000000020000de4      0x138 /home/yul/toolchain/arm-gnu-toolchain-12.2.rel1-x86_64-arm-none-eabi/bin/../lib/gcc/arm-none-eabi/12.2.1/../../../../arm-none-eabi/lib/thumb/v8-m.main+fp/hard/libc_nano.a(libc_a-findfp.o)
                0x0000000020000de4                __sf
 .bss.__stdio_exit_handler
                0x0000000020000f1c        0x4 /home/yul/toolchain/arm-gnu-toolchain-12.2.rel1-x86_64-arm-none-eabi/bin/../lib/gcc/arm-none-eabi/12.2.1/../../../../arm-none-eabi/lib/thumb/v8-m.main+fp/hard/libc_nano.a(libc_a-findfp.o)
                0x0000000020000f1c                __stdio_exit_handler
 .bss.__lock___malloc_recursive_mutex
                0x0000000020000f20        0x1 /home/yul/toolchain/arm-gnu-toolchain-12.2.rel1-x86_64-arm-none-eabi/bin/../lib/gcc/arm-none-eabi/12.2.1/../../../../arm-none-eabi/lib/thumb/v8-m.main+fp/hard/libc_nano.a(libc_a-lock.o)
                0x0000000020000f20                __lock___malloc_recursive_mutex
 .bss.__lock___sfp_recursive_mutex
                0x0000000020000f21        0x1 /home/yul/toolchain/arm-gnu-toolchain-12.2.rel1-x86_64-arm-none-eabi/bin/../lib/gcc/arm-none-eabi/12.2.1/../../../../arm-none-eabi/lib/thumb/v8-m.main+fp/hard/libc_nano.a(libc_a-lock.o)
                0x0000000020000f21                __lock___sfp_recursive_mutex
 *fill*         0x0000000020000f22        0x2 
 .bss.errno     0x0000000020000f24        0x4 /home/yul/toolchain/arm-gnu-toolchain-12.2.rel1-x86_64-arm-none-eabi/bin/../lib/gcc/arm-none-eabi/12.2.1/../../../../arm-none-eabi/lib/thumb/v8-m.main+fp/hard/libc_nano.a(libc_a-reent.o)
                0x0000000020000f24                errno
 .bss.__malloc_sbrk_start
                0x0000000020000f28        0x4 /home/yul/toolchain/arm-gnu-toolchain-12.2.rel1-x86_64-arm-none-eabi/bin/../lib/gcc/arm-none-eabi/12.2.1/../../../../arm-none-eabi/lib/thumb/v8-m.main+fp/hard/libc_nano.a(libc_a-mallocr.o)
                0x0000000020000f28                __malloc_sbrk_start
 .bss.__malloc_free_list
                0x0000000020000f2c        0x4 /home/yul/toolchain/arm-gnu-toolchain-12.2.rel1-x86_64-arm-none-eabi/bin/../lib/gcc/arm-none-eabi/12.2.1/../../../../arm-none-eabi/lib/thumb/v8-m.main+fp/hard/libc_nano.a(libc_a-mallocr.o)
                0x0000000020000f2c                __malloc_free_list
 .bss.heap_end.0
                0x0000000020000f30        0x4 /home/yul/toolchain/arm-gnu-toolchain-12.2.rel1-x86_64-arm-none-eabi/bin/../lib/gcc/arm-none-eabi/12.2.1/../../../../arm-none-eabi/lib/thumb/v8-m.main+fp/hard/libnosys.a(sbrk.o)
 *(COMMON)
                0x0000000020000f38                . = ALIGN (0x8)
 *fill*         0x0000000020000f34        0x4 
                0x0000000020000f38                _ebss = .
                0x0000000020000f38                __bss_end__ = _ebss

._user_heap_stack
                0x0000000020000f38     0x4200 load address 0x0000000008008990
                0x0000000020000f38                . = ALIGN (0x8)
                0x0000000020000f38                PROVIDE (end = .)
                [!provide]                        PROVIDE (_end = .)
                0x0000000020001138                . = (. + _Min_Heap_Size)
 *fill*         0x0000000020000f38      0x200 
                0x0000000020005138                . = (. + _Min_Stack_Size)
 *fill*         0x0000000020001138     0x4000 
                0x0000000020005138                . = ALIGN (0x8)

/DISCARD/
 libc.a(*)
 libm.a(*)
 libgcc.a(*)

.ARM.attributes
                0x0000000000000000       0x36
 *(.ARM.attributes)
 .ARM.attributes
                0x0000000000000000       0x26 /home/yul/toolchain/arm-gnu-toolchain-12.2.rel1-x86_64-arm-none-eabi/bin/../lib/gcc/arm-none-eabi/12.2.1/thumb/v8-m.main+fp/hard/crti.o
 .ARM.attributes
                0x0000000000000026       0x38 /home/yul/toolchain/arm-gnu-toolchain-12.2.rel1-x86_64-arm-none-eabi/bin/../lib/gcc/arm-none-eabi/12.2.1/thumb/v8-m.main+fp/hard/crtbegin.o
 .ARM.attributes
                0x000000000000005e       0x3a build/main.o
 .ARM.attributes
                0x0000000000000098       0x3a build/stm32l5xx_it.o
 .ARM.attributes
                0x00000000000000d2       0x3a build/stm32l5xx_hal_msp.o
 .ARM.attributes
                0x000000000000010c       0x3a build/keyboard.o
 .ARM.attributes
                0x0000000000000146       0x3a build/is31fl3737.o
 .ARM.attributes
                0x0000000000000180       0x3a build/rgb.o
 .ARM.attributes
                0x00000000000001ba       0x3a build/usbd_conf.o
 .ARM.attributes
                0x00000000000001f4       0x3a build/usb_device.o
 .ARM.attributes
                0x000000000000022e       0x3a build/usbd_desc.o
 .ARM.attributes
                0x0000000000000268       0x3a build/stm32l5xx_hal_pcd.o
 .ARM.attributes
                0x00000000000002a2       0x3a build/stm32l5xx_hal_pcd_ex.o
 .ARM.attributes
                0x00000000000002dc       0x3a build/stm32l5xx_ll_usb.o
 .ARM.attributes
                0x0000000000000316       0x3a build/stm32l5xx_hal.o
 .ARM.attributes
                0x0000000000000350       0x3a build/stm32l5xx_hal_i2c.o
 .ARM.attributes
                0x000000000000038a       0x3a build/stm32l5xx_hal_i2c_ex.o
 .ARM.attributes
                0x00000000000003c4       0x3a build/stm32l5xx_hal_rcc.o
 .ARM.attributes
                0x00000000000003fe       0x3a build/stm32l5xx_hal_rcc_ex.o
 .ARM.attributes
                0x0000000000000438       0x3a build/stm32l5xx_hal_gpio.o
 .ARM.attributes
                0x0000000000000472       0x3a build/stm32l5xx_hal_pwr_ex.o
 .ARM.attributes
                0x00000000000004ac       0x3a build/stm32l5xx_hal_cortex.o
 .ARM.attributes
                0x00000000000004e6       0x3a build/stm32l5xx_hal_icache.o
 .ARM.attributes
                0x0000000000000520       0x3a build/system_stm32l5xx.o
 .ARM.attributes
                0x000000000000055a       0x3a build/usbd_core.o
 .ARM.attributes
                0x0000000000000594       0x3a build/usbd_ctlreq.o
 .ARM.attributes
                0x00000000000005ce       0x3a build/usbd_ioreq.o
 .ARM.attributes
                0x0000000000000608       0x3a build/usbd_hid.o
 .ARM.attributes
                0x0000000000000642       0x24 build/startup_stm32l562xx.o
 .ARM.attributes
                0x0000000000000666       0x38 /home/yul/toolchain/arm-gnu-toolchain-12.2.rel1-x86_64-arm-none-eabi/bin/../lib/gcc/arm-none-eabi/12.2.1/../../../../arm-none-eabi/lib/thumb/v8-m.main+fp/hard/libc_nano.a(libc_a-init.o)
 .ARM.attributes
                0x000000000000069e       0x38 /home/yul/toolchain/arm-gnu-toolchain-12.2.rel1-x86_64-arm-none-eabi/bin/../lib/gcc/arm-none-eabi/12.2.1/../../../../arm-none-eabi/lib/thumb/v8-m.main+fp/hard/libc_nano.a(libc_a-printf.o)
 .ARM.attributes
                0x00000000000006d6       0x38 /home/yul/toolchain/arm-gnu-toolchain-12.2.rel1-x86_64-arm-none-eabi/bin/../lib/gcc/arm-none-eabi/12.2.1/../../../../arm-none-eabi/lib/thumb/v8-m.main+fp/hard/libc_nano.a(libc_a-nano-vfprintf.o)
 .ARM.attributes
                0x000000000000070e       0x38 /home/yul/toolchain/arm-gnu-toolchain-12.2.rel1-x86_64-arm-none-eabi/bin/../lib/gcc/arm-none-eabi/12.2.1/../../../../arm-none-eabi/lib/thumb/v8-m.main+fp/hard/libc_nano.a(libc_a-wbuf.o)
 .ARM.attributes
                0x0000000000000746       0x38 /home/yul/toolchain/arm-gnu-toolchain-12.2.rel1-x86_64-arm-none-eabi/bin/../lib/gcc/arm-none-eabi/12.2.1/../../../../arm-none-eabi/lib/thumb/v8-m.main+fp/hard/libc_nano.a(libc_a-wsetup.o)
 .ARM.attributes
                0x000000000000077e       0x38 /home/yul/toolchain/arm-gnu-toolchain-12.2.rel1-x86_64-arm-none-eabi/bin/../lib/gcc/arm-none-eabi/12.2.1/../../../../arm-none-eabi/lib/thumb/v8-m.main+fp/hard/libc_nano.a(libc_a-nano-vfprintf_i.o)
 .ARM.attributes
                0x00000000000007b6       0x38 /home/yul/toolchain/arm-gnu-toolchain-12.2.rel1-x86_64-arm-none-eabi/bin/../lib/gcc/arm-none-eabi/12.2.1/../../../../arm-none-eabi/lib/thumb/v8-m.main+fp/hard/libc_nano.a(libc_a-puts.o)
 .ARM.attributes
                0x00000000000007ee       0x38 /home/yul/toolchain/arm-gnu-toolchain-12.2.rel1-x86_64-arm-none-eabi/bin/../lib/gcc/arm-none-eabi/12.2.1/../../../../arm-none-eabi/lib/thumb/v8-m.main+fp/hard/libc_nano.a(libc_a-impure.o)
 .ARM.attributes
                0x0000000000000826       0x38 /home/yul/toolchain/arm-gnu-toolchain-12.2.rel1-x86_64-arm-none-eabi/bin/../lib/gcc/arm-none-eabi/12.2.1/../../../../arm-none-eabi/lib/thumb/v8-m.main+fp/hard/libc_nano.a(libc_a-fflush.o)
 .ARM.attributes
                0x000000000000085e       0x38 /home/yul/toolchain/arm-gnu-toolchain-12.2.rel1-x86_64-arm-none-eabi/bin/../lib/gcc/arm-none-eabi/12.2.1/../../../../arm-none-eabi/lib/thumb/v8-m.main+fp/hard/libc_nano.a(libc_a-memchr-stub.o)
 .ARM.attributes
                0x0000000000000896       0x38 /home/yul/toolchain/arm-gnu-toolchain-12.2.rel1-x86_64-arm-none-eabi/bin/../lib/gcc/arm-none-eabi/12.2.1/../../../../arm-none-eabi/lib/thumb/v8-m.main+fp/hard/libc_nano.a(libc_a-findfp.o)
 .ARM.attributes
                0x00000000000008ce       0x38 /home/yul/toolchain/arm-gnu-toolchain-12.2.rel1-x86_64-arm-none-eabi/bin/../lib/gcc/arm-none-eabi/12.2.1/../../../../arm-none-eabi/lib/thumb/v8-m.main+fp/hard/libc_nano.a(libc_a-stdio.o)
 .ARM.attributes
                0x0000000000000906       0x38 /home/yul/toolchain/arm-gnu-toolchain-12.2.rel1-x86_64-arm-none-eabi/bin/../lib/gcc/arm-none-eabi/12.2.1/../../../../arm-none-eabi/lib/thumb/v8-m.main+fp/hard/libc_nano.a(libc_a-writer.o)
 .ARM.attributes
                0x000000000000093e       0x38 /home/yul/toolchain/arm-gnu-toolchain-12.2.rel1-x86_64-arm-none-eabi/bin/../lib/gcc/arm-none-eabi/12.2.1/../../../../arm-none-eabi/lib/thumb/v8-m.main+fp/hard/libc_nano.a(libc_a-fwalk.o)
 .ARM.attributes
                0x0000000000000976       0x38 /home/yul/toolchain/arm-gnu-toolchain-12.2.rel1-x86_64-arm-none-eabi/bin/../lib/gcc/arm-none-eabi/12.2.1/../../../../arm-none-eabi/lib/thumb/v8-m.main+fp/hard/libc_nano.a(libc_a-memset.o)
 .ARM.attributes
                0x00000000000009ae       0x38 /home/yul/toolchain/arm-gnu-toolchain-12.2.rel1-x86_64-arm-none-eabi/bin/../lib/gcc/arm-none-eabi/12.2.1/../../../../arm-none-eabi/lib/thumb/v8-m.main+fp/hard/libc_nano.a(libc_a-freer.o)
 .ARM.attributes
                0x00000000000009e6       0x38 /home/yul/toolchain/arm-gnu-toolchain-12.2.rel1-x86_64-arm-none-eabi/bin/../lib/gcc/arm-none-eabi/12.2.1/../../../../arm-none-eabi/lib/thumb/v8-m.main+fp/hard/libc_nano.a(libc_a-lock.o)
 .ARM.attributes
                0x0000000000000a1e       0x38 /home/yul/toolchain/arm-gnu-toolchain-12.2.rel1-x86_64-arm-none-eabi/bin/../lib/gcc/arm-none-eabi/12.2.1/../../../../arm-none-eabi/lib/thumb/v8-m.main+fp/hard/libc_nano.a(libc_a-makebuf.o)
 .ARM.attributes
                0x0000000000000a56       0x38 /home/yul/toolchain/arm-gnu-toolchain-12.2.rel1-x86_64-arm-none-eabi/bin/../lib/gcc/arm-none-eabi/12.2.1/../../../../arm-none-eabi/lib/thumb/v8-m.main+fp/hard/libc_nano.a(libc_a-closer.o)
 .ARM.attributes
                0x0000000000000a8e       0x38 /home/yul/toolchain/arm-gnu-toolchain-12.2.rel1-x86_64-arm-none-eabi/bin/../lib/gcc/arm-none-eabi/12.2.1/../../../../arm-none-eabi/lib/thumb/v8-m.main+fp/hard/libc_nano.a(libc_a-reent.o)
 .ARM.attributes
                0x0000000000000ac6       0x38 /home/yul/toolchain/arm-gnu-toolchain-12.2.rel1-x86_64-arm-none-eabi/bin/../lib/gcc/arm-none-eabi/12.2.1/../../../../arm-none-eabi/lib/thumb/v8-m.main+fp/hard/libc_nano.a(libc_a-mallocr.o)
 .ARM.attributes
                0x0000000000000afe       0x38 /home/yul/toolchain/arm-gnu-toolchain-12.2.rel1-x86_64-arm-none-eabi/bin/../lib/gcc/arm-none-eabi/12.2.1/../../../../arm-none-eabi/lib/thumb/v8-m.main+fp/hard/libc_nano.a(libc_a-fstatr.o)
 .ARM.attributes
                0x0000000000000b36       0x38 /home/yul/toolchain/arm-gnu-toolchain-12.2.rel1-x86_64-arm-none-eabi/bin/../lib/gcc/arm-none-eabi/12.2.1/../../../../arm-none-eabi/lib/thumb/v8-m.main+fp/hard/libc_nano.a(libc_a-isattyr.o)
 .ARM.attributes
                0x0000000000000b6e       0x38 /home/yul/toolchain/arm-gnu-toolchain-12.2.rel1-x86_64-arm-none-eabi/bin/../lib/gcc/arm-none-eabi/12.2.1/../../../../arm-none-eabi/lib/thumb/v8-m.main+fp/hard/libc_nano.a(libc_a-lseekr.o)
 .ARM.attributes
                0x0000000000000ba6       0x38 /home/yul/toolchain/arm-gnu-toolchain-12.2.rel1-x86_64-arm-none-eabi/bin/../lib/gcc/arm-none-eabi/12.2.1/../../../../arm-none-eabi/lib/thumb/v8-m.main+fp/hard/libc_nano.a(libc_a-readr.o)
 .ARM.attributes
                0x0000000000000bde       0x38 /home/yul/toolchain/arm-gnu-toolchain-12.2.rel1-x86_64-arm-none-eabi/bin/../lib/gcc/arm-none-eabi/12.2.1/../../../../arm-none-eabi/lib/thumb/v8-m.main+fp/hard/libc_nano.a(libc_a-mlock.o)
 .ARM.attributes
                0x0000000000000c16       0x38 /home/yul/toolchain/arm-gnu-toolchain-12.2.rel1-x86_64-arm-none-eabi/bin/../lib/gcc/arm-none-eabi/12.2.1/../../../../arm-none-eabi/lib/thumb/v8-m.main+fp/hard/libc_nano.a(libc_a-sbrkr.o)
 .ARM.attributes
                0x0000000000000c4e       0x38 /home/yul/toolchain/arm-gnu-toolchain-12.2.rel1-x86_64-arm-none-eabi/bin/../lib/gcc/arm-none-eabi/12.2.1/../../../../arm-none-eabi/lib/thumb/v8-m.main+fp/hard/libnosys.a(close.o)
 .ARM.attributes
                0x0000000000000c86       0x38 /home/yul/toolchain/arm-gnu-toolchain-12.2.rel1-x86_64-arm-none-eabi/bin/../lib/gcc/arm-none-eabi/12.2.1/../../../../arm-none-eabi/lib/thumb/v8-m.main+fp/hard/libnosys.a(fstat.o)
 .ARM.attributes
                0x0000000000000cbe       0x38 /home/yul/toolchain/arm-gnu-toolchain-12.2.rel1-x86_64-arm-none-eabi/bin/../lib/gcc/arm-none-eabi/12.2.1/../../../../arm-none-eabi/lib/thumb/v8-m.main+fp/hard/libnosys.a(isatty.o)
 .ARM.attributes
                0x0000000000000cf6       0x38 /home/yul/toolchain/arm-gnu-toolchain-12.2.rel1-x86_64-arm-none-eabi/bin/../lib/gcc/arm-none-eabi/12.2.1/../../../../arm-none-eabi/lib/thumb/v8-m.main+fp/hard/libnosys.a(lseek.o)
 .ARM.attributes
                0x0000000000000d2e       0x38 /home/yul/toolchain/arm-gnu-toolchain-12.2.rel1-x86_64-arm-none-eabi/bin/../lib/gcc/arm-none-eabi/12.2.1/../../../../arm-none-eabi/lib/thumb/v8-m.main+fp/hard/libnosys.a(read.o)
 .ARM.attributes
                0x0000000000000d66       0x38 /home/yul/toolchain/arm-gnu-toolchain-12.2.rel1-x86_64-arm-none-eabi/bin/../lib/gcc/arm-none-eabi/12.2.1/../../../../arm-none-eabi/lib/thumb/v8-m.main+fp/hard/libnosys.a(sbrk.o)
 .ARM.attributes
                0x0000000000000d9e       0x38 /home/yul/toolchain/arm-gnu-toolchain-12.2.rel1-x86_64-arm-none-eabi/bin/../lib/gcc/arm-none-eabi/12.2.1/../../../../arm-none-eabi/lib/thumb/v8-m.main+fp/hard/libnosys.a(write.o)
 .ARM.attributes
                0x0000000000000dd6       0x38 /home/yul/toolchain/arm-gnu-toolchain-12.2.rel1-x86_64-arm-none-eabi/bin/../lib/gcc/arm-none-eabi/12.2.1/thumb/v8-m.main+fp/hard/crtend.o
 .ARM.attributes
                0x0000000000000e0e       0x26 /home/yul/toolchain/arm-gnu-toolchain-12.2.rel1-x86_64-arm-none-eabi/bin/../lib/gcc/arm-none-eabi/12.2.1/thumb/v8-m.main+fp/hard/crtn.o
OUTPUT(build/asus_falchion.elf elf32-littlearm)
LOAD linker stubs
LOAD /home/yul/toolchain/arm-gnu-toolchain-12.2.rel1-x86_64-arm-none-eabi/bin/../lib/gcc/arm-none-eabi/12.2.1/../../../../arm-none-eabi/lib/thumb/v8-m.main+fp/hard/libc.a
LOAD /home/yul/toolchain/arm-gnu-toolchain-12.2.rel1-x86_64-arm-none-eabi/bin/../lib/gcc/arm-none-eabi/12.2.1/../../../../arm-none-eabi/lib/thumb/v8-m.main+fp/hard/libm.a
LOAD /home/yul/toolchain/arm-gnu-toolchain-12.2.rel1-x86_64-arm-none-eabi/bin/../lib/gcc/arm-none-eabi/12.2.1/thumb/v8-m.main+fp/hard/libgcc.a

.debug_info     0x0000000000000000    0x24530
 .debug_info    0x0000000000000000     0x190d build/main.o
 .debug_info    0x000000000000190d      0x92b build/stm32l5xx_it.o
 .debug_info    0x0000000000002238     0x1782 build/stm32l5xx_hal_msp.o
 .debug_info    0x00000000000039ba     0x2dd9 build/keyboard.o
 .debug_info    0x0000000000006793     0x1158 build/is31fl3737.o
 .debug_info    0x00000000000078eb     0x2b0e build/rgb.o
 .debug_info    0x000000000000a3f9     0x2f7a build/usbd_conf.o
 .debug_info    0x000000000000d373      0x758 build/usb_device.o